TinyGPS.h:58:8:bool TinyGPSLocation::isValid() const	16	static
TinyGPS.h:59:8:bool TinyGPSLocation::isUpdated() const	16	static
TinyGPS.h:170:8:bool TinyGPSInteger::isValid() const	16	static
TinyGPS.h:171:8:bool TinyGPSInteger::isUpdated() const	16	static
TinyGPS.h:175:12:uint32_t TinyGPSInteger::value()	16	static
Parser.h:35:7:Parser::Parser()	16	static
main.cpp:87:5:int main()	88	static
main.cpp:232:6:void SystemClock_Config()	88	static
main.cpp:274:13:void MX_ADC1_Init()	24	static
main.cpp:328:13:void MX_SPI1_Init()	8	static
main.cpp:365:13:void MX_TIM2_Init()	40	static
main.cpp:405:13:void MX_USART1_UART_Init()	8	static
main.cpp:449:13:void MX_USART2_UART_Init()	8	static
main.cpp:493:13:void MX_GPIO_Init()	48	static
main.cpp:556:6:void Error_Handler()	8	static,ignoring_inline_asm
ringbuffer.h:99:8:bool RingBuffer<Type, MaxElements>::isEmpty() const [with Type = unsigned char; unsigned int MaxElements = 128]	24	static
ringbuffer.h:42:8:bool RingBuffer<Type, MaxElements>::pop(Type*) [with Type = unsigned char; unsigned int MaxElements = 128]	32	static
ringbuffer.h:111:10:size_t RingBuffer<Type, MaxElements>::getTail() const [with Type = unsigned char; unsigned int MaxElements = 128]	16	static
main.cpp:563:1:void __static_initialization_and_destruction_0(int, int)	16	static
main.cpp:563:1:cpp)	8	static
