TinyGPS.h:155:13:uint32_t TinyGPSInteger::value()	16	static
Parser.h:34:7:Parser::Parser()	16	static
main.cpp:83:5:int main()	16	static
main.cpp:166:6:void SystemClock_Config()	88	static
main.cpp:211:13:void MX_ADC1_Init()	24	static
main.cpp:268:13:void MX_SPI1_Init()	8	static
main.cpp:308:13:void MX_TIM2_Init()	40	static
main.cpp:353:13:void MX_USART1_UART_Init()	8	static
main.cpp:401:13:void MX_USART2_UART_Init()	8	static
main.cpp:449:13:void MX_GPIO_Init()	48	static
main.cpp:514:6:void Error_Handler()	8	static,ignoring_inline_asm
main.cpp:523:1:void __static_initialization_and_destruction_0(int, int)	16	static
main.cpp:523:1:cpp)	8	static
