Parser.h:35:7:Parser::Parser()	16	static
main.cpp:85:5:int main()	40	static
main.cpp:194:6:void SystemClock_Config()	88	static
main.cpp:236:13:void MX_ADC1_Init()	24	static
main.cpp:290:13:void MX_SPI1_Init()	8	static
main.cpp:327:13:void MX_TIM2_Init()	40	static
main.cpp:367:13:void MX_USART1_UART_Init()	8	static
main.cpp:411:13:void MX_USART2_UART_Init()	8	static
main.cpp:455:13:void MX_GPIO_Init()	48	static
main.cpp:518:6:void Error_Handler()	8	static,ignoring_inline_asm
ringbuffer.h:127:6:bool RingBuffer<Type, MaxElements>::isEmpty() const [with Type = unsigned char; unsigned int MaxElements = 128]	24	static
ringbuffer.h:50:6:bool RingBuffer<Type, MaxElements>::pop(Type*) [with Type = unsigned char; unsigned int MaxElements = 128]	32	static
ringbuffer.h:142:8:size_t RingBuffer<Type, MaxElements>::getTail() const [with Type = unsigned char; unsigned int MaxElements = 128]	16	static
main.cpp:525:1:void __static_initialization_and_destruction_0(int, int)	16	static
main.cpp:525:1:cpp)	8	static
