../Core/Src/stm32g0xx_it.c:71:6:NMI_Handler	8	static
../Core/Src/stm32g0xx_it.c:86:6:HardFault_Handler	8	static
../Core/Src/stm32g0xx_it.c:101:6:SVC_Handler	8	static
../Core/Src/stm32g0xx_it.c:114:6:PendSV_Handler	8	static
../Core/Src/stm32g0xx_it.c:127:6:SysTick_Handler	8	static
../Core/Src/stm32g0xx_it.c:147:6:EXTI4_15_IRQHandler	8	static
../Core/Src/stm32g0xx_it.c:162:6:TIM2_IRQHandler	8	static
../Core/Src/stm32g0xx_it.c:176:6:SPI1_IRQHandler	8	static
../Core/Src/stm32g0xx_it.c:190:6:USART1_IRQHandler	8	static
