../Core/Src/SX1280Driver/SX1280.h:39:10:void SX1280Driver::SetIdleMode()	16	static
../Core/Src/Transmission/Transmission.h:53:7:void Transmission::resetTransmission()	16	static
../Core/Src/FHSS/FHSS.h:24:24:uint32_t GetInitialFreq()	8	static
../Core/Src/FHSS/FHSS.h:42:24:uint32_t FHSSgetNextFreq()	16	static
../Core/Src/Transmission/Transmission.cpp:27:20:void rxCallback()	8	static
../Core/Src/Transmission/Transmission.cpp:31:20:void txCallback()	8	static
../Core/Src/Transmission/Transmission.cpp:35:6:bool Transmission::begin(TIM_HandleTypeDef*)	16	static
../Core/Src/Transmission/Transmission.cpp:53:6:void Transmission::setLinkPhrase(const uint8_t*, uint32_t)	24	static
../Core/Src/Transmission/Transmission.cpp:65:6:void Transmission::setDirection(transmission_direction_e)	16	static
../Core/Src/Transmission/Transmission.cpp:74:6:void Transmission::setMode(transmission_mode_e)	16	static
../Core/Src/Transmission/Transmission.cpp:78:6:void Transmission::setPAGain(int8_t)	16	static
../Core/Src/Transmission/Transmission.cpp:86:6:void Transmission::setPowerLevel(int8_t)	16	static
../Core/Src/Transmission/Transmission.cpp:90:6:void Transmission::enableTransmission()	80	static
../Core/Src/Transmission/Transmission.cpp:132:6:void Transmission::disableTransmission()	16	static
../Core/Src/Transmission/Transmission.cpp:153:6:void Transmission::processRFPacket()	24	static
../Core/Src/Transmission/Transmission.cpp:169:6:void Transmission::rxDoneISR()	24	static
../Core/Src/Transmission/Transmission.cpp:188:6:void Transmission::txDoneISR()	24	static
../Core/Src/Transmission/Transmission.cpp:194:6:void Transmission::rxTimeout()	24	static
../Core/Src/Transmission/Transmission.cpp:216:6:void Transmission::txTransmit()	24	static
../Core/Src/Transmission/Transmission.cpp:230:26:transmission_direction_e Transmission::getDirection()	16	static
../Core/Src/Transmission/Transmission.cpp:234:6:void HAL_TIM_PeriodElapsedCallback(TIM_HandleTypeDef*)	16	static
../Core/Src/LQCALC/LQCALC.h:80:10:void LQCALC<N>::reset() [with unsigned char N = 30]	24	static
../Core/Src/LQCALC/LQCALC.h:27:10:void LQCALC<N>::inc() [with unsigned char N = 30]	16	static
../Core/Src/LQCALC/LQCALC.h:18:10:void LQCALC<N>::add() [with unsigned char N = 30]	16	static
../Core/Src/LQCALC/LQCALC.h:92:10:bool LQCALC<N>::currentIsSet() const [with unsigned char N = 30]	16	static
