TinyGPS.h:51:3:RawDegrees::RawDegrees()	16	static
TinyGPS.h:74:3:TinyGPSLocation::TinyGPSLocation()	16	static
TinyGPS.h:103:3:TinyGPSDate::TinyGPSDate()	16	static
TinyGPS.h:132:3:TinyGPSTime::TinyGPSTime()	16	static
TinyGPS.h:156:3:TinyGPSDecimal::TinyGPSDecimal()	16	static
TinyGPS.h:180:3:TinyGPSInteger::TinyGPSInteger()	16	static
TinyGPS.h:190:8:TinyGPSSpeed::TinyGPSSpeed()	16	static
TinyGPS.h:197:8:TinyGPSCourse::TinyGPSCourse()	16	static
TinyGPS.h:201:8:TinyGPSAltitude::TinyGPSAltitude()	16	static
TinyGPS.h:208:8:TinyGPSHDOP::TinyGPSHDOP()	16	static
TinyGPS.cpp:36:1:TinyGPSPlus::TinyGPSPlus()	16	static
TinyGPS.cpp:48:6:bool TinyGPSPlus::encode(char)	32	static
TinyGPS.cpp:90:5:int TinyGPSPlus::fromHex(char)	16	static
TinyGPS.cpp:101:9:static int32_t TinyGPSPlus::parseDecimal(const char*)	24	static
TinyGPS.cpp:118:6:static void TinyGPSPlus::parseDegrees(const char*, RawDegrees&)	32	static
TinyGPS.cpp:144:6:bool TinyGPSPlus::endOfTermHandler()	40	static
TinyGPS.cpp:273:8:static double TinyGPSPlus::distanceBetween(double, double, double, double)	96	static
TinyGPS.cpp:298:8:static double TinyGPSPlus::courseTo(double, double, double, double)	56	static
TinyGPS.cpp:317:13:static const char* TinyGPSPlus::cardinal(double)	24	static
TinyGPS.cpp:325:6:void TinyGPSLocation::commit()	16	static
TinyGPS.cpp:332:6:void TinyGPSLocation::setLatitude(const char*)	16	static
TinyGPS.cpp:336:6:void TinyGPSLocation::setLongitude(const char*)	16	static
TinyGPS.cpp:340:8:double TinyGPSLocation::lat()	40	static
TinyGPS.cpp:346:8:double TinyGPSLocation::lng()	40	static
TinyGPS.cpp:352:6:void TinyGPSDate::commit()	16	static
TinyGPS.cpp:358:6:void TinyGPSTime::commit()	16	static
TinyGPS.cpp:364:6:void TinyGPSTime::setTime(const char*)	16	static
TinyGPS.cpp:368:6:void TinyGPSDate::setDate(const char*)	16	static
TinyGPS.cpp:370:10:uint16_t TinyGPSDate::year()	24	static
TinyGPS.cpp:376:9:uint8_t TinyGPSDate::month()	16	static
TinyGPS.cpp:381:9:uint8_t TinyGPSDate::day()	16	static
TinyGPS.cpp:386:9:uint8_t TinyGPSTime::hour()	16	static
TinyGPS.cpp:391:9:uint8_t TinyGPSTime::minute()	16	static
TinyGPS.cpp:396:9:uint8_t TinyGPSTime::second()	16	static
TinyGPS.cpp:401:9:uint8_t TinyGPSTime::centisecond()	16	static
TinyGPS.cpp:406:6:void TinyGPSDecimal::commit()	16	static
TinyGPS.cpp:412:6:void TinyGPSDecimal::set(const char*)	16	static
TinyGPS.cpp:416:6:void TinyGPSInteger::commit()	16	static
TinyGPS.cpp:422:6:void TinyGPSInteger::set(const char*)	16	static
TinyGPS.cpp:424:1:TinyGPSCustom::TinyGPSCustom(TinyGPSPlus&, const char*, int)	24	static
TinyGPS.cpp:429:6:void TinyGPSCustom::begin(TinyGPSPlus&, const char*, int)	24	static
TinyGPS.cpp:442:6:void TinyGPSCustom::commit()	16	static
TinyGPS.cpp:448:6:void TinyGPSCustom::set(const char*)	16	static
TinyGPS.cpp:452:6:void TinyGPSPlus::insertCustom(TinyGPSCustom*, const char*, int)	32	static
