../Core/Src/TinyGPSPlus/TinyGPS.h:51:4:RawDegrees::RawDegrees()	16	static
../Core/Src/TinyGPSPlus/TinyGPS.h:67:4:TinyGPSLocation::TinyGPSLocation()	16	static
../Core/Src/TinyGPSPlus/TinyGPS.h:92:4:TinyGPSDate::TinyGPSDate()	16	static
../Core/Src/TinyGPSPlus/TinyGPS.h:117:4:TinyGPSTime::TinyGPSTime()	16	static
../Core/Src/TinyGPSPlus/TinyGPS.h:137:4:TinyGPSDecimal::TinyGPSDecimal()	16	static
../Core/Src/TinyGPSPlus/TinyGPS.h:157:4:TinyGPSInteger::TinyGPSInteger()	16	static
../Core/Src/TinyGPSPlus/TinyGPS.h:168:8:TinyGPSSpeed::TinyGPSSpeed()	16	static
../Core/Src/TinyGPSPlus/TinyGPS.h:176:8:TinyGPSCourse::TinyGPSCourse()	16	static
../Core/Src/TinyGPSPlus/TinyGPS.h:181:8:TinyGPSAltitude::TinyGPSAltitude()	16	static
../Core/Src/TinyGPSPlus/TinyGPS.h:189:8:TinyGPSHDOP::TinyGPSHDOP()	16	static
../Core/Src/TinyGPSPlus/TinyGPS.cpp:36:1:TinyGPSPlus::TinyGPSPlus()	16	static
../Core/Src/TinyGPSPlus/TinyGPS.cpp:57:6:bool TinyGPSPlus::encode(char)	32	static
../Core/Src/TinyGPSPlus/TinyGPS.cpp:104:5:int TinyGPSPlus::fromHex(char)	16	static
../Core/Src/TinyGPSPlus/TinyGPS.cpp:116:9:static int32_t TinyGPSPlus::parseDecimal(const char*)	24	static
../Core/Src/TinyGPSPlus/TinyGPS.cpp:133:6:static void TinyGPSPlus::parseDegrees(const char*, RawDegrees&)	32	static
../Core/Src/TinyGPSPlus/TinyGPS.cpp:160:6:bool TinyGPSPlus::endOfTermHandler()	40	static
../Core/Src/TinyGPSPlus/TinyGPS.cpp:286:8:static double TinyGPSPlus::distanceBetween(double, double, double, double)	96	static
../Core/Src/TinyGPSPlus/TinyGPS.cpp:311:8:static double TinyGPSPlus::courseTo(double, double, double, double)	56	static
../Core/Src/TinyGPSPlus/TinyGPS.cpp:331:13:static const char* TinyGPSPlus::cardinal(double)	24	static
../Core/Src/TinyGPSPlus/TinyGPS.cpp:338:6:void TinyGPSLocation::commit()	16	static
../Core/Src/TinyGPSPlus/TinyGPS.cpp:346:6:void TinyGPSLocation::setLatitude(const char*)	16	static
../Core/Src/TinyGPSPlus/TinyGPS.cpp:351:6:void TinyGPSLocation::setLongitude(const char*)	16	static
../Core/Src/TinyGPSPlus/TinyGPS.cpp:356:8:double TinyGPSLocation::lat()	40	static
../Core/Src/TinyGPSPlus/TinyGPS.cpp:363:8:double TinyGPSLocation::lng()	40	static
../Core/Src/TinyGPSPlus/TinyGPS.cpp:370:6:void TinyGPSDate::commit()	16	static
../Core/Src/TinyGPSPlus/TinyGPS.cpp:377:6:void TinyGPSTime::commit()	16	static
../Core/Src/TinyGPSPlus/TinyGPS.cpp:384:6:void TinyGPSTime::setTime(const char*)	16	static
../Core/Src/TinyGPSPlus/TinyGPS.cpp:389:6:void TinyGPSDate::setDate(const char*)	16	static
../Core/Src/TinyGPSPlus/TinyGPS.cpp:394:10:uint16_t TinyGPSDate::year()	24	static
../Core/Src/TinyGPSPlus/TinyGPS.cpp:401:9:uint8_t TinyGPSDate::month()	16	static
../Core/Src/TinyGPSPlus/TinyGPS.cpp:407:9:uint8_t TinyGPSDate::day()	16	static
../Core/Src/TinyGPSPlus/TinyGPS.cpp:413:9:uint8_t TinyGPSTime::hour()	16	static
../Core/Src/TinyGPSPlus/TinyGPS.cpp:419:9:uint8_t TinyGPSTime::minute()	16	static
../Core/Src/TinyGPSPlus/TinyGPS.cpp:425:9:uint8_t TinyGPSTime::second()	16	static
../Core/Src/TinyGPSPlus/TinyGPS.cpp:431:9:uint8_t TinyGPSTime::centisecond()	16	static
../Core/Src/TinyGPSPlus/TinyGPS.cpp:437:6:void TinyGPSDecimal::commit()	16	static
../Core/Src/TinyGPSPlus/TinyGPS.cpp:444:6:void TinyGPSDecimal::set(const char*)	16	static
../Core/Src/TinyGPSPlus/TinyGPS.cpp:449:6:void TinyGPSInteger::commit()	16	static
../Core/Src/TinyGPSPlus/TinyGPS.cpp:456:6:void TinyGPSInteger::set(const char*)	16	static
../Core/Src/TinyGPSPlus/TinyGPS.cpp:461:1:TinyGPSCustom::TinyGPSCustom(TinyGPSPlus&, const char*, int)	24	static
../Core/Src/TinyGPSPlus/TinyGPS.cpp:466:6:void TinyGPSCustom::begin(TinyGPSPlus&, const char*, int)	24	static
../Core/Src/TinyGPSPlus/TinyGPS.cpp:479:6:void TinyGPSCustom::commit()	16	static
../Core/Src/TinyGPSPlus/TinyGPS.cpp:486:6:void TinyGPSCustom::set(const char*)	16	static
../Core/Src/TinyGPSPlus/TinyGPS.cpp:491:6:void TinyGPSPlus::insertCustom(TinyGPSCustom*, const char*, int)	32	static
