core_cm0plus.h:741:22:__NVIC_EnableIRQ	16	static,ignoring_inline_asm
core_cm0plus.h:779:22:__NVIC_DisableIRQ	16	static,ignoring_inline_asm
core_cm0plus.h:798:26:__NVIC_GetPendingIRQ	16	static
core_cm0plus.h:817:22:__NVIC_SetPendingIRQ	16	static
core_cm0plus.h:832:22:__NVIC_ClearPendingIRQ	16	static
core_cm0plus.h:850:22:__NVIC_SetPriority	24	static
core_cm0plus.h:874:26:__NVIC_GetPriority	16	static
core_cm0plus.h:985:34:__NVIC_SystemReset	8	static,ignoring_inline_asm
core_cm0plus.h:1056:26:SysTick_Config	16	static
stm32g0xx_hal_cortex.c:138:6:HAL_NVIC_SetPriority	24	static
stm32g0xx_hal_cortex.c:153:6:HAL_NVIC_EnableIRQ	16	static
stm32g0xx_hal_cortex.c:169:6:HAL_NVIC_DisableIRQ	16	static
stm32g0xx_hal_cortex.c:181:6:HAL_NVIC_SystemReset	8	static
stm32g0xx_hal_cortex.c:194:10:HAL_SYSTICK_Config	16	static
stm32g0xx_hal_cortex.c:225:10:HAL_NVIC_GetPriority	16	static
stm32g0xx_hal_cortex.c:238:6:HAL_NVIC_SetPendingIRQ	16	static
stm32g0xx_hal_cortex.c:256:10:HAL_NVIC_GetPendingIRQ	16	static
stm32g0xx_hal_cortex.c:272:6:HAL_NVIC_ClearPendingIRQ	16	static
stm32g0xx_hal_cortex.c:290:6:HAL_SYSTICK_CLKSourceConfig	16	static
stm32g0xx_hal_cortex.c:304:6:HAL_SYSTICK_IRQHandler	8	static
stm32g0xx_hal_cortex.c:310:13:HAL_SYSTICK_Callback	8	static
stm32g0xx_hal_cortex.c:328:6:HAL_MPU_Enable	16	static,ignoring_inline_asm
stm32g0xx_hal_cortex.c:341:6:HAL_MPU_Disable	8	static,ignoring_inline_asm
stm32g0xx_hal_cortex.c:355:6:HAL_MPU_ConfigRegion	16	static
