stm32g0xx_hal_pwr_ex.c:139:6:HAL_PWREx_EnableBatteryCharging	24	static
stm32g0xx_hal_pwr_ex.c:152:6:HAL_PWREx_DisableBatteryCharging	8	static
stm32g0xx_hal_pwr_ex.c:164:6:HAL_PWREx_EnablePORMonitorSampling	8	static
stm32g0xx_hal_pwr_ex.c:170:6:HAL_PWREx_DisablePORMonitorSampling	8	static
stm32g0xx_hal_pwr_ex.c:185:19:HAL_PWREx_ConfigPVD	16	static
stm32g0xx_hal_pwr_ex.c:225:6:HAL_PWREx_EnablePVD	8	static
stm32g0xx_hal_pwr_ex.c:231:6:HAL_PWREx_DisablePVD	8	static
stm32g0xx_hal_pwr_ex.c:346:6:HAL_PWREx_EnableInternalWakeUpLine	8	static
stm32g0xx_hal_pwr_ex.c:354:6:HAL_PWREx_DisableInternalWakeUpLine	8	static
stm32g0xx_hal_pwr_ex.c:377:19:HAL_PWREx_EnableGPIOPullUp	24	static
stm32g0xx_hal_pwr_ex.c:437:19:HAL_PWREx_DisableGPIOPullUp	24	static
stm32g0xx_hal_pwr_ex.c:497:19:HAL_PWREx_EnableGPIOPullDown	24	static
stm32g0xx_hal_pwr_ex.c:557:19:HAL_PWREx_DisableGPIOPullDown	24	static
stm32g0xx_hal_pwr_ex.c:610:6:HAL_PWREx_EnablePullUpPullDownConfig	8	static
stm32g0xx_hal_pwr_ex.c:621:6:HAL_PWREx_DisablePullUpPullDownConfig	8	static
stm32g0xx_hal_pwr_ex.c:632:6:HAL_PWREx_EnableSRAMRetention	8	static
stm32g0xx_hal_pwr_ex.c:640:6:HAL_PWREx_DisableSRAMRetention	8	static
stm32g0xx_hal_pwr_ex.c:653:6:HAL_PWREx_EnableFlashPowerDown	16	static
stm32g0xx_hal_pwr_ex.c:669:6:HAL_PWREx_DisableFlashPowerDown	16	static
stm32g0xx_hal_pwr_ex.c:681:10:HAL_PWREx_GetVoltageRange	8	static
stm32g0xx_hal_pwr_ex.c:702:19:HAL_PWREx_ControlVoltageScaling	24	static
stm32g0xx_hal_pwr_ex.c:738:6:HAL_PWREx_EnableLowPowerRunMode	8	static
stm32g0xx_hal_pwr_ex.c:751:19:HAL_PWREx_DisableLowPowerRunMode	16	static
stm32g0xx_hal_pwr_ex.c:791:6:HAL_PWREx_EnterSHUTDOWNMode	8	static,ignoring_inline_asm
stm32g0xx_hal_pwr_ex.c:877:6:HAL_PWREx_PVD_IRQHandler	8	static
stm32g0xx_hal_pwr_ex.c:901:13:HAL_PWREx_PVD_Rising_Callback	8	static
stm32g0xx_hal_pwr_ex.c:911:13:HAL_PWREx_PVD_Falling_Callback	8	static
