stm32g0xx_hal.c:145:19:HAL_Init	16	static
stm32g0xx_hal.c:180:19:HAL_DeInit	8	static
stm32g0xx_hal.c:205:13:HAL_MspInit	8	static
stm32g0xx_hal.c:215:13:HAL_MspDeInit	8	static
stm32g0xx_hal.c:238:26:HAL_InitTick	32	static
stm32g0xx_hal.c:298:13:HAL_IncTick	8	static
stm32g0xx_hal.c:306:17:HAL_GetTick	8	static
stm32g0xx_hal.c:312:10:HAL_GetTickPrio	8	static
stm32g0xx_hal.c:318:19:HAL_SetTickFreq	40	static
stm32g0xx_hal.c:345:21:HAL_GetTickFreq	8	static
stm32g0xx_hal.c:358:13:HAL_Delay	24	static
stm32g0xx_hal.c:381:13:HAL_SuspendTick	8	static
stm32g0xx_hal.c:396:13:HAL_ResumeTick	8	static
stm32g0xx_hal.c:405:10:HAL_GetHalVersion	8	static
stm32g0xx_hal.c:411:10:HAL_GetREVID	8	static
stm32g0xx_hal.c:419:10:HAL_GetDEVID	8	static
stm32g0xx_hal.c:426:10:HAL_GetUIDw0	8	static
stm32g0xx_hal.c:433:10:HAL_GetUIDw1	8	static
stm32g0xx_hal.c:442:10:HAL_GetUIDw2	8	static
stm32g0xx_hal.c:469:6:HAL_DBGMCU_EnableDBGStopMode	8	static
stm32g0xx_hal.c:475:6:HAL_DBGMCU_DisableDBGStopMode	8	static
stm32g0xx_hal.c:483:6:HAL_DBGMCU_EnableDBGStandbyMode	8	static
stm32g0xx_hal.c:491:6:HAL_DBGMCU_DisableDBGStandbyMode	8	static
stm32g0xx_hal.c:526:6:HAL_SYSCFG_VREFBUF_VoltageScalingConfig	16	static
stm32g0xx_hal.c:540:6:HAL_SYSCFG_VREFBUF_HighImpedanceConfig	16	static
stm32g0xx_hal.c:556:6:HAL_SYSCFG_VREFBUF_TrimmingConfig	16	static
stm32g0xx_hal.c:567:19:HAL_SYSCFG_EnableVREFBUF	16	static
stm32g0xx_hal.c:590:6:HAL_SYSCFG_DisableVREFBUF	8	static
stm32g0xx_hal.c:599:6:HAL_SYSCFG_EnableIOAnalogSwitchBooster	8	static
stm32g0xx_hal.c:607:6:HAL_SYSCFG_DisableIOAnalogSwitchBooster	8	static
stm32g0xx_hal.c:619:6:HAL_SYSCFG_EnableRemap	16	static
stm32g0xx_hal.c:633:6:HAL_SYSCFG_DisableRemap	16	static
stm32g0xx_hal.c:677:6:HAL_SYSCFG_StrobeDBattpinsConfig	16	static
