stm32g0xx_ll_rcc.h:1791:26:LL_RCC_GetAPB1Prescaler	8	static
stm32g0xx_hal_rcc.c:233:19:HAL_RCC_DeInit	16	static
stm32g0xx_hal_rcc.c:317:19:HAL_RCC_OscConfig	40	static
stm32g0xx_hal_rcc.c:759:19:HAL_RCC_ClockConfig	24	static
stm32g0xx_hal_rcc.c:1001:6:HAL_RCC_MCOConfig	48	static
stm32g0xx_hal_rcc.c:1087:10:HAL_RCC_GetSysClockFreq	32	static
stm32g0xx_hal_rcc.c:1146:10:HAL_RCC_GetHCLKFreq	8	static
stm32g0xx_hal_rcc.c:1155:10:HAL_RCC_GetPCLK1Freq	16	static
stm32g0xx_hal_rcc.c:1168:6:HAL_RCC_GetOscConfig	16	static
stm32g0xx_hal_rcc.c:1252:6:HAL_RCC_GetClockConfig	16	static
stm32g0xx_hal_rcc.c:1285:6:HAL_RCC_EnableCSS	8	static
stm32g0xx_hal_rcc.c:1298:6:HAL_RCC_EnableLSECSS	8	static
stm32g0xx_hal_rcc.c:1306:6:HAL_RCC_DisableLSECSS	8	static
stm32g0xx_hal_rcc.c:1313:6:HAL_RCC_NMI_IRQHandler	16	static
stm32g0xx_hal_rcc.c:1336:13:HAL_RCC_CSSCallback	8	static
stm32g0xx_hal_rcc.c:1346:13:HAL_RCC_LSECSSCallback	8	static
stm32g0xx_hal_rcc.c:1358:10:HAL_RCC_GetResetSource	16	static
