stm32g0xx_hal_pwr_ex.c:132:6:HAL_PWREx_EnableBatteryCharging	24	static
stm32g0xx_hal_pwr_ex.c:147:6:HAL_PWREx_DisableBatteryCharging	8	static
stm32g0xx_hal_pwr_ex.c:160:6:HAL_PWREx_EnablePORMonitorSampling	8	static
stm32g0xx_hal_pwr_ex.c:170:6:HAL_PWREx_DisablePORMonitorSampling	8	static
stm32g0xx_hal_pwr_ex.c:188:19:HAL_PWREx_ConfigPVD	16	static
stm32g0xx_hal_pwr_ex.c:234:6:HAL_PWREx_EnablePVD	8	static
stm32g0xx_hal_pwr_ex.c:244:6:HAL_PWREx_DisablePVD	8	static
stm32g0xx_hal_pwr_ex.c:382:6:HAL_PWREx_EnableInternalWakeUpLine	8	static
stm32g0xx_hal_pwr_ex.c:391:6:HAL_PWREx_DisableInternalWakeUpLine	8	static
stm32g0xx_hal_pwr_ex.c:415:19:HAL_PWREx_EnableGPIOPullUp	24	static
stm32g0xx_hal_pwr_ex.c:477:19:HAL_PWREx_DisableGPIOPullUp	24	static
stm32g0xx_hal_pwr_ex.c:539:19:HAL_PWREx_EnableGPIOPullDown	24	static
stm32g0xx_hal_pwr_ex.c:601:19:HAL_PWREx_DisableGPIOPullDown	24	static
stm32g0xx_hal_pwr_ex.c:654:6:HAL_PWREx_EnablePullUpPullDownConfig	8	static
stm32g0xx_hal_pwr_ex.c:665:6:HAL_PWREx_DisablePullUpPullDownConfig	8	static
stm32g0xx_hal_pwr_ex.c:677:6:HAL_PWREx_EnableSRAMRetention	8	static
stm32g0xx_hal_pwr_ex.c:689:6:HAL_PWREx_DisableSRAMRetention	8	static
stm32g0xx_hal_pwr_ex.c:705:6:HAL_PWREx_EnableFlashPowerDown	16	static
stm32g0xx_hal_pwr_ex.c:723:6:HAL_PWREx_DisableFlashPowerDown	16	static
stm32g0xx_hal_pwr_ex.c:737:10:HAL_PWREx_GetVoltageRange	8	static
stm32g0xx_hal_pwr_ex.c:763:19:HAL_PWREx_ControlVoltageScaling	24	static
stm32g0xx_hal_pwr_ex.c:804:6:HAL_PWREx_EnableLowPowerRunMode	8	static
stm32g0xx_hal_pwr_ex.c:819:19:HAL_PWREx_DisableLowPowerRunMode	16	static
stm32g0xx_hal_pwr_ex.c:861:6:HAL_PWREx_EnterSHUTDOWNMode	8	static,ignoring_inline_asm
stm32g0xx_hal_pwr_ex.c:955:6:HAL_PWREx_PVD_IRQHandler	8	static
stm32g0xx_hal_pwr_ex.c:982:13:HAL_PWREx_PVD_Rising_Callback	8	static
stm32g0xx_hal_pwr_ex.c:993:13:HAL_PWREx_PVD_Falling_Callback	8	static
