stm32g0xx_hal_flash_ex.c:156:19:HAL_FLASHEx_Erase	32	static
stm32g0xx_hal_flash_ex.c:228:19:HAL_FLASHEx_Erase_IT	32	static
stm32g0xx_hal_flash_ex.c:299:19:HAL_FLASHEx_OBProgram	32	static
stm32g0xx_hal_flash_ex.c:423:6:HAL_FLASHEx_OBGetConfig	16	static
stm32g0xx_hal_flash_ex.c:466:6:HAL_FLASHEx_EnableDebugger	8	static
stm32g0xx_hal_flash_ex.c:478:6:HAL_FLASHEx_DisableDebugger	8	static
stm32g0xx_hal_flash_ex.c:490:10:HAL_FLASHEx_FlashEmptyCheck	8	static
stm32g0xx_hal_flash_ex.c:504:6:HAL_FLASHEx_ForceFlashEmpty	24	static
stm32g0xx_hal_flash_ex.c:526:6:HAL_FLASHEx_EnableSecMemProtection	16	static
stm32g0xx_hal_flash_ex.c:570:13:FLASH_MassErase	16	static
stm32g0xx_hal_flash_ex.c:590:6:FLASH_PageErase	24	static
stm32g0xx_hal_flash_ex.c:621:6:FLASH_FlushCaches	8	static
stm32g0xx_hal_flash_ex.c:658:13:FLASH_OB_WRPConfig	24	static
stm32g0xx_hal_flash_ex.c:701:13:FLASH_OB_GetWRP	24	static
stm32g0xx_hal_flash_ex.c:764:13:FLASH_OB_OptrConfig	32	static
stm32g0xx_hal_flash_ex.c:787:17:FLASH_OB_GetRDP	16	static
stm32g0xx_hal_flash_ex.c:823:17:FLASH_OB_GetUser	16	static
stm32g0xx_hal_flash_ex.c:845:13:FLASH_OB_PCROP1AConfig	40	static
stm32g0xx_hal_flash_ex.c:918:13:FLASH_OB_PCROP1BConfig	32	static
stm32g0xx_hal_flash_ex.c:965:13:FLASH_OB_GetPCROP1A	32	static
stm32g0xx_hal_flash_ex.c:1004:13:FLASH_OB_GetPCROP1B	24	static
stm32g0xx_hal_flash_ex.c:1262:13:FLASH_OB_SecMemConfig	24	static
stm32g0xx_hal_flash_ex.c:1282:13:FLASH_OB_GetSecMem	24	static
