stm32g0xx_hal_flash_ex.c:171:19:HAL_FLASHEx_Erase	32	static
stm32g0xx_hal_flash_ex.c:239:19:HAL_FLASHEx_Erase_IT	32	static
stm32g0xx_hal_flash_ex.c:304:19:HAL_FLASHEx_OBProgram	32	static
stm32g0xx_hal_flash_ex.c:422:6:HAL_FLASHEx_OBGetConfig	16	static
stm32g0xx_hal_flash_ex.c:467:6:HAL_FLASHEx_EnableDebugger	8	static
stm32g0xx_hal_flash_ex.c:475:6:HAL_FLASHEx_DisableDebugger	8	static
stm32g0xx_hal_flash_ex.c:484:10:HAL_FLASHEx_FlashEmptyCheck	8	static
stm32g0xx_hal_flash_ex.c:496:6:HAL_FLASHEx_ForceFlashEmpty	24	static
stm32g0xx_hal_flash_ex.c:517:6:HAL_FLASHEx_EnableSecMemProtection	16	static
stm32g0xx_hal_flash_ex.c:556:13:FLASH_MassErase	16	static
stm32g0xx_hal_flash_ex.c:576:6:FLASH_PageErase	24	static
stm32g0xx_hal_flash_ex.c:604:6:FLASH_FlushCaches	8	static
stm32g0xx_hal_flash_ex.c:640:13:FLASH_OB_WRPConfig	24	static
stm32g0xx_hal_flash_ex.c:682:13:FLASH_OB_GetWRP	24	static
stm32g0xx_hal_flash_ex.c:744:13:FLASH_OB_OptrConfig	32	static
stm32g0xx_hal_flash_ex.c:767:17:FLASH_OB_GetRDP	16	static
stm32g0xx_hal_flash_ex.c:800:17:FLASH_OB_GetUser	16	static
stm32g0xx_hal_flash_ex.c:825:13:FLASH_OB_PCROP1AConfig	40	static
stm32g0xx_hal_flash_ex.c:901:13:FLASH_OB_PCROP1BConfig	32	static
stm32g0xx_hal_flash_ex.c:948:13:FLASH_OB_GetPCROP1A	32	static
stm32g0xx_hal_flash_ex.c:988:13:FLASH_OB_GetPCROP1B	24	static
stm32g0xx_hal_flash_ex.c:1244:13:FLASH_OB_SecMemConfig	24	static
stm32g0xx_hal_flash_ex.c:1263:13:FLASH_OB_GetSecMem	24	static
