stm32g0xx_hal_pwr.c:75:6:HAL_PWR_DeInit	8	static
stm32g0xx_hal_pwr.c:231:6:HAL_PWR_EnableBkUpAccess	8	static
stm32g0xx_hal_pwr.c:237:6:HAL_PWR_DisableBkUpAccess	8	static
stm32g0xx_hal_pwr.c:258:6:HAL_PWR_EnableWakeUpPin	16	static
stm32g0xx_hal_pwr.c:279:6:HAL_PWR_DisableWakeUpPin	16	static
stm32g0xx_hal_pwr.c:311:6:HAL_PWR_EnterSLEEPMode	16	static,ignoring_inline_asm
stm32g0xx_hal_pwr.c:380:6:HAL_PWR_EnterSTOPMode	16	static,ignoring_inline_asm
stm32g0xx_hal_pwr.c:428:6:HAL_PWR_EnterSTANDBYMode	8	static,ignoring_inline_asm
stm32g0xx_hal_pwr.c:453:6:HAL_PWR_EnableSleepOnExit	8	static
stm32g0xx_hal_pwr.c:465:6:HAL_PWR_DisableSleepOnExit	8	static
stm32g0xx_hal_pwr.c:477:6:HAL_PWR_EnableSEVOnPend	8	static
stm32g0xx_hal_pwr.c:488:6:HAL_PWR_DisableSEVOnPend	8	static
