stm32g0xx_hal_tim_ex.c:160:1:HAL_TIMEx_HallSensor_Init	48	static
stm32g0xx_hal_tim_ex.c:261:19:HAL_TIMEx_HallSensor_DeInit	16	static
stm32g0xx_hal_tim_ex.c:304:13:HAL_TIMEx_HallSensor_MspInit	16	static
stm32g0xx_hal_tim_ex.c:319:13:HAL_TIMEx_HallSensor_MspDeInit	16	static
stm32g0xx_hal_tim_ex.c:334:19:HAL_TIMEx_HallSensor_Start	40	static
stm32g0xx_hal_tim_ex.c:387:19:HAL_TIMEx_HallSensor_Stop	16	static
stm32g0xx_hal_tim_ex.c:414:19:HAL_TIMEx_HallSensor_Start_IT	40	static
stm32g0xx_hal_tim_ex.c:470:19:HAL_TIMEx_HallSensor_Stop_IT	16	static
stm32g0xx_hal_tim_ex.c:503:19:HAL_TIMEx_HallSensor_Start_DMA	40	static
stm32g0xx_hal_tim_ex.c:572:19:HAL_TIMEx_HallSensor_Stop_DMA	16	static
stm32g0xx_hal_tim_ex.c:633:19:HAL_TIMEx_OCN_Start	24	static
stm32g0xx_hal_tim_ex.c:680:19:HAL_TIMEx_OCN_Stop	16	static
stm32g0xx_hal_tim_ex.c:712:19:HAL_TIMEx_OCN_Start_IT	24	static
stm32g0xx_hal_tim_ex.c:785:19:HAL_TIMEx_OCN_Stop_IT	24	static
stm32g0xx_hal_tim_ex.c:851:19:HAL_TIMEx_OCN_Start_DMA	32	static
stm32g0xx_hal_tim_ex.c:970:19:HAL_TIMEx_OCN_Stop_DMA	16	static
stm32g0xx_hal_tim_ex.c:1062:19:HAL_TIMEx_PWMN_Start	24	static
stm32g0xx_hal_tim_ex.c:1108:19:HAL_TIMEx_PWMN_Stop	16	static
stm32g0xx_hal_tim_ex.c:1140:19:HAL_TIMEx_PWMN_Start_IT	24	static
stm32g0xx_hal_tim_ex.c:1213:19:HAL_TIMEx_PWMN_Stop_IT	24	static
stm32g0xx_hal_tim_ex.c:1280:19:HAL_TIMEx_PWMN_Start_DMA	32	static
stm32g0xx_hal_tim_ex.c:1399:19:HAL_TIMEx_PWMN_Stop_DMA	16	static
stm32g0xx_hal_tim_ex.c:1481:19:HAL_TIMEx_OnePulseN_Start	40	static
stm32g0xx_hal_tim_ex.c:1535:19:HAL_TIMEx_OnePulseN_Stop	24	static
stm32g0xx_hal_tim_ex.c:1576:19:HAL_TIMEx_OnePulseN_Start_IT	40	static
stm32g0xx_hal_tim_ex.c:1636:19:HAL_TIMEx_OnePulseN_Stop_IT	24	static
stm32g0xx_hal_tim_ex.c:1725:19:HAL_TIMEx_ConfigCommutEvent	24	static
stm32g0xx_hal_tim_ex.c:1784:19:HAL_TIMEx_ConfigCommutEvent_IT	24	static
stm32g0xx_hal_tim_ex.c:1845:19:HAL_TIMEx_ConfigCommutEvent_DMA	24	static
stm32g0xx_hal_tim_ex.c:1896:1:HAL_TIMEx_MasterConfigSynchronization	24	static
stm32g0xx_hal_tim_ex.c:1969:19:HAL_TIMEx_ConfigBreakDeadTime	24	static
stm32g0xx_hal_tim_ex.c:2053:1:HAL_TIMEx_ConfigBreakInput	48	static
stm32g0xx_hal_tim_ex.c:2223:19:HAL_TIMEx_RemapConfig	16	static
stm32g0xx_hal_tim_ex.c:2359:19:HAL_TIMEx_TISelection	32	static
stm32g0xx_hal_tim_ex.c:2402:19:HAL_TIMEx_GroupChannel5	16	static
stm32g0xx_hal_tim_ex.c:2441:19:HAL_TIMEx_DisarmBreakInput	24	static
stm32g0xx_hal_tim_ex.c:2490:19:HAL_TIMEx_ReArmBreakInput	24	static
stm32g0xx_hal_tim_ex.c:2568:13:HAL_TIMEx_CommutCallback	16	static
stm32g0xx_hal_tim_ex.c:2581:13:HAL_TIMEx_CommutHalfCpltCallback	16	static
stm32g0xx_hal_tim_ex.c:2596:13:HAL_TIMEx_BreakCallback	16	static
stm32g0xx_hal_tim_ex.c:2610:13:HAL_TIMEx_Break2Callback	16	static
stm32g0xx_hal_tim_ex.c:2643:22:HAL_TIMEx_HallSensor_GetState	16	static
stm32g0xx_hal_tim_ex.c:2657:29:HAL_TIMEx_GetChannelNState	24	static
stm32g0xx_hal_tim_ex.c:2686:6:TIMEx_DMACommutationCplt	24	static
stm32g0xx_hal_tim_ex.c:2705:6:TIMEx_DMACommutationHalfCplt	24	static
stm32g0xx_hal_tim_ex.c:2724:13:TIM_DMADelayPulseNCplt	24	static
stm32g0xx_hal_tim_ex.c:2770:13:TIM_DMAErrorCCxN	24	static
stm32g0xx_hal_tim_ex.c:2808:13:TIM_CCxNChannelCmd	32	static
