stm32g0xx_hal_spi.c:363:19:HAL_SPI_Init	24	static
stm32g0xx_hal_spi.c:530:19:HAL_SPI_DeInit	16	static
stm32g0xx_hal_spi.c:571:13:HAL_SPI_MspInit	16	static
stm32g0xx_hal_spi.c:586:13:HAL_SPI_MspDeInit	16	static
stm32g0xx_hal_spi.c:853:19:HAL_SPI_Transmit	40	static
stm32g0xx_hal_spi.c:1000:19:HAL_SPI_Receive	48	static
stm32g0xx_hal_spi.c:1215:19:HAL_SPI_TransmitReceive	48	static
stm32g0xx_hal_spi.c:1474:19:HAL_SPI_Transmit_IT	32	static
stm32g0xx_hal_spi.c:1550:19:HAL_SPI_Receive_IT	32	static
stm32g0xx_hal_spi.c:1650:19:HAL_SPI_TransmitReceive_IT	32	static
stm32g0xx_hal_spi.c:1750:19:HAL_SPI_Transmit_DMA	32	static
stm32g0xx_hal_spi.c:1868:19:HAL_SPI_Receive_DMA	40	static
stm32g0xx_hal_spi.c:2001:19:HAL_SPI_TransmitReceive_DMA	40	static
stm32g0xx_hal_spi.c:2180:19:HAL_SPI_Abort	48	static
stm32g0xx_hal_spi.c:2335:19:HAL_SPI_Abort_IT	40	static
stm32g0xx_hal_spi.c:2470:19:HAL_SPI_DMAPause	16	static
stm32g0xx_hal_spi.c:2489:19:HAL_SPI_DMAResume	16	static
stm32g0xx_hal_spi.c:2508:19:HAL_SPI_DMAStop	32	static
stm32g0xx_hal_spi.c:2545:6:HAL_SPI_IRQHandler	40	static
stm32g0xx_hal_spi.c:2641:13:HAL_SPI_TxCpltCallback	16	static
stm32g0xx_hal_spi.c:2656:13:HAL_SPI_RxCpltCallback	16	static
stm32g0xx_hal_spi.c:2671:13:HAL_SPI_TxRxCpltCallback	16	static
stm32g0xx_hal_spi.c:2686:13:HAL_SPI_TxHalfCpltCallback	16	static
stm32g0xx_hal_spi.c:2702:13:HAL_SPI_RxHalfCpltCallback	16	static
stm32g0xx_hal_spi.c:2718:13:HAL_SPI_TxRxHalfCpltCallback	16	static
stm32g0xx_hal_spi.c:2734:13:HAL_SPI_ErrorCallback	16	static
stm32g0xx_hal_spi.c:2752:13:HAL_SPI_AbortCpltCallback	16	static
stm32g0xx_hal_spi.c:2789:22:HAL_SPI_GetState	16	static
stm32g0xx_hal_spi.c:2800:10:HAL_SPI_GetError	16	static
stm32g0xx_hal_spi.c:2824:13:SPI_DMATransmitCplt	32	static
stm32g0xx_hal_spi.c:2880:13:SPI_DMAReceiveCplt	24	static
stm32g0xx_hal_spi.c:2990:13:SPI_DMATransmitReceiveCplt	24	static
stm32g0xx_hal_spi.c:3086:13:SPI_DMAHalfTransmitCplt	24	static
stm32g0xx_hal_spi.c:3105:13:SPI_DMAHalfReceiveCplt	24	static
stm32g0xx_hal_spi.c:3124:13:SPI_DMAHalfTransmitReceiveCplt	24	static
stm32g0xx_hal_spi.c:3143:13:SPI_DMAError	24	static
stm32g0xx_hal_spi.c:3168:13:SPI_DMAAbortOnError	24	static
stm32g0xx_hal_spi.c:3192:13:SPI_DMATxAbortCallback	40	static
stm32g0xx_hal_spi.c:3259:13:SPI_DMARxAbortCallback	40	static
stm32g0xx_hal_spi.c:3325:13:SPI_2linesRxISR_8BIT	16	static
stm32g0xx_hal_spi.c:3400:13:SPI_2linesTxISR_8BIT	16	static
stm32g0xx_hal_spi.c:3441:13:SPI_2linesRxISR_16BIT	16	static
stm32g0xx_hal_spi.c:3493:13:SPI_2linesTxISR_16BIT	16	static
stm32g0xx_hal_spi.c:3552:13:SPI_RxISR_8BIT	16	static
stm32g0xx_hal_spi.c:3604:13:SPI_RxISR_16BIT	16	static
stm32g0xx_hal_spi.c:3634:13:SPI_TxISR_8BIT	16	static
stm32g0xx_hal_spi.c:3656:13:SPI_TxISR_16BIT	16	static
stm32g0xx_hal_spi.c:3683:26:SPI_WaitFlagStateUntilTimeout	40	static
stm32g0xx_hal_spi.c:3752:26:SPI_WaitFifoStateUntilTimeout	48	static
stm32g0xx_hal_spi.c:3831:26:SPI_EndRxTransaction	32	static
stm32g0xx_hal_spi.c:3868:26:SPI_EndRxTxTransaction	32	static
stm32g0xx_hal_spi.c:3901:13:SPI_CloseRxTx_ISR	24	static
stm32g0xx_hal_spi.c:3967:13:SPI_CloseRx_ISR	16	static
stm32g0xx_hal_spi.c:4017:13:SPI_CloseTx_ISR	24	static
stm32g0xx_hal_spi.c:4061:13:SPI_AbortRx_ISR	32	static
stm32g0xx_hal_spi.c:4104:13:SPI_AbortTx_ISR	32	static
