stm32g0xx_hal_tim.c:296:19:HAL_TIM_Base_Init	16	static
stm32g0xx_hal_tim.c:351:19:HAL_TIM_Base_DeInit	16	static
stm32g0xx_hal_tim.c:392:13:HAL_TIM_Base_MspInit	16	static
stm32g0xx_hal_tim.c:406:13:HAL_TIM_Base_MspDeInit	16	static
stm32g0xx_hal_tim.c:420:19:HAL_TIM_Base_Start	24	static
stm32g0xx_hal_tim.c:454:19:HAL_TIM_Base_Stop	16	static
stm32g0xx_hal_tim.c:473:19:HAL_TIM_Base_Start_IT	24	static
stm32g0xx_hal_tim.c:510:19:HAL_TIM_Base_Stop_IT	16	static
stm32g0xx_hal_tim.c:535:19:HAL_TIM_Base_Start_DMA	32	static
stm32g0xx_hal_tim.c:593:19:HAL_TIM_Base_Stop_DMA	16	static
stm32g0xx_hal_tim.c:648:19:HAL_TIM_OC_Init	16	static
stm32g0xx_hal_tim.c:703:19:HAL_TIM_OC_DeInit	16	static
stm32g0xx_hal_tim.c:744:13:HAL_TIM_OC_MspInit	16	static
stm32g0xx_hal_tim.c:758:13:HAL_TIM_OC_MspDeInit	16	static
stm32g0xx_hal_tim.c:780:19:HAL_TIM_OC_Start	24	static
stm32g0xx_hal_tim.c:830:19:HAL_TIM_OC_Stop	16	static
stm32g0xx_hal_tim.c:863:19:HAL_TIM_OC_Start_IT	24	static
stm32g0xx_hal_tim.c:941:19:HAL_TIM_OC_Stop_IT	16	static
stm32g0xx_hal_tim.c:1007:19:HAL_TIM_OC_Start_DMA	32	static
stm32g0xx_hal_tim.c:1150:19:HAL_TIM_OC_Stop_DMA	16	static
stm32g0xx_hal_tim.c:1242:19:HAL_TIM_PWM_Init	16	static
stm32g0xx_hal_tim.c:1297:19:HAL_TIM_PWM_DeInit	16	static
stm32g0xx_hal_tim.c:1338:13:HAL_TIM_PWM_MspInit	16	static
stm32g0xx_hal_tim.c:1352:13:HAL_TIM_PWM_MspDeInit	16	static
stm32g0xx_hal_tim.c:1374:19:HAL_TIM_PWM_Start	24	static
stm32g0xx_hal_tim.c:1424:19:HAL_TIM_PWM_Stop	16	static
stm32g0xx_hal_tim.c:1457:19:HAL_TIM_PWM_Start_IT	24	static
stm32g0xx_hal_tim.c:1534:19:HAL_TIM_PWM_Stop_IT	16	static
stm32g0xx_hal_tim.c:1600:19:HAL_TIM_PWM_Start_DMA	32	static
stm32g0xx_hal_tim.c:1742:19:HAL_TIM_PWM_Stop_DMA	16	static
stm32g0xx_hal_tim.c:1834:19:HAL_TIM_IC_Init	16	static
stm32g0xx_hal_tim.c:1889:19:HAL_TIM_IC_DeInit	16	static
stm32g0xx_hal_tim.c:1930:13:HAL_TIM_IC_MspInit	16	static
stm32g0xx_hal_tim.c:1944:13:HAL_TIM_IC_MspDeInit	16	static
stm32g0xx_hal_tim.c:1964:19:HAL_TIM_IC_Start	24	static
stm32g0xx_hal_tim.c:2013:19:HAL_TIM_IC_Stop	16	static
stm32g0xx_hal_tim.c:2042:19:HAL_TIM_IC_Start_IT	24	static
stm32g0xx_hal_tim.c:2120:19:HAL_TIM_IC_Stop_IT	16	static
stm32g0xx_hal_tim.c:2182:19:HAL_TIM_IC_Start_DMA	32	static
stm32g0xx_hal_tim.c:2325:19:HAL_TIM_IC_Stop_DMA	16	static
stm32g0xx_hal_tim.c:2420:19:HAL_TIM_OnePulse_Init	16	static
stm32g0xx_hal_tim.c:2485:19:HAL_TIM_OnePulse_DeInit	16	static
stm32g0xx_hal_tim.c:2528:13:HAL_TIM_OnePulse_MspInit	16	static
stm32g0xx_hal_tim.c:2542:13:HAL_TIM_OnePulse_MspDeInit	16	static
stm32g0xx_hal_tim.c:2561:19:HAL_TIM_OnePulse_Start	40	static
stm32g0xx_hal_tim.c:2621:19:HAL_TIM_OnePulse_Stop	16	static
stm32g0xx_hal_tim.c:2664:19:HAL_TIM_OnePulse_Start_IT	40	static
stm32g0xx_hal_tim.c:2730:19:HAL_TIM_OnePulse_Stop_IT	16	static
stm32g0xx_hal_tim.c:2811:19:HAL_TIM_Encoder_Init	32	static
stm32g0xx_hal_tim.c:2922:19:HAL_TIM_Encoder_DeInit	16	static
stm32g0xx_hal_tim.c:2965:13:HAL_TIM_Encoder_MspInit	16	static
stm32g0xx_hal_tim.c:2979:13:HAL_TIM_Encoder_MspDeInit	16	static
stm32g0xx_hal_tim.c:2998:19:HAL_TIM_Encoder_Start	32	static
stm32g0xx_hal_tim.c:3078:19:HAL_TIM_Encoder_Stop	16	static
stm32g0xx_hal_tim.c:3132:19:HAL_TIM_Encoder_Start_IT	32	static
stm32g0xx_hal_tim.c:3218:19:HAL_TIM_Encoder_Stop_IT	16	static
stm32g0xx_hal_tim.c:3277:19:HAL_TIM_Encoder_Start_DMA	40	static
stm32g0xx_hal_tim.c:3464:19:HAL_TIM_Encoder_Stop_DMA	16	static
stm32g0xx_hal_tim.c:3534:6:HAL_TIM_IRQHandler	16	static
stm32g0xx_hal_tim.c:3737:19:HAL_TIM_OC_ConfigChannel	24	static
stm32g0xx_hal_tim.c:3825:19:HAL_TIM_IC_ConfigChannel	24	static
stm32g0xx_hal_tim.c:3906:19:HAL_TIM_PWM_ConfigChannel	24	static
stm32g0xx_hal_tim.c:4044:1:HAL_TIM_OnePulse_ConfigChannel	56	static
stm32g0xx_hal_tim.c:4184:19:HAL_TIM_DMABurst_WriteStart	40	static
stm32g0xx_hal_tim.c:4242:19:HAL_TIM_DMABurst_MultiWriteStart	24	static
stm32g0xx_hal_tim.c:4413:19:HAL_TIM_DMABurst_WriteStop	16	static
stm32g0xx_hal_tim.c:4510:19:HAL_TIM_DMABurst_ReadStart	40	static
stm32g0xx_hal_tim.c:4568:19:HAL_TIM_DMABurst_MultiReadStart	24	static
stm32g0xx_hal_tim.c:4736:19:HAL_TIM_DMABurst_ReadStop	16	static
stm32g0xx_hal_tim.c:4806:19:HAL_TIM_GenerateEvent	16	static
stm32g0xx_hal_tim.c:4846:1:HAL_TIM_ConfigOCrefClear	24	static
stm32g0xx_hal_tim.c:5001:1:HAL_TIM_ConfigClockSource	24	static
stm32g0xx_hal_tim.c:5145:19:HAL_TIM_ConfigTI1Input	24	static
stm32g0xx_hal_tim.c:5178:1:HAL_TIM_SlaveConfigSynchro	16	static
stm32g0xx_hal_tim.c:5218:1:HAL_TIM_SlaveConfigSynchro_IT	16	static
stm32g0xx_hal_tim.c:5259:10:HAL_TIM_ReadCapturedValue	24	static
stm32g0xx_hal_tim.c:5337:13:HAL_TIM_PeriodElapsedCallback	16	static
stm32g0xx_hal_tim.c:5352:13:HAL_TIM_PeriodElapsedHalfCpltCallback	16	static
stm32g0xx_hal_tim.c:5367:13:HAL_TIM_OC_DelayElapsedCallback	16	static
stm32g0xx_hal_tim.c:5382:13:HAL_TIM_IC_CaptureCallback	16	static
stm32g0xx_hal_tim.c:5396:13:HAL_TIM_IC_CaptureHalfCpltCallback	16	static
stm32g0xx_hal_tim.c:5411:13:HAL_TIM_PWM_PulseFinishedCallback	16	static
stm32g0xx_hal_tim.c:5426:13:HAL_TIM_PWM_PulseFinishedHalfCpltCallback	16	static
stm32g0xx_hal_tim.c:5441:13:HAL_TIM_TriggerCallback	16	static
stm32g0xx_hal_tim.c:5455:13:HAL_TIM_TriggerHalfCpltCallback	16	static
stm32g0xx_hal_tim.c:5470:13:HAL_TIM_ErrorCallback	16	static
stm32g0xx_hal_tim.c:6051:22:HAL_TIM_Base_GetState	16	static
stm32g0xx_hal_tim.c:6060:22:HAL_TIM_OC_GetState	16	static
stm32g0xx_hal_tim.c:6069:22:HAL_TIM_PWM_GetState	16	static
stm32g0xx_hal_tim.c:6078:22:HAL_TIM_IC_GetState	16	static
stm32g0xx_hal_tim.c:6087:22:HAL_TIM_OnePulse_GetState	16	static
stm32g0xx_hal_tim.c:6096:22:HAL_TIM_Encoder_GetState	16	static
stm32g0xx_hal_tim.c:6105:23:HAL_TIM_GetActiveChannel	16	static
stm32g0xx_hal_tim.c:6122:29:HAL_TIM_GetChannelState	24	static
stm32g0xx_hal_tim.c:6139:30:HAL_TIM_DMABurstState	16	static
stm32g0xx_hal_tim.c:6163:6:TIM_DMAError	24	static
stm32g0xx_hal_tim.c:6197:13:TIM_DMADelayPulseCplt	24	static
stm32g0xx_hal_tim.c:6243:6:TIM_DMADelayPulseHalfCplt	24	static
stm32g0xx_hal_tim.c:6273:6:TIM_DMACaptureCplt	24	static
stm32g0xx_hal_tim.c:6323:6:TIM_DMACaptureHalfCplt	24	static
stm32g0xx_hal_tim.c:6353:13:TIM_DMAPeriodElapsedCplt	24	static
stm32g0xx_hal_tim.c:6373:13:TIM_DMAPeriodElapsedHalfCplt	24	static
stm32g0xx_hal_tim.c:6389:13:TIM_DMATriggerCplt	24	static
stm32g0xx_hal_tim.c:6409:13:TIM_DMATriggerHalfCplt	24	static
stm32g0xx_hal_tim.c:6426:6:TIM_Base_SetConfig	24	static
stm32g0xx_hal_tim.c:6470:13:TIM_OC1_SetConfig	32	static
stm32g0xx_hal_tim.c:6543:6:TIM_OC2_SetConfig	32	static
stm32g0xx_hal_tim.c:6615:13:TIM_OC3_SetConfig	32	static
stm32g0xx_hal_tim.c:6687:13:TIM_OC4_SetConfig	32	static
stm32g0xx_hal_tim.c:6746:13:TIM_OC5_SetConfig	32	static
stm32g0xx_hal_tim.c:6797:13:TIM_OC6_SetConfig	32	static
stm32g0xx_hal_tim.c:6850:1:TIM_SlaveTimer_SetConfig	32	static
stm32g0xx_hal_tim.c:6973:6:TIM_TI1_SetConfig	32	static
stm32g0xx_hal_tim.c:7016:13:TIM_TI1_ConfigInputStage	32	static
stm32g0xx_hal_tim.c:7062:13:TIM_TI2_SetConfig	32	static
stm32g0xx_hal_tim.c:7101:13:TIM_TI2_ConfigInputStage	32	static
stm32g0xx_hal_tim.c:7147:13:TIM_TI3_SetConfig	32	static
stm32g0xx_hal_tim.c:7197:13:TIM_TI4_SetConfig	32	static
stm32g0xx_hal_tim.c:7239:13:TIM_ITRx_SetConfig	24	static
stm32g0xx_hal_tim.c:7269:6:TIM_ETR_SetConfig	32	static
stm32g0xx_hal_tim.c:7301:6:TIM_CCxChannelCmd	32	static
