stm32g0xx_hal_uart.c:307:19:HAL_UART_Init	16	static
stm32g0xx_hal_uart.c:380:19:HAL_HalfDuplex_Init	16	static
stm32g0xx_hal_uart.c:453:19:HAL_LIN_Init	16	static
stm32g0xx_hal_uart.c:550:19:HAL_MultiProcessor_Init	24	static
stm32g0xx_hal_uart.c:624:19:HAL_UART_DeInit	16	static
stm32g0xx_hal_uart.c:670:13:HAL_UART_MspInit	16	static
stm32g0xx_hal_uart.c:685:13:HAL_UART_MspDeInit	16	static
stm32g0xx_hal_uart.c:1126:19:HAL_UART_Transmit	48	static
stm32g0xx_hal_uart.c:1231:19:HAL_UART_Receive	48	static
stm32g0xx_hal_uart.c:1333:19:HAL_UART_Transmit_IT	56	static,ignoring_inline_asm
stm32g0xx_hal_uart.c:1423:19:HAL_UART_Receive_IT	40	static,ignoring_inline_asm
stm32g0xx_hal_uart.c:1482:19:HAL_UART_Transmit_DMA	40	static,ignoring_inline_asm
stm32g0xx_hal_uart.c:1574:19:HAL_UART_Receive_DMA	40	static,ignoring_inline_asm
stm32g0xx_hal_uart.c:1623:19:HAL_UART_DMAPause	88	static,ignoring_inline_asm
stm32g0xx_hal_uart.c:1657:19:HAL_UART_DMAResume	80	static,ignoring_inline_asm
stm32g0xx_hal_uart.c:1689:19:HAL_UART_DMAStop	56	static,ignoring_inline_asm
stm32g0xx_hal_uart.c:1764:19:HAL_UART_Abort	96	static,ignoring_inline_asm
stm32g0xx_hal_uart.c:1865:19:HAL_UART_AbortTransmit	64	static,ignoring_inline_asm
stm32g0xx_hal_uart.c:1923:19:HAL_UART_AbortReceive	80	static,ignoring_inline_asm
stm32g0xx_hal_uart.c:1990:19:HAL_UART_Abort_IT	104	static,ignoring_inline_asm
stm32g0xx_hal_uart.c:2142:19:HAL_UART_AbortTransmit_IT	64	static,ignoring_inline_asm
stm32g0xx_hal_uart.c:2232:19:HAL_UART_AbortReceive_IT	80	static,ignoring_inline_asm
stm32g0xx_hal_uart.c:2324:6:HAL_UART_IRQHandler	184	static,ignoring_inline_asm
stm32g0xx_hal_uart.c:2643:13:HAL_UART_TxCpltCallback	16	static
stm32g0xx_hal_uart.c:2658:13:HAL_UART_TxHalfCpltCallback	16	static
stm32g0xx_hal_uart.c:2673:13:HAL_UART_RxCpltCallback	16	static
stm32g0xx_hal_uart.c:2688:13:HAL_UART_RxHalfCpltCallback	16	static
stm32g0xx_hal_uart.c:2703:13:HAL_UART_ErrorCallback	16	static
stm32g0xx_hal_uart.c:2718:13:HAL_UART_AbortCpltCallback	16	static
stm32g0xx_hal_uart.c:2733:13:HAL_UART_AbortTransmitCpltCallback	16	static
stm32g0xx_hal_uart.c:2748:13:HAL_UART_AbortReceiveCpltCallback	16	static
stm32g0xx_hal_uart.c:2765:13:HAL_UARTEx_RxEventCallback	16	static
stm32g0xx_hal_uart.c:2813:6:HAL_UART_ReceiverTimeout_Config	16	static
stm32g0xx_hal_uart.c:2828:19:HAL_UART_EnableReceiverTimeout	16	static
stm32g0xx_hal_uart.c:2866:19:HAL_UART_DisableReceiverTimeout	16	static
stm32g0xx_hal_uart.c:2904:19:HAL_MultiProcessor_EnableMuteMode	32	static,ignoring_inline_asm
stm32g0xx_hal_uart.c:2924:19:HAL_MultiProcessor_DisableMuteMode	32	static,ignoring_inline_asm
stm32g0xx_hal_uart.c:2944:6:HAL_MultiProcessor_EnterMuteMode	16	static
stm32g0xx_hal_uart.c:2954:19:HAL_HalfDuplex_EnableTransmitter	48	static,ignoring_inline_asm
stm32g0xx_hal_uart.c:2977:19:HAL_HalfDuplex_EnableReceiver	48	static,ignoring_inline_asm
stm32g0xx_hal_uart.c:3001:19:HAL_LIN_SendBreak	16	static
stm32g0xx_hal_uart.c:3046:23:HAL_UART_GetState	24	static
stm32g0xx_hal_uart.c:3062:10:HAL_UART_GetError	16	static
stm32g0xx_hal_uart.c:3108:19:UART_SetConfig	80	static
stm32g0xx_hal_uart.c:3319:6:UART_AdvFeatureConfig	16	static
stm32g0xx_hal_uart.c:3393:19:UART_CheckIdleState	32	static
stm32g0xx_hal_uart.c:3444:19:UART_WaitOnFlagUntilTimeout	88	static,ignoring_inline_asm
stm32g0xx_hal_uart.c:3508:19:UART_Start_Receive_IT	88	static,ignoring_inline_asm
stm32g0xx_hal_uart.c:3574:19:UART_Start_Receive_DMA	72	static,ignoring_inline_asm
stm32g0xx_hal_uart.c:3631:13:UART_EndTxTransfer	48	static,ignoring_inline_asm
stm32g0xx_hal_uart.c:3647:13:UART_EndRxTransfer	64	static,ignoring_inline_asm
stm32g0xx_hal_uart.c:3673:13:UART_DMATransmitCplt	56	static,ignoring_inline_asm
stm32g0xx_hal_uart.c:3707:13:UART_DMATxHalfCplt	24	static
stm32g0xx_hal_uart.c:3725:13:UART_DMAReceiveCplt	88	static,ignoring_inline_asm
stm32g0xx_hal_uart.c:3782:13:UART_DMARxHalfCplt	24	static
stm32g0xx_hal_uart.c:3816:13:UART_DMAError	32	static
stm32g0xx_hal_uart.c:3856:13:UART_DMAAbortOnError	24	static
stm32g0xx_hal_uart.c:3879:13:UART_DMATxAbortCallback	24	static
stm32g0xx_hal_uart.c:3934:13:UART_DMARxAbortCallback	24	static
stm32g0xx_hal_uart.c:3986:13:UART_DMATxOnlyAbortCallback	24	static
stm32g0xx_hal_uart.c:4019:13:UART_DMARxOnlyAbortCallback	24	static
stm32g0xx_hal_uart.c:4052:13:UART_TxISR_8BIT	48	static,ignoring_inline_asm
stm32g0xx_hal_uart.c:4081:13:UART_TxISR_16BIT	56	static,ignoring_inline_asm
stm32g0xx_hal_uart.c:4113:13:UART_TxISR_8BIT_FIFOEN	56	static,ignoring_inline_asm
stm32g0xx_hal_uart.c:4153:13:UART_TxISR_16BIT_FIFOEN	56	static,ignoring_inline_asm
stm32g0xx_hal_uart.c:4194:13:UART_EndTransmit_IT	32	static,ignoring_inline_asm
stm32g0xx_hal_uart.c:4219:13:UART_RxISR_8BIT	72	static,ignoring_inline_asm
stm32g0xx_hal_uart.c:4296:13:UART_RxISR_16BIT	72	static,ignoring_inline_asm
stm32g0xx_hal_uart.c:4375:13:UART_RxISR_8BIT_FIFOEN	120	static,ignoring_inline_asm
stm32g0xx_hal_uart.c:4523:13:UART_RxISR_16BIT_FIFOEN	128	static,ignoring_inline_asm
