SX1280_hal.h:64:10:void SX1280Hal::BusyDelay(uint32_t) const	16	static
SX1280.cpp:46:6:void nullCallback()	8	static
SX1280.cpp:48:1:SX1280Driver::SX1280Driver()	16	static
SX1280.cpp:53:6:void SX1280Driver::End()	16	static
SX1280.cpp:63:6:bool SX1280Driver::Begin()	40	static
SX1280.cpp:92:6:void SX1280Driver::Config(uint8_t, uint8_t, uint8_t, uint32_t, uint8_t, bool, uint8_t, uint32_t, uint32_t, uint16_t, uint8_t)	48	static
SX1280.cpp:124:6:void SX1280Driver::SetRxTimeoutUs(uint32_t)	16	static
SX1280.cpp:136:6:void SX1280Driver::SetOutputPower(int8_t)	24	static
SX1280.cpp:146:6:void SX1280Driver::SetMode(SX1280_RadioOperatingModes_t)	24	static
SX1280.cpp:209:6:void SX1280Driver::ConfigModParamsLoRa(uint8_t, uint8_t, uint8_t)	32	static
SX1280.cpp:233:6:void SX1280Driver::SetPacketParamsLoRa(uint8_t, SX1280_RadioLoRaPacketLengthsModes_t, uint8_t, SX1280_RadioLoRaCrcModes_t, uint8_t)	32	static
SX1280.cpp:250:6:void SX1280Driver::ConfigModParamsFLRC(uint8_t, uint8_t, uint8_t)	32	static
SX1280.cpp:256:6:void SX1280Driver::SetPacketParamsFLRC(uint8_t, uint8_t, uint8_t, uint8_t, uint32_t, uint16_t)	32	static
SX1280.cpp:295:6:void SX1280Driver::SetFrequencyHz(uint32_t)	32	static
SX1280.cpp:308:6:void SX1280Driver::SetFrequencyReg(uint32_t)	32	static
SX1280.cpp:320:9:int32_t SX1280Driver::GetFrequencyError()	48	static
SX1280.cpp:337:6:void SX1280Driver::SetFIFOaddr(uint8_t, uint8_t)	24	static
SX1280.cpp:346:6:void SX1280Driver::SetDioIrqParams(uint16_t, uint16_t, uint16_t, uint16_t)	40	static
SX1280.cpp:362:10:uint16_t SX1280Driver::GetIrqStatus()	32	static
SX1280.cpp:370:6:void SX1280Driver::ClearIrqStatus(uint16_t)	24	static
SX1280.cpp:380:6:void SX1280Driver::TXnbISR()	16	static
SX1280.cpp:392:6:void SX1280Driver::TXnb()	16	static
SX1280.cpp:415:6:void SX1280Driver::RXnbISR()	32	static
SX1280.cpp:431:6:void SX1280Driver::RXnb()	16	static
SX1280.cpp:437:9:uint8_t SX1280Driver::GetRxBufferAddr()	32	static
SX1280.cpp:444:6:void SX1280Driver::GetStatus()	24	static
SX1280.cpp:452:6:bool SX1280Driver::GetFrequencyErrorbool()	24	static
SX1280.cpp:465:8:int8_t SX1280Driver::GetRssiInst()	32	static
SX1280.cpp:473:6:void SX1280Driver::GetLastPacketStats()	32	static
SX1280.cpp:486:6:static void SX1280Driver::IsrCallback()	24	static
SX1280.cpp:497:1:void __static_initialization_and_destruction_0(int, int)	16	static
SX1280.cpp:497:1:cpp)	8	static
