SX1280_hal.h:63:8:void SX1280Hal::BusyDelay(uint32_t) const	16	static
SX1280.cpp:47:6:void nullCallback()	8	static
SX1280.cpp:49:1:SX1280Driver::SX1280Driver()	16	static
SX1280.cpp:51:6:void SX1280Driver::End()	16	static
SX1280.cpp:60:6:bool SX1280Driver::Begin()	40	static
SX1280.cpp:98:6:void SX1280Driver::Config(uint8_t, uint8_t, uint8_t, uint32_t, uint8_t, bool, uint8_t, uint32_t, uint32_t, uint16_t, uint8_t)	48	static
SX1280.cpp:130:6:void SX1280Driver::SetRxTimeoutUs(uint32_t)	16	static
SX1280.cpp:140:6:void SX1280Driver::SetOutputPower(int8_t)	24	static
SX1280.cpp:151:6:void SX1280Driver::SetMode(SX1280_RadioOperatingModes_t)	24	static
SX1280.cpp:211:6:void SX1280Driver::ConfigModParamsLoRa(uint8_t, uint8_t, uint8_t)	32	static
SX1280.cpp:235:6:void SX1280Driver::SetPacketParamsLoRa(uint8_t, SX1280_RadioLoRaPacketLengthsModes_t, uint8_t, SX1280_RadioLoRaCrcModes_t, uint8_t)	32	static
SX1280.cpp:251:6:void SX1280Driver::ConfigModParamsFLRC(uint8_t, uint8_t, uint8_t)	32	static
SX1280.cpp:257:6:void SX1280Driver::SetPacketParamsFLRC(uint8_t, uint8_t, uint8_t, uint8_t, uint32_t, uint16_t)	32	static
SX1280.cpp:294:6:void SX1280Driver::SetFrequencyHz(uint32_t)	32	static
SX1280.cpp:306:6:void SX1280Driver::SetFrequencyReg(uint32_t)	32	static
SX1280.cpp:317:9:int32_t SX1280Driver::GetFrequencyError()	48	static
SX1280.cpp:333:6:void SX1280Driver::SetFIFOaddr(uint8_t, uint8_t)	24	static
SX1280.cpp:341:6:void SX1280Driver::SetDioIrqParams(uint16_t, uint16_t, uint16_t, uint16_t)	40	static
SX1280.cpp:357:10:uint16_t SX1280Driver::GetIrqStatus()	32	static
SX1280.cpp:364:6:void SX1280Driver::ClearIrqStatus(uint16_t)	24	static
SX1280.cpp:373:6:void SX1280Driver::TXnbISR()	16	static
SX1280.cpp:385:6:void SX1280Driver::TXnb()	16	static
SX1280.cpp:408:6:void SX1280Driver::RXnbISR()	32	static
SX1280.cpp:424:6:void SX1280Driver::RXnb()	16	static
SX1280.cpp:429:9:uint8_t SX1280Driver::GetRxBufferAddr()	32	static
SX1280.cpp:435:6:void SX1280Driver::GetStatus()	24	static
SX1280.cpp:443:6:bool SX1280Driver::GetFrequencyErrorbool()	24	static
SX1280.cpp:456:8:int8_t SX1280Driver::GetRssiInst()	32	static
SX1280.cpp:463:6:void SX1280Driver::GetLastPacketStats()	32	static
SX1280.cpp:475:6:static void SX1280Driver::IsrCallback()	24	static
SX1280.cpp:484:1:void __static_initialization_and_destruction_0(int, int)	16	static
SX1280.cpp:484:1:cpp)	8	static
