SX1280_hal.h:64:10:void SX1280Hal::BusyDelay(uint32_t) const	16	static
SX1280.cpp:47:6:void nullCallback()	8	static
SX1280.cpp:49:1:SX1280Driver::SX1280Driver()	16	static
SX1280.cpp:54:6:void SX1280Driver::End()	16	static
SX1280.cpp:64:6:bool SX1280Driver::Begin()	40	static
SX1280.cpp:93:6:void SX1280Driver::Config(uint8_t, uint8_t, uint8_t, uint32_t, uint8_t, bool, uint8_t, uint32_t, uint32_t, uint16_t, uint8_t)	48	static
SX1280.cpp:125:6:void SX1280Driver::SetRxTimeoutUs(uint32_t)	16	static
SX1280.cpp:137:6:void SX1280Driver::SetOutputPower(int8_t)	24	static
SX1280.cpp:147:6:void SX1280Driver::SetMode(SX1280_RadioOperatingModes_t)	24	static
SX1280.cpp:210:6:void SX1280Driver::ConfigModParamsLoRa(uint8_t, uint8_t, uint8_t)	32	static
SX1280.cpp:234:6:void SX1280Driver::SetPacketParamsLoRa(uint8_t, SX1280_RadioLoRaPacketLengthsModes_t, uint8_t, SX1280_RadioLoRaCrcModes_t, uint8_t)	32	static
SX1280.cpp:251:6:void SX1280Driver::ConfigModParamsFLRC(uint8_t, uint8_t, uint8_t)	32	static
SX1280.cpp:257:6:void SX1280Driver::SetPacketParamsFLRC(uint8_t, uint8_t, uint8_t, uint8_t, uint32_t, uint16_t)	32	static
SX1280.cpp:296:6:void SX1280Driver::SetFrequencyHz(uint32_t)	32	static
SX1280.cpp:309:6:void SX1280Driver::SetFrequencyReg(uint32_t)	32	static
SX1280.cpp:321:9:int32_t SX1280Driver::GetFrequencyError()	48	static
SX1280.cpp:338:6:void SX1280Driver::SetFIFOaddr(uint8_t, uint8_t)	24	static
SX1280.cpp:347:6:void SX1280Driver::SetDioIrqParams(uint16_t, uint16_t, uint16_t, uint16_t)	40	static
SX1280.cpp:363:10:uint16_t SX1280Driver::GetIrqStatus()	32	static
SX1280.cpp:371:6:void SX1280Driver::ClearIrqStatus(uint16_t)	24	static
SX1280.cpp:381:6:void SX1280Driver::TXnbISR()	16	static
SX1280.cpp:393:6:void SX1280Driver::TXnb()	16	static
SX1280.cpp:416:6:void SX1280Driver::RXnbISR()	32	static
SX1280.cpp:432:6:void SX1280Driver::RXnb()	16	static
SX1280.cpp:438:9:uint8_t SX1280Driver::GetRxBufferAddr()	32	static
SX1280.cpp:445:6:void SX1280Driver::GetStatus()	24	static
SX1280.cpp:453:6:bool SX1280Driver::GetFrequencyErrorbool()	24	static
SX1280.cpp:466:8:int8_t SX1280Driver::GetRssiInst()	32	static
SX1280.cpp:474:6:void SX1280Driver::GetLastPacketStats()	32	static
SX1280.cpp:487:6:static void SX1280Driver::IsrCallback()	24	static
SX1280.cpp:498:1:void __static_initialization_and_destruction_0(int, int)	16	static
SX1280.cpp:498:1:cpp)	8	static
