Archive member included to satisfy reference by file (symbol)

c:/st/stm32cubeide_1.10.1/stm32cubeide/plugins/com.st.stm32cube.ide.mcu.externaltools.gnu-tools-for-stm32.10.3-2021.10.win32_1.0.0.202111181127/tools/bin/../lib/gcc/arm-none-eabi/10.3.1/../../../../arm-none-eabi/lib/thumb/v6-m/nofp\libm.a(lib_a-s_cos.o)
                              ./Core/Src/TinyGPSPlus/TinyGPS.o (cos)
c:/st/stm32cubeide_1.10.1/stm32cubeide/plugins/com.st.stm32cube.ide.mcu.externaltools.gnu-tools-for-stm32.10.3-2021.10.win32_1.0.0.202111181127/tools/bin/../lib/gcc/arm-none-eabi/10.3.1/../../../../arm-none-eabi/lib/thumb/v6-m/nofp\libm.a(lib_a-s_sin.o)
                              ./Core/Src/TinyGPSPlus/TinyGPS.o (sin)
c:/st/stm32cubeide_1.10.1/stm32cubeide/plugins/com.st.stm32cube.ide.mcu.externaltools.gnu-tools-for-stm32.10.3-2021.10.win32_1.0.0.202111181127/tools/bin/../lib/gcc/arm-none-eabi/10.3.1/../../../../arm-none-eabi/lib/thumb/v6-m/nofp\libm.a(lib_a-w_atan2.o)
                              ./Core/Src/TinyGPSPlus/TinyGPS.o (atan2)
c:/st/stm32cubeide_1.10.1/stm32cubeide/plugins/com.st.stm32cube.ide.mcu.externaltools.gnu-tools-for-stm32.10.3-2021.10.win32_1.0.0.202111181127/tools/bin/../lib/gcc/arm-none-eabi/10.3.1/../../../../arm-none-eabi/lib/thumb/v6-m/nofp\libm.a(lib_a-w_sqrt.o)
                              ./Core/Src/TinyGPSPlus/TinyGPS.o (sqrt)
c:/st/stm32cubeide_1.10.1/stm32cubeide/plugins/com.st.stm32cube.ide.mcu.externaltools.gnu-tools-for-stm32.10.3-2021.10.win32_1.0.0.202111181127/tools/bin/../lib/gcc/arm-none-eabi/10.3.1/../../../../arm-none-eabi/lib/thumb/v6-m/nofp\libm.a(lib_a-e_atan2.o)
                              c:/st/stm32cubeide_1.10.1/stm32cubeide/plugins/com.st.stm32cube.ide.mcu.externaltools.gnu-tools-for-stm32.10.3-2021.10.win32_1.0.0.202111181127/tools/bin/../lib/gcc/arm-none-eabi/10.3.1/../../../../arm-none-eabi/lib/thumb/v6-m/nofp\libm.a(lib_a-w_atan2.o) (__ieee754_atan2)
c:/st/stm32cubeide_1.10.1/stm32cubeide/plugins/com.st.stm32cube.ide.mcu.externaltools.gnu-tools-for-stm32.10.3-2021.10.win32_1.0.0.202111181127/tools/bin/../lib/gcc/arm-none-eabi/10.3.1/../../../../arm-none-eabi/lib/thumb/v6-m/nofp\libm.a(lib_a-e_rem_pio2.o)
                              c:/st/stm32cubeide_1.10.1/stm32cubeide/plugins/com.st.stm32cube.ide.mcu.externaltools.gnu-tools-for-stm32.10.3-2021.10.win32_1.0.0.202111181127/tools/bin/../lib/gcc/arm-none-eabi/10.3.1/../../../../arm-none-eabi/lib/thumb/v6-m/nofp\libm.a(lib_a-s_cos.o) (__ieee754_rem_pio2)
c:/st/stm32cubeide_1.10.1/stm32cubeide/plugins/com.st.stm32cube.ide.mcu.externaltools.gnu-tools-for-stm32.10.3-2021.10.win32_1.0.0.202111181127/tools/bin/../lib/gcc/arm-none-eabi/10.3.1/../../../../arm-none-eabi/lib/thumb/v6-m/nofp\libm.a(lib_a-e_sqrt.o)
                              c:/st/stm32cubeide_1.10.1/stm32cubeide/plugins/com.st.stm32cube.ide.mcu.externaltools.gnu-tools-for-stm32.10.3-2021.10.win32_1.0.0.202111181127/tools/bin/../lib/gcc/arm-none-eabi/10.3.1/../../../../arm-none-eabi/lib/thumb/v6-m/nofp\libm.a(lib_a-w_sqrt.o) (__ieee754_sqrt)
c:/st/stm32cubeide_1.10.1/stm32cubeide/plugins/com.st.stm32cube.ide.mcu.externaltools.gnu-tools-for-stm32.10.3-2021.10.win32_1.0.0.202111181127/tools/bin/../lib/gcc/arm-none-eabi/10.3.1/../../../../arm-none-eabi/lib/thumb/v6-m/nofp\libm.a(lib_a-k_cos.o)
                              c:/st/stm32cubeide_1.10.1/stm32cubeide/plugins/com.st.stm32cube.ide.mcu.externaltools.gnu-tools-for-stm32.10.3-2021.10.win32_1.0.0.202111181127/tools/bin/../lib/gcc/arm-none-eabi/10.3.1/../../../../arm-none-eabi/lib/thumb/v6-m/nofp\libm.a(lib_a-s_cos.o) (__kernel_cos)
c:/st/stm32cubeide_1.10.1/stm32cubeide/plugins/com.st.stm32cube.ide.mcu.externaltools.gnu-tools-for-stm32.10.3-2021.10.win32_1.0.0.202111181127/tools/bin/../lib/gcc/arm-none-eabi/10.3.1/../../../../arm-none-eabi/lib/thumb/v6-m/nofp\libm.a(lib_a-k_rem_pio2.o)
                              c:/st/stm32cubeide_1.10.1/stm32cubeide/plugins/com.st.stm32cube.ide.mcu.externaltools.gnu-tools-for-stm32.10.3-2021.10.win32_1.0.0.202111181127/tools/bin/../lib/gcc/arm-none-eabi/10.3.1/../../../../arm-none-eabi/lib/thumb/v6-m/nofp\libm.a(lib_a-e_rem_pio2.o) (__kernel_rem_pio2)
c:/st/stm32cubeide_1.10.1/stm32cubeide/plugins/com.st.stm32cube.ide.mcu.externaltools.gnu-tools-for-stm32.10.3-2021.10.win32_1.0.0.202111181127/tools/bin/../lib/gcc/arm-none-eabi/10.3.1/../../../../arm-none-eabi/lib/thumb/v6-m/nofp\libm.a(lib_a-k_sin.o)
                              c:/st/stm32cubeide_1.10.1/stm32cubeide/plugins/com.st.stm32cube.ide.mcu.externaltools.gnu-tools-for-stm32.10.3-2021.10.win32_1.0.0.202111181127/tools/bin/../lib/gcc/arm-none-eabi/10.3.1/../../../../arm-none-eabi/lib/thumb/v6-m/nofp\libm.a(lib_a-s_cos.o) (__kernel_sin)
c:/st/stm32cubeide_1.10.1/stm32cubeide/plugins/com.st.stm32cube.ide.mcu.externaltools.gnu-tools-for-stm32.10.3-2021.10.win32_1.0.0.202111181127/tools/bin/../lib/gcc/arm-none-eabi/10.3.1/../../../../arm-none-eabi/lib/thumb/v6-m/nofp\libm.a(lib_a-s_atan.o)
[...]
Memory Configuration

Name             Origin             Length             Attributes
RAM              0x0000000020000000 0x0000000000009000 xrw
FLASH            0x0000000008000000 0x0000000000020000 xr
*default*        0x0000000000000000 0xffffffffffffffff

Linker script and memory map

LOAD c:/st/stm32cubeide_1.10.1/stm32cubeide/plugins/com.st.stm32cube.ide.mcu.externaltools.gnu-tools-for-stm32.10.3-2021.10.win32_1.0.0.202111181127/tools/bin/../lib/gcc/arm-none-eabi/10.3.1/thumb/v6-m/nofp/crti.o
LOAD c:/st/stm32cubeide_1.10.1/stm32cubeide/plugins/com.st.stm32cube.ide.mcu.externaltools.gnu-tools-for-stm32.10.3-2021.10.win32_1.0.0.202111181127/tools/bin/../lib/gcc/arm-none-eabi/10.3.1/thumb/v6-m/nofp/crtbegin.o
LOAD c:/st/stm32cubeide_1.10.1/stm32cubeide/plugins/com.st.stm32cube.ide.mcu.externaltools.gnu-tools-for-stm32.10.3-2021.10.win32_1.0.0.202111181127/tools/bin/../lib/gcc/arm-none-eabi/10.3.1/../../../../arm-none-eabi/lib/thumb/v6-m/nofp/crt0.o
LOAD ./Core/Src/FHSS/FHSS.o
LOAD ./Core/Src/FHSS/crc.o
LOAD ./Core/Src/FHSS/random.o
LOAD ./Core/Src/SX1280Driver/SX1280.o
LOAD ./Core/Src/SX1280Driver/SX1280_hal.o
LOAD ./Core/Src/TinyGPSPlus/TinyGPS.o
LOAD ./Core/Src/Transmission/Transmission.o
LOAD ./Core/Src/common.o
LOAD ./Core/Src/gps.o
LOAD ./Core/Src/main.o
LOAD ./Core/Src/stm32g0xx_hal_msp.o
LOAD ./Core/Src/stm32g0xx_it.o
LOAD ./Core/Src/syscalls.o
LOAD ./Core/Src/sysmem.o
LOAD ./Core/Src/system_stm32g0xx.o
LOAD ./Core/Src/transmission.o
LOAD ./Core/Startup/startup_stm32g071gbux.o
LOAD ./Drivers/STM32G0xx_HAL_Driver/Src/stm32g0xx_hal.o
LOAD ./Drivers/STM32G0xx_HAL_Driver/Src/stm32g0xx_hal_adc.o
LOAD ./Drivers/STM32G0xx_HAL_Driver/Src/stm32g0xx_hal_adc_ex.o
LOAD ./Drivers/STM32G0xx_HAL_Driver/Src/stm32g0xx_hal_cortex.o
LOAD ./Drivers/STM32G0xx_HAL_Driver/Src/stm32g0xx_hal_dma.o
LOAD ./Drivers/STM32G0xx_HAL_Driver/Src/stm32g0xx_hal_dma_ex.o
LOAD ./Drivers/STM32G0xx_HAL_Driver/Src/stm32g0xx_hal_exti.o
LOAD ./Drivers/STM32G0xx_HAL_Driver/Src/stm32g0xx_hal_flash.o
LOAD ./Drivers/STM32G0xx_HAL_Driver/Src/stm32g0xx_hal_flash_ex.o
LOAD ./Drivers/STM32G0xx_HAL_Driver/Src/stm32g0xx_hal_gpio.o
LOAD ./Drivers/STM32G0xx_HAL_Driver/Src/stm32g0xx_hal_pwr.o
LOAD ./Drivers/STM32G0xx_HAL_Driver/Src/stm32g0xx_hal_pwr_ex.o
LOAD ./Drivers/STM32G0xx_HAL_Driver/Src/stm32g0xx_hal_rcc.o
LOAD ./Drivers/STM32G0xx_HAL_Driver/Src/stm32g0xx_hal_rcc_ex.o
LOAD ./Drivers/STM32G0xx_HAL_Driver/Src/stm32g0xx_hal_spi.o
LOAD ./Drivers/STM32G0xx_HAL_Driver/Src/stm32g0xx_hal_spi_ex.o
LOAD ./Drivers/STM32G0xx_HAL_Driver/Src/stm32g0xx_hal_tim.o
LOAD ./Drivers/STM32G0xx_HAL_Driver/Src/stm32g0xx_hal_tim_ex.o
LOAD ./Drivers/STM32G0xx_HAL_Driver/Src/stm32g0xx_hal_uart.o
LOAD ./Drivers/STM32G0xx_HAL_Driver/Src/stm32g0xx_hal_uart_ex.o
LOAD ./Drivers/STM32G0xx_HAL_Driver/Src/stm32g0xx_ll_adc.o
LOAD ./Drivers/STM32G0xx_HAL_Driver/Src/stm32g0xx_ll_dma.o
LOAD ./Drivers/STM32G0xx_HAL_Driver/Src/stm32g0xx_ll_rcc.o
START GROUP
LOAD c:/st/stm32cubeide_1.10.1/stm32cubeide/plugins/com.st.stm32cube.ide.mcu.externaltools.gnu-tools-for-stm32.10.3-2021.10.win32_1.0.0.202111181127/tools/bin/../lib/gcc/arm-none-eabi/10.3.1/../../../../arm-none-eabi/lib/thumb/v6-m/nofp\libstdc++_nano.a
LOAD c:/st/stm32cubeide_1.10.1/stm32cubeide/plugins/com.st.stm32cube.ide.mcu.externaltools.gnu-tools-for-stm32.10.3-2021.10.win32_1.0.0.202111181127/tools/bin/../lib/gcc/arm-none-eabi/10.3.1/../../../../arm-none-eabi/lib/thumb/v6-m/nofp\libsupc++_nano.a
END GROUP
LOAD c:/st/stm32cubeide_1.10.1/stm32cubeide/plugins/com.st.stm32cube.ide.mcu.externaltools.gnu-tools-for-stm32.10.3-2021.10.win32_1.0.0.202111181127/tools/bin/../lib/gcc/arm-none-eabi/10.3.1/../../../../arm-none-eabi/lib/thumb/v6-m/nofp\libstdc++_nano.a
LOAD c:/st/stm32cubeide_1.10.1/stm32cubeide/plugins/com.st.stm32cube.ide.mcu.externaltools.gnu-tools-for-stm32.10.3-2021.10.win32_1.0.0.202111181127/tools/bin/../lib/gcc/arm-none-eabi/10.3.1/../../../../arm-none-eabi/lib/thumb/v6-m/nofp\libm.a
LOAD c:/st/stm32cubeide_1.10.1/stm32cubeide/plugins/com.st.stm32cube.ide.mcu.externaltools.gnu-tools-for-stm32.10.3-2021.10.win32_1.0.0.202111181127/tools/bin/../lib/gcc/arm-none-eabi/10.3.1/../../../../arm-none-eabi/lib/thumb/v6-m/nofp\libc_nano.a
START GROUP
LOAD c:/st/stm32cubeide_1.10.1/stm32cubeide/plugins/com.st.stm32cube.ide.mcu.externaltools.gnu-tools-for-stm32.10.3-2021.10.win32_1.0.0.202111181127/tools/bin/../lib/gcc/arm-none-eabi/10.3.1/thumb/v6-m/nofp\libgcc.a
LOAD c:/st/stm32cubeide_1.10.1/stm32cubeide/plugins/com.st.stm32cube.ide.mcu.externaltools.gnu-tools-for-stm32.10.3-2021.10.win32_1.0.0.202111181127/tools/bin/../lib/gcc/arm-none-eabi/10.3.1/../../../../arm-none-eabi/lib/thumb/v6-m/nofp\libc_nano.a
END GROUP
START GROUP
LOAD c:/st/stm32cubeide_1.10.1/stm32cubeide/plugins/com.st.stm32cube.ide.mcu.externaltools.gnu-tools-for-stm32.10.3-2021.10.win32_1.0.0.202111181127/tools/bin/../lib/gcc/arm-none-eabi/10.3.1/thumb/v6-m/nofp\libgcc.a
LOAD c:/st/stm32cubeide_1.10.1/stm32cubeide/plugins/com.st.stm32cube.ide.mcu.externaltools.gnu-tools-for-stm32.10.3-2021.10.win32_1.0.0.202111181127/tools/bin/../lib/gcc/arm-none-eabi/10.3.1/../../../../arm-none-eabi/lib/thumb/v6-m/nofp\libc_nano.a
LOAD c:/st/stm32cubeide_1.10.1/stm32cubeide/plugins/com.st.stm32cube.ide.mcu.externaltools.gnu-tools-for-stm32.10.3-2021.10.win32_1.0.0.202111181127/tools/bin/../lib/gcc/arm-none-eabi/10.3.1/../../../../arm-none-eabi/lib/thumb/v6-m/nofp\libnosys.a
END GROUP
START GROUP
LOAD c:/st/stm32cubeide_1.10.1/stm32cubeide/plugins/com.st.stm32cube.ide.mcu.externaltools.gnu-tools-for-stm32.10.3-2021.10.win32_1.0.0.202111181127/tools/bin/../lib/gcc/arm-none-eabi/10.3.1/thumb/v6-m/nofp\libgcc.a
LOAD c:/st/stm32cubeide_1.10.1/stm32cubeide/plugins/com.st.stm32cube.ide.mcu.externaltools.gnu-tools-for-stm32.10.3-2021.10.win32_1.0.0.202111181127/tools/bin/../lib/gcc/arm-none-eabi/10.3.1/../../../../arm-none-eabi/lib/thumb/v6-m/nofp\libc_nano.a
LOAD c:/st/stm32cubeide_1.10.1/stm32cubeide/plugins/com.st.stm32cube.ide.mcu.externaltools.gnu-tools-for-stm32.10.3-2021.10.win32_1.0.0.202111181127/tools/bin/../lib/gcc/arm-none-eabi/10.3.1/../../../../arm-none-eabi/lib/thumb/v6-m/nofp\libnosys.a
END GROUP
LOAD c:/st/stm32cubeide_1.10.1/stm32cubeide/plugins/com.st.stm32cube.ide.mcu.externaltools.gnu-tools-for-stm32.10.3-2021.10.win32_1.0.0.202111181127/tools/bin/../lib/gcc/arm-none-eabi/10.3.1/thumb/v6-m/nofp/crtend.o
LOAD c:/st/stm32cubeide_1.10.1/stm32cubeide/plugins/com.st.stm32cube.ide.mcu.externaltools.gnu-tools-for-stm32.10.3-2021.10.win32_1.0.0.202111181127/tools/bin/../lib/gcc/arm-none-eabi/10.3.1/thumb/v6-m/nofp/crtn.o
                0x0000000020009000                _estack = (ORIGIN (RAM) + LENGTH (RAM))
                0x0000000000000200                _Min_Heap_Size = 0x200
                0x0000000000000400                _Min_Stack_Size = 0x400

.isr_vector     0x0000000008000000       0xbc
                0x0000000008000000                . = ALIGN (0x4)
 *(.isr_vector)
 .isr_vector    0x0000000008000000       0xbc ./Core/Startup/startup_stm32g071gbux.o
                0x0000000008000000                g_pfnVectors
                0x00000000080000bc                . = ALIGN (0x4)

.text           0x00000000080000bc     0x994c
                0x00000000080000bc                . = ALIGN (0x4)
 *(.text)
 .text          0x00000000080000bc       0x48 c:/st/stm32cubeide_1.10.1/stm32cubeide/plugins/com.st.stm32cube.ide.mcu.externaltools.gnu-tools-for-stm32.10.3-2021.10.win32_1.0.0.202111181127/tools/bin/../lib/gcc/arm-none-eabi/10.3.1/thumb/v6-m/nofp/crtbegin.o
 .text          0x0000000008000104       0x14 c:/st/stm32cubeide_1.10.1/stm32cubeide/plugins/com.st.stm32cube.ide.mcu.externaltools.gnu-tools-for-stm32.10.3-2021.10.win32_1.0.0.202111181127/tools/bin/../lib/gcc/arm-none-eabi/10.3.1/../../../../arm-none-eabi/lib/thumb/v6-m/nofp\libc_nano.a(lib_a-strcmp.o)
                0x0000000008000104                strcmp
 .text          0x0000000008000118       0x14 c:/st/stm32cubeide_1.10.1/stm32cubeide/plugins/com.st.stm32cube.ide.mcu.externaltools.gnu-tools-for-stm32.10.3-2021.10.win32_1.0.0.202111181127/tools/bin/../lib/gcc/arm-none-eabi/10.3.1/thumb/v6-m/nofp\libgcc.a(_thumb1_case_shi.o)
                0x0000000008000118                __gnu_thumb1_case_shi
 .text          0x000000000800012c      0x114 c:/st/stm32cubeide_1.10.1/stm32cubeide/plugins/com.st.stm32cube.ide.mcu.externaltools.gnu-tools-for-stm32.10.3-2021.10.win32_1.0.0.202111181127/tools/bin/../lib/gcc/arm-none-eabi/10.3.1/thumb/v6-m/nofp\libgcc.a(_udivsi3.o)
                0x000000000800012c                __aeabi_uidiv
                0x000000000800012c                __udivsi3
                0x0000000008000238                __aeabi_uidivmod
 .text          0x0000000008000240      0x1d4 c:/st/stm32cubeide_1.10.1/stm32cubeide/plugins/com.st.stm32cube.ide.mcu.externaltools.gnu-tools-for-stm32.10.3-2021.10.win32_1.0.0.202111181127/tools/bin/../lib/gcc/arm-none-eabi/10.3.1/thumb/v6-m/nofp\libgcc.a(_divsi3.o)
                0x0000000008000240                __divsi3
                0x0000000008000240                __aeabi_idiv
                0x000000000800040c                __aeabi_idivmod
 .text          0x0000000008000414        0x4 c:/st/stm32cubeide_1.10.1/stm32cubeide/plugins/com.st.stm32cube.ide.mcu.externaltools.gnu-tools-for-stm32.10.3-2021.10.win32_1.0.0.202111181127/tools/bin/../lib/gcc/arm-none-eabi/10.3.1/thumb/v6-m/nofp\libgcc.a(_dvmd_tls.o)
                0x0000000008000414                __aeabi_idiv0
                0x0000000008000414                __aeabi_ldiv0
 .text          0x0000000008000418       0x40 c:/st/stm32cubeide_1.10.1/stm32cubeide/plugins/com.st.stm32cube.ide.mcu.externaltools.gnu-tools-for-stm32.10.3-2021.10.win32_1.0.0.202111181127/tools/bin/../lib/gcc/arm-none-eabi/10.3.1/thumb/v6-m/nofp\libgcc.a(_aeabi_uldivmod.o)
                0x0000000008000418                __aeabi_uldivmod
 .text          0x0000000008000458      0x198 c:/st/stm32cubeide_1.10.1/stm32cubeide/plugins/com.st.stm32cube.ide.mcu.externaltools.gnu-tools-for-stm32.10.3-2021.10.win32_1.0.0.202111181127/tools/bin/../lib/gcc/arm-none-eabi/10.3.1/thumb/v6-m/nofp\libgcc.a(_udivmoddi4.o)
                0x0000000008000458                __udivmoddi4
 .text          0x00000000080005f0       0x3c c:/st/stm32cubeide_1.10.1/stm32cubeide/plugins/com.st.stm32cube.ide.mcu.externaltools.gnu-tools-for-stm32.10.3-2021.10.win32_1.0.0.202111181127/tools/bin/../lib/gcc/arm-none-eabi/10.3.1/thumb/v6-m/nofp\libgcc.a(_clzsi2.o)
                0x00000000080005f0                __clzsi2
 .text          0x000000000800062c       0x18 c:/st/stm32cubeide_1.10.1/stm32cubeide/plugins/com.st.stm32cube.ide.mcu.externaltools.gnu-tools-for-stm32.10.3-2021.10.win32_1.0.0.202111181127/tools/bin/../lib/gcc/arm-none-eabi/10.3.1/thumb/v6-m/nofp\libgcc.a(_clzdi2.o)
                0x000000000800062c                __clzdi2
 *(.text*)
 .text._Z5crc32PKhj
                0x0000000008000644       0x58 ./Core/Src/FHSS/crc.o
                0x0000000008000644                crc32(unsigned char const*, unsigned int)
 .text._ZNK9SX1280Hal9BusyDelayEm
                0x000000000800069c       0x12 ./Core/Src/SX1280Driver/SX1280.o
                0x000000000800069c                SX1280Hal::BusyDelay(unsigned long) const
 *fill*         0x00000000080006ae        0x2 
 .text._ZN12SX1280DriverC2Ev
                0x00000000080006b0       0x2c ./Core/Src/SX1280Driver/SX1280.o
                0x00000000080006b0                SX1280Driver::SX1280Driver()
                0x00000000080006b0                SX1280Driver::SX1280Driver()
 .text._ZN12SX1280Driver5BeginEv
                0x00000000080006dc      0x120 ./Core/Src/SX1280Driver/SX1280.o
                0x00000000080006dc                SX1280Driver::Begin()
 .text._ZN12SX1280Driver6ConfigEhhhmhbhmmth
                0x00000000080007fc      0x134 ./Core/Src/SX1280Driver/SX1280.o
                0x00000000080007fc                SX1280Driver::Config(unsigned char, unsigned char, unsigned char, unsigned long, unsigned char, bool, unsigned char, unsigned long, unsigned long, unsigned short, unsigned char)
 .text._ZN12SX1280Driver14SetRxTimeoutUsEm
                0x0000000008000930       0x44 ./Core/Src/SX1280Driver/SX1280.o
                0x0000000008000930                SX1280Driver::SetRxTimeoutUs(unsigned long)
 .text._ZN12SX1280Driver14SetOutputPowerEa
                0x0000000008000974       0x64 ./Core/Src/SX1280Driver/SX1280.o
                0x0000000008000974                SX1280Driver::SetOutputPower(signed char)
 .text._ZN12SX1280Driver7SetModeE28SX1280_RadioOperatingModes_t
                0x00000000080009d8      0x100 ./Core/Src/SX1280Driver/SX1280.o
                0x00000000080009d8                SX1280Driver::SetMode(SX1280_RadioOperatingModes_t)
 .text._ZN12SX1280Driver19ConfigModParamsLoRaEhhh
                0x0000000008000ad8       0x98 ./Core/Src/SX1280Driver/SX1280.o
                0x0000000008000ad8                SX1280Driver::ConfigModParamsLoRa(unsigned char, unsigned char, unsigned char)
 .text._ZN12SX1280Driver19SetPacketParamsLoRaEh36SX1280_RadioLoRaPacketLengthsModes_th26SX1280_RadioLoRaCrcModes_th
                0x0000000008000b70       0x80 ./Core/Src/SX1280Driver/SX1280.o
                0x0000000008000b70                SX1280Driver::SetPacketParamsLoRa(unsigned char, SX1280_RadioLoRaPacketLengthsModes_t, unsigned char, SX1280_RadioLoRaCrcModes_t, unsigned char)
 .text._ZN12SX1280Driver19ConfigModParamsFLRCEhhh
                0x0000000008000bf0       0x54 ./Core/Src/SX1280Driver/SX1280.o
                0x0000000008000bf0                SX1280Driver::ConfigModParamsFLRC(unsigned char, unsigned char, unsigned char)
 .text._ZN12SX1280Driver19SetPacketParamsFLRCEhhhhmt
                0x0000000008000c44      0x128 ./Core/Src/SX1280Driver/SX1280.o
                0x0000000008000c44                SX1280Driver::SetPacketParamsFLRC(unsigned char, unsigned char, unsigned char, unsigned char, unsigned long, unsigned short)
 .text._ZN12SX1280Driver15SetFrequencyRegEm
                0x0000000008000d6c       0x58 ./Core/Src/SX1280Driver/SX1280.o
                0x0000000008000d6c                SX1280Driver::SetFrequencyReg(unsigned long)
 .text._ZN12SX1280Driver11SetFIFOaddrEhh
                0x0000000008000dc4       0x44 ./Core/Src/SX1280Driver/SX1280.o
                0x0000000008000dc4                SX1280Driver::SetFIFOaddr(unsigned char, unsigned char)
 .text._ZN12SX1280Driver15SetDioIrqParamsEtttt
                0x0000000008000e08       0xa4 ./Core/Src/SX1280Driver/SX1280.o
                0x0000000008000e08                SX1280Driver::SetDioIrqParams(unsigned short, unsigned short, unsigned short, unsigned short)
 .text._ZN12SX1280Driver12GetIrqStatusEv
                0x0000000008000eac       0x38 ./Core/Src/SX1280Driver/SX1280.o
                0x0000000008000eac                SX1280Driver::GetIrqStatus()
 .text._ZN12SX1280Driver14ClearIrqStatusEt
                0x0000000008000ee4       0x40 ./Core/Src/SX1280Driver/SX1280.o
                0x0000000008000ee4                SX1280Driver::ClearIrqStatus(unsigned short)
 .text._ZN12SX1280Driver7TXnbISREv
                0x0000000008000f24       0x26 ./Core/Src/SX1280Driver/SX1280.o
                0x0000000008000f24                SX1280Driver::TXnbISR()
 *fill*         0x0000000008000f4a        0x2 
 .text._ZN12SX1280Driver4TXnbEv
                0x0000000008000f4c       0x8c ./Core/Src/SX1280Driver/SX1280.o
                0x0000000008000f4c                SX1280Driver::TXnb()
 .text._ZN12SX1280Driver7RXnbISREv
                0x0000000008000fd8       0x68 ./Core/Src/SX1280Driver/SX1280.o
                0x0000000008000fd8                SX1280Driver::RXnbISR()
 .text._ZN12SX1280Driver4RXnbEv
                0x0000000008001040       0x28 ./Core/Src/SX1280Driver/SX1280.o
                0x0000000008001040                SX1280Driver::RXnb()
 .text._ZN12SX1280Driver15GetRxBufferAddrEv
                0x0000000008001068       0x30 ./Core/Src/SX1280Driver/SX1280.o
                0x0000000008001068                SX1280Driver::GetRxBufferAddr()
 .text._ZN12SX1280Driver18GetLastPacketStatsEv
                0x0000000008001098       0x7c ./Core/Src/SX1280Driver/SX1280.o
                0x0000000008001098                SX1280Driver::GetLastPacketStats()
 .text._ZN12SX1280Driver11IsrCallbackEv
                0x0000000008001114       0x68 ./Core/Src/SX1280Driver/SX1280.o
                0x0000000008001114                SX1280Driver::IsrCallback()
 .text._Z41__static_initialization_and_destruction_0ii
                0x000000000800117c       0x30 ./Core/Src/SX1280Driver/SX1280.o
 .text._GLOBAL__sub_I_hal
                0x00000000080011ac       0x18 ./Core/Src/SX1280Driver/SX1280.o
 .text._ZN9SX1280HalC2Ev
                0x00000000080011c4       0x1c ./Core/Src/SX1280Driver/SX1280_hal.o
                0x00000000080011c4                SX1280Hal::SX1280Hal()
                0x00000000080011c4                SX1280Hal::SX1280Hal()
 .text._ZN9SX1280Hal4initEv
                0x00000000080011e0       0x10 ./Core/Src/SX1280Driver/SX1280_hal.o
                0x00000000080011e0                SX1280Hal::init()
 .text._ZN9SX1280Hal5resetEv
                0x00000000080011f0       0x10 ./Core/Src/SX1280Driver/SX1280_hal.o
                0x00000000080011f0                SX1280Hal::reset()
 .text._ZN9SX1280Hal12WriteCommandE15RadioCommands_uh
                0x0000000008001200       0x74 ./Core/Src/SX1280Driver/SX1280_hal.o
                0x0000000008001200                SX1280Hal::WriteCommand(RadioCommands_u, unsigned char)
 .text._ZN9SX1280Hal12WriteCommandE15RadioCommands_uPhh
                0x0000000008001274       0x8c ./Core/Src/SX1280Driver/SX1280_hal.o
                0x0000000008001274                SX1280Hal::WriteCommand(RadioCommands_u, unsigned char*, unsigned char)
 .text._ZN9SX1280Hal11ReadCommandE15RadioCommands_uPhh
                0x0000000008001300       0xd4 ./Core/Src/SX1280Driver/SX1280_hal.o
                0x0000000008001300                SX1280Hal::ReadCommand(RadioCommands_u, unsigned char*, unsigned char)
 .text._ZN9SX1280Hal13WriteRegisterEtPhh
                0x00000000080013d4       0xa4 ./Core/Src/SX1280Driver/SX1280_hal.o
                0x00000000080013d4                SX1280Hal::WriteRegister(unsigned short, unsigned char*, unsigned char)
 .text._ZN9SX1280Hal13WriteRegisterEth
                0x0000000008001478       0x2e ./Core/Src/SX1280Driver/SX1280_hal.o
                0x0000000008001478                SX1280Hal::WriteRegister(unsigned short, unsigned char)
 *fill*         0x00000000080014a6        0x2 
 .text._ZN9SX1280Hal12ReadRegisterEtPhh
                0x00000000080014a8       0xa0 ./Core/Src/SX1280Driver/SX1280_hal.o
                0x00000000080014a8                SX1280Hal::ReadRegister(unsigned short, unsigned char*, unsigned char)
 .text._ZN9SX1280Hal12ReadRegisterEt
                0x0000000008001548       0x2a ./Core/Src/SX1280Driver/SX1280_hal.o
                0x0000000008001548                SX1280Hal::ReadRegister(unsigned short)
 *fill*         0x0000000008001572        0x2 
 .text._ZN9SX1280Hal11WriteBufferEhPVhh
                0x0000000008001574       0xa4 ./Core/Src/SX1280Driver/SX1280_hal.o
                0x0000000008001574                SX1280Hal::WriteBuffer(unsigned char, unsigned char volatile*, unsigned char)
 .text._ZN9SX1280Hal10ReadBufferEhPVhh
                0x0000000008001618       0xa8 ./Core/Src/SX1280Driver/SX1280_hal.o
                0x0000000008001618                SX1280Hal::ReadBuffer(unsigned char, unsigned char volatile*, unsigned char)
 .text._ZN9SX1280Hal10WaitOnBusyEv
                0x00000000080016c0       0x54 ./Core/Src/SX1280Driver/SX1280_hal.o
                0x00000000080016c0                SX1280Hal::WaitOnBusy()
 .text._ZN9SX1280Hal8TXenableEv
                0x0000000008001714       0x40 ./Core/Src/SX1280Driver/SX1280_hal.o
                0x0000000008001714                SX1280Hal::TXenable()
 .text._ZN9SX1280Hal8RXenableEv
                0x0000000008001754       0x40 ./Core/Src/SX1280Driver/SX1280_hal.o
                0x0000000008001754                SX1280Hal::RXenable()
 .text._ZN9SX1280Hal11TXRXdisableEv
                0x0000000008001794       0x40 ./Core/Src/SX1280Driver/SX1280_hal.o
                0x0000000008001794                SX1280Hal::TXRXdisable()
 .text.HAL_GPIO_EXTI_Rising_Callback
                0x00000000080017d4       0x20 ./Core/Src/SX1280Driver/SX1280_hal.o
                0x00000000080017d4                HAL_GPIO_EXTI_Rising_Callback
 .text._ZN10RawDegreesC2Ev
                0x00000000080017f4       0x24 ./Core/Src/TinyGPSPlus/TinyGPS.o
                0x00000000080017f4                RawDegrees::RawDegrees()
                0x00000000080017f4                RawDegrees::RawDegrees()
 .text._ZN15TinyGPSLocationC2Ev
                0x0000000008001818       0x46 ./Core/Src/TinyGPSPlus/TinyGPS.o
                0x0000000008001818                TinyGPSLocation::TinyGPSLocation()
                0x0000000008001818                TinyGPSLocation::TinyGPSLocation()
 .text._ZN11TinyGPSDateC2Ev
                0x000000000800185e       0x24 ./Core/Src/TinyGPSPlus/TinyGPS.o
                0x000000000800185e                TinyGPSDate::TinyGPSDate()
                0x000000000800185e                TinyGPSDate::TinyGPSDate()
 .text._ZN11TinyGPSTimeC2Ev
                0x0000000008001882       0x24 ./Core/Src/TinyGPSPlus/TinyGPS.o
                0x0000000008001882                TinyGPSTime::TinyGPSTime()
                0x0000000008001882                TinyGPSTime::TinyGPSTime()
 .text._ZN14TinyGPSDecimalC2Ev
                0x00000000080018a6       0x24 ./Core/Src/TinyGPSPlus/TinyGPS.o
                0x00000000080018a6                TinyGPSDecimal::TinyGPSDecimal()
                0x00000000080018a6                TinyGPSDecimal::TinyGPSDecimal()
 .text._ZN14TinyGPSIntegerC2Ev
                0x00000000080018ca       0x24 ./Core/Src/TinyGPSPlus/TinyGPS.o
                0x00000000080018ca                TinyGPSInteger::TinyGPSInteger()
                0x00000000080018ca                TinyGPSInteger::TinyGPSInteger()
 .text._ZN12TinyGPSSpeedC2Ev
                0x00000000080018ee       0x1a ./Core/Src/TinyGPSPlus/TinyGPS.o
                0x00000000080018ee                TinyGPSSpeed::TinyGPSSpeed()
                0x00000000080018ee                TinyGPSSpeed::TinyGPSSpeed()
 .text._ZN13TinyGPSCourseC2Ev
                0x0000000008001908       0x1a ./Core/Src/TinyGPSPlus/TinyGPS.o
                0x0000000008001908                TinyGPSCourse::TinyGPSCourse()
                0x0000000008001908                TinyGPSCourse::TinyGPSCourse()
 .text._ZN15TinyGPSAltitudeC2Ev
                0x0000000008001922       0x1a ./Core/Src/TinyGPSPlus/TinyGPS.o
                0x0000000008001922                TinyGPSAltitude::TinyGPSAltitude()
                0x0000000008001922                TinyGPSAltitude::TinyGPSAltitude()
 .text._ZN11TinyGPSHDOPC2Ev
                0x000000000800193c       0x1a ./Core/Src/TinyGPSPlus/TinyGPS.o
                0x000000000800193c                TinyGPSHDOP::TinyGPSHDOP()
                0x000000000800193c                TinyGPSHDOP::TinyGPSHDOP()
 .text._ZN11TinyGPSPlusC2Ev
                0x0000000008001956       0xc8 ./Core/Src/TinyGPSPlus/TinyGPS.o
                0x0000000008001956                TinyGPSPlus::TinyGPSPlus()
                0x0000000008001956                TinyGPSPlus::TinyGPSPlus()
 *fill*         0x0000000008001a1e        0x2 
 .text._ZN11TinyGPSPlus6encodeEc
                0x0000000008001a20      0x140 ./Core/Src/TinyGPSPlus/TinyGPS.o
                0x0000000008001a20                TinyGPSPlus::encode(char)
 .text._ZN11TinyGPSPlus7fromHexEc
                0x0000000008001b60       0x4c ./Core/Src/TinyGPSPlus/TinyGPS.o
                0x0000000008001b60                TinyGPSPlus::fromHex(char)
 .text._ZN11TinyGPSPlus12parseDecimalEPKc
                0x0000000008001bac       0xce ./Core/Src/TinyGPSPlus/TinyGPS.o
                0x0000000008001bac                TinyGPSPlus::parseDecimal(char const*)
 *fill*         0x0000000008001c7a        0x2 
 .text._ZN11TinyGPSPlus12parseDegreesEPKcR10RawDegrees
                0x0000000008001c7c       0xe0 ./Core/Src/TinyGPSPlus/TinyGPS.o
                0x0000000008001c7c                TinyGPSPlus::parseDegrees(char const*, RawDegrees&)
 .text._ZN11TinyGPSPlus16endOfTermHandlerEv
                0x0000000008001d5c      0x3e4 ./Core/Src/TinyGPSPlus/TinyGPS.o
                0x0000000008001d5c                TinyGPSPlus::endOfTermHandler()
 .text._ZN15TinyGPSLocation6commitEv
                0x0000000008002140       0x4a ./Core/Src/TinyGPSPlus/TinyGPS.o
                0x0000000008002140                TinyGPSLocation::commit()
 .text._ZN15TinyGPSLocation11setLatitudeEPKc
                0x000000000800218a       0x22 ./Core/Src/TinyGPSPlus/TinyGPS.o
                0x000000000800218a                TinyGPSLocation::setLatitude(char const*)
 .text._ZN15TinyGPSLocation12setLongitudeEPKc
                0x00000000080021ac       0x22 ./Core/Src/TinyGPSPlus/TinyGPS.o
                0x00000000080021ac                TinyGPSLocation::setLongitude(char const*)
 .text._ZN11TinyGPSDate6commitEv
                0x00000000080021ce       0x30 ./Core/Src/TinyGPSPlus/TinyGPS.o
                0x00000000080021ce                TinyGPSDate::commit()
 .text._ZN11TinyGPSTime6commitEv
                0x00000000080021fe       0x30 ./Core/Src/TinyGPSPlus/TinyGPS.o
                0x00000000080021fe                TinyGPSTime::commit()
 .text._ZN11TinyGPSTime7setTimeEPKc
                0x000000000800222e       0x22 ./Core/Src/TinyGPSPlus/TinyGPS.o
                0x000000000800222e                TinyGPSTime::setTime(char const*)
 .text._ZN11TinyGPSDate7setDateEPKc
                0x0000000008002250       0x22 ./Core/Src/TinyGPSPlus/TinyGPS.o
                0x0000000008002250                TinyGPSDate::setDate(char const*)
 .text._ZN14TinyGPSDecimal6commitEv
                0x0000000008002272       0x30 ./Core/Src/TinyGPSPlus/TinyGPS.o
                0x0000000008002272                TinyGPSDecimal::commit()
 .text._ZN14TinyGPSDecimal3setEPKc
                0x00000000080022a2       0x20 ./Core/Src/TinyGPSPlus/TinyGPS.o
                0x00000000080022a2                TinyGPSDecimal::set(char const*)
 .text._ZN14TinyGPSInteger6commitEv
                0x00000000080022c2       0x30 ./Core/Src/TinyGPSPlus/TinyGPS.o
                0x00000000080022c2                TinyGPSInteger::commit()
 .text._ZN14TinyGPSInteger3setEPKc
                0x00000000080022f2       0x22 ./Core/Src/TinyGPSPlus/TinyGPS.o
                0x00000000080022f2                TinyGPSInteger::set(char const*)
 .text._ZN13TinyGPSCustom6commitEv
                0x0000000008002314       0x3c ./Core/Src/TinyGPSPlus/TinyGPS.o
                0x0000000008002314                TinyGPSCustom::commit()
 .text._ZN13TinyGPSCustom3setEPKc
                0x0000000008002350       0x1e ./Core/Src/TinyGPSPlus/TinyGPS.o
                0x0000000008002350                TinyGPSCustom::set(char const*)
 .text._ZN12SX1280Driver11SetIdleModeEv
                0x000000000800236e       0x1a ./Core/Src/Transmission/Transmission.o
                0x000000000800236e                SX1280Driver::SetIdleMode()
 .text._ZN12Transmission17resetTransmissionEv
                0x0000000008002388       0x26 ./Core/Src/Transmission/Transmission.o
                0x0000000008002388                Transmission::resetTransmission()
 *fill*         0x00000000080023ae        0x2 
 .text._ZL14GetInitialFreqv
                0x00000000080023b0       0x1c ./Core/Src/Transmission/Transmission.o
 .text._ZL15FHSSgetNextFreqv
                0x00000000080023cc       0x54 ./Core/Src/Transmission/Transmission.o
 .text._ZL10rxCallbackv
                0x0000000008002420       0x18 ./Core/Src/Transmission/Transmission.o
 .text._ZL10txCallbackv
                0x0000000008002438       0x18 ./Core/Src/Transmission/Transmission.o
 .text._ZN12Transmission5beginEP17TIM_HandleTypeDef
                0x0000000008002450       0x7c ./Core/Src/Transmission/Transmission.o
                0x0000000008002450                Transmission::begin(TIM_HandleTypeDef*)
 .text._ZN12Transmission13setLinkPhraseEPKhm
                0x00000000080024cc       0x42 ./Core/Src/Transmission/Transmission.o
                0x00000000080024cc                Transmission::setLinkPhrase(unsigned char const*, unsigned long)
 .text._ZN12Transmission12setDirectionE24transmission_direction_e
                0x000000000800250e       0x40 ./Core/Src/Transmission/Transmission.o
                0x000000000800250e                Transmission::setDirection(transmission_direction_e)
 *fill*         0x000000000800254e        0x2 
 .text._ZN12Transmission18enableTransmissionEv
                0x0000000008002550      0x190 ./Core/Src/Transmission/Transmission.o
                0x0000000008002550                Transmission::enableTransmission()
 .text._ZN12Transmission19disableTransmissionEv
                0x00000000080026e0       0x74 ./Core/Src/Transmission/Transmission.o
                0x00000000080026e0                Transmission::disableTransmission()
 .text._ZN12Transmission15processRFPacketEv
                0x0000000008002754       0x7c ./Core/Src/Transmission/Transmission.o
                0x0000000008002754                Transmission::processRFPacket()
 .text._ZN12Transmission9rxDoneISREv
                0x00000000080027d0       0x6e ./Core/Src/Transmission/Transmission.o
                0x00000000080027d0                Transmission::rxDoneISR()
 .text._ZN12Transmission9txDoneISREv
                0x000000000800283e       0x28 ./Core/Src/Transmission/Transmission.o
                0x000000000800283e                Transmission::txDoneISR()
 .text._ZN12Transmission9rxTimeoutEv
                0x0000000008002866       0x88 ./Core/Src/Transmission/Transmission.o
                0x0000000008002866                Transmission::rxTimeout()
 .text._ZN12Transmission10txTransmitEv
                0x00000000080028ee       0x98 ./Core/Src/Transmission/Transmission.o
                0x00000000080028ee                Transmission::txTransmit()
 .text._ZN12Transmission12getDirectionEv
                0x0000000008002986       0x16 ./Core/Src/Transmission/Transmission.o
                0x0000000008002986                Transmission::getDirection()
 .text.HAL_TIM_PeriodElapsedCallback
                0x000000000800299c       0x44 ./Core/Src/Transmission/Transmission.o
                0x000000000800299c                HAL_TIM_PeriodElapsedCallback
 .text._ZN6LQCALCILh30EE5resetEv
                0x00000000080029e0       0x4e ./Core/Src/Transmission/Transmission.o
                0x00000000080029e0                LQCALC<(unsigned char)30>::reset()
 .text._ZN6LQCALCILh30EE3incEv
                0x0000000008002a2e       0xb0 ./Core/Src/Transmission/Transmission.o
                0x0000000008002a2e                LQCALC<(unsigned char)30>::inc()
 .text._ZN6LQCALCILh30EE3addEv
                0x0000000008002ade       0x4e ./Core/Src/Transmission/Transmission.o
                0x0000000008002ade                LQCALC<(unsigned char)30>::add()
 .text._ZNK6LQCALCILh30EE12currentIsSetEv
                0x0000000008002b2c       0x2a ./Core/Src/Transmission/Transmission.o
                0x0000000008002b2c                LQCALC<(unsigned char)30>::currentIsSet() const
 .text._ZNK15TinyGPSLocation7isValidEv
                0x0000000008002b56       0x14 ./Core/Src/gps.o
                0x0000000008002b56                TinyGPSLocation::isValid() const
 *fill*         0x0000000008002b6a        0x2 
 .text._Z8gpsSetupv
                0x0000000008002b6c       0xac ./Core/Src/gps.o
                0x0000000008002b6c                gpsSetup()
 .text._Z6gpsRunv
                0x0000000008002c18       0x5c ./Core/Src/gps.o
                0x0000000008002c18                gpsRun()
 .text.HAL_UART_RxCpltCallback
                0x0000000008002c74       0x44 ./Core/Src/gps.o
                0x0000000008002c74                HAL_UART_RxCpltCallback
 .text._Z41__static_initialization_and_destruction_0ii
                0x0000000008002cb8       0x30 ./Core/Src/gps.o
 .text._GLOBAL__sub_I_gps
                0x0000000008002ce8       0x18 ./Core/Src/gps.o
 .text._ZN20TransmissionSettingsC2Ev
                0x0000000008002d00       0x48 ./Core/Src/main.o
                0x0000000008002d00                TransmissionSettings::TransmissionSettings()
                0x0000000008002d00                TransmissionSettings::TransmissionSettings()
 .text._ZN12TransmissionC2Ev
                0x0000000008002d48       0x44 ./Core/Src/main.o
                0x0000000008002d48                Transmission::Transmission()
                0x0000000008002d48                Transmission::Transmission()
 .text.main     0x0000000008002d8c       0x84 ./Core/Src/main.o
                0x0000000008002d8c                main
 .text._Z18SystemClock_Configv
                0x0000000008002e10       0xcc ./Core/Src/main.o
                0x0000000008002e10                SystemClock_Config()
 .text._ZL12MX_ADC1_Initv
                0x0000000008002edc       0xe4 ./Core/Src/main.o
 .text._ZL12MX_SPI1_Initv
                0x0000000008002fc0       0x84 ./Core/Src/main.o
 .text._ZL12MX_TIM2_Initv
                0x0000000008003044       0xc0 ./Core/Src/main.o
 .text._ZL19MX_USART1_UART_Initv
                0x0000000008003104       0xbc ./Core/Src/main.o
 .text._ZL19MX_USART2_UART_Initv
                0x00000000080031c0       0xbc ./Core/Src/main.o
 .text._ZL12MX_GPIO_Initv
                0x000000000800327c      0x168 ./Core/Src/main.o
 .text.Error_Handler
                0x00000000080033e4        0xa ./Core/Src/main.o
                0x00000000080033e4                Error_Handler
 .text._ZN6LQCALCILh30EEC2Ev
                0x00000000080033ee       0x20 ./Core/Src/main.o
                0x00000000080033ee                LQCALC<(unsigned char)30>::LQCALC()
                0x00000000080033ee                LQCALC<(unsigned char)30>::LQCALC()
 *fill*         0x000000000800340e        0x2 
 .text.HAL_MspInit
                0x0000000008003410       0x50 ./Core/Src/stm32g0xx_hal_msp.o
                0x0000000008003410                HAL_MspInit
 .text.HAL_ADC_MspInit
                0x0000000008003460       0xb8 ./Core/Src/stm32g0xx_hal_msp.o
                0x0000000008003460                HAL_ADC_MspInit
 .text.HAL_SPI_MspInit
                0x0000000008003518       0xa4 ./Core/Src/stm32g0xx_hal_msp.o
                0x0000000008003518                HAL_SPI_MspInit
 .text.HAL_TIM_Base_MspInit
                0x00000000080035bc       0x48 ./Core/Src/stm32g0xx_hal_msp.o
                0x00000000080035bc                HAL_TIM_Base_MspInit
 .text.HAL_UART_MspInit
                0x0000000008003604      0x164 ./Core/Src/stm32g0xx_hal_msp.o
                0x0000000008003604                HAL_UART_MspInit
 .text.NMI_Handler
                0x0000000008003768        0x6 ./Core/Src/stm32g0xx_it.o
                0x0000000008003768                NMI_Handler
 .text.HardFault_Handler
                0x000000000800376e        0x6 ./Core/Src/stm32g0xx_it.o
                0x000000000800376e                HardFault_Handler
 .text.SVC_Handler
                0x0000000008003774        0xa ./Core/Src/stm32g0xx_it.o
                0x0000000008003774                SVC_Handler
 .text.PendSV_Handler
                0x000000000800377e        0xa ./Core/Src/stm32g0xx_it.o
                0x000000000800377e                PendSV_Handler
 .text.SysTick_Handler
                0x0000000008003788        0xe ./Core/Src/stm32g0xx_it.o
                0x0000000008003788                SysTick_Handler
 .text.EXTI4_15_IRQHandler
                0x0000000008003796       0x16 ./Core/Src/stm32g0xx_it.o
                0x0000000008003796                EXTI4_15_IRQHandler
 .text.TIM2_IRQHandler
                0x00000000080037ac       0x18 ./Core/Src/stm32g0xx_it.o
                0x00000000080037ac                TIM2_IRQHandler
 .text.SPI1_IRQHandler
                0x00000000080037c4       0x18 ./Core/Src/stm32g0xx_it.o
                0x00000000080037c4                SPI1_IRQHandler
 .text.USART1_IRQHandler
                0x00000000080037dc       0x18 ./Core/Src/stm32g0xx_it.o
                0x00000000080037dc                USART1_IRQHandler
 .text._sbrk    0x00000000080037f4       0x6c ./Core/Src/sysmem.o
                0x00000000080037f4                _sbrk
 .text.SystemInit
                0x0000000008003860       0x18 ./Core/Src/system_stm32g0xx.o
                0x0000000008003860                SystemInit
 .text.Reset_Handler
                0x0000000008003878       0x50 ./Core/Startup/startup_stm32g071gbux.o
                0x0000000008003878                Reset_Handler
 .text.Default_Handler
                0x00000000080038c8        0x2 ./Core/Startup/startup_stm32g071gbux.o
                0x00000000080038c8                USART3_4_LPUART1_IRQHandler
                0x00000000080038c8                TIM1_CC_IRQHandler
                0x00000000080038c8                ADC1_COMP_IRQHandler
                0x00000000080038c8                PVD_IRQHandler
                0x00000000080038c8                I2C1_IRQHandler
                0x00000000080038c8                TIM7_LPTIM2_IRQHandler
                0x00000000080038c8                RTC_TAMP_IRQHandler
                0x00000000080038c8                EXTI2_3_IRQHandler
                0x00000000080038c8                I2C2_IRQHandler
                0x00000000080038c8                TIM17_IRQHandler
                0x00000000080038c8                TIM16_IRQHandler
                0x00000000080038c8                TIM3_IRQHandler
                0x00000000080038c8                RCC_IRQHandler
                0x00000000080038c8                DMA1_Channel1_IRQHandler
                0x00000000080038c8                Default_Handler
                0x00000000080038c8                CEC_IRQHandler
                0x00000000080038c8                TIM14_IRQHandler
                0x00000000080038c8                TIM15_IRQHandler
                0x00000000080038c8                EXTI0_1_IRQHandler
                0x00000000080038c8                SPI2_IRQHandler
                0x00000000080038c8                TIM6_DAC_LPTIM1_IRQHandler
                0x00000000080038c8                WWDG_IRQHandler
                0x00000000080038c8                DMA1_Ch4_7_DMAMUX1_OVR_IRQHandler
                0x00000000080038c8                DMA1_Channel2_3_IRQHandler
                0x00000000080038c8                UCPD1_2_IRQHandler
                0x00000000080038c8                USART2_IRQHandler
                0x00000000080038c8                FLASH_IRQHandler
                0x00000000080038c8                TIM1_BRK_UP_TRG_COM_IRQHandler
 *fill*         0x00000000080038ca        0x2 
 .text.HAL_Init
                0x00000000080038cc       0x40 ./Drivers/STM32G0xx_HAL_Driver/Src/stm32g0xx_hal.o
                0x00000000080038cc                HAL_Init
 .text.HAL_InitTick
                0x000000000800390c       0x94 ./Drivers/STM32G0xx_HAL_Driver/Src/stm32g0xx_hal.o
                0x000000000800390c                HAL_InitTick
 .text.HAL_IncTick
                0x00000000080039a0       0x24 ./Drivers/STM32G0xx_HAL_Driver/Src/stm32g0xx_hal.o
                0x00000000080039a0                HAL_IncTick
 .text.HAL_GetTick
                0x00000000080039c4       0x14 ./Drivers/STM32G0xx_HAL_Driver/Src/stm32g0xx_hal.o
                0x00000000080039c4                HAL_GetTick
 .text.HAL_Delay
                0x00000000080039d8       0x48 ./Drivers/STM32G0xx_HAL_Driver/Src/stm32g0xx_hal.o
                0x00000000080039d8                HAL_Delay
 .text.HAL_SYSCFG_StrobeDBattpinsConfig
                0x0000000008003a20       0x2c ./Drivers/STM32G0xx_HAL_Driver/Src/stm32g0xx_hal.o
                0x0000000008003a20                HAL_SYSCFG_StrobeDBattpinsConfig
 .text.LL_ADC_SetCommonPathInternalCh
                0x0000000008003a4c       0x28 ./Drivers/STM32G0xx_HAL_Driver/Src/stm32g0xx_hal_adc.o
 .text.LL_ADC_GetCommonPathInternalCh
                0x0000000008003a74       0x1a ./Drivers/STM32G0xx_HAL_Driver/Src/stm32g0xx_hal_adc.o
 .text.LL_ADC_SetSamplingTimeCommonChannels
                0x0000000008003a8e       0x3a ./Drivers/STM32G0xx_HAL_Driver/Src/stm32g0xx_hal_adc.o
 .text.LL_ADC_REG_SetSequencerRanks
                0x0000000008003ac8       0x40 ./Drivers/STM32G0xx_HAL_Driver/Src/stm32g0xx_hal_adc.o
 .text.LL_ADC_REG_SetSequencerChAdd
                0x0000000008003b08       0x22 ./Drivers/STM32G0xx_HAL_Driver/Src/stm32g0xx_hal_adc.o
 .text.LL_ADC_REG_SetSequencerChRem
                0x0000000008003b2a       0x24 ./Drivers/STM32G0xx_HAL_Driver/Src/stm32g0xx_hal_adc.o
 *fill*         0x0000000008003b4e        0x2 
 .text.LL_ADC_SetChannelSamplingTime
                0x0000000008003b50       0x38 ./Drivers/STM32G0xx_HAL_Driver/Src/stm32g0xx_hal_adc.o
 .text.LL_ADC_EnableInternalRegulator
                0x0000000008003b88       0x28 ./Drivers/STM32G0xx_HAL_Driver/Src/stm32g0xx_hal_adc.o
 .text.LL_ADC_IsInternalRegulatorEnabled
                0x0000000008003bb0       0x28 ./Drivers/STM32G0xx_HAL_Driver/Src/stm32g0xx_hal_adc.o
 .text.LL_ADC_IsEnabled
                0x0000000008003bd8       0x22 ./Drivers/STM32G0xx_HAL_Driver/Src/stm32g0xx_hal_adc.o
 .text.LL_ADC_REG_IsConversionOngoing
                0x0000000008003bfa       0x22 ./Drivers/STM32G0xx_HAL_Driver/Src/stm32g0xx_hal_adc.o
 .text.HAL_ADC_Init
                0x0000000008003c1c      0x3bc ./Drivers/STM32G0xx_HAL_Driver/Src/stm32g0xx_hal_adc.o
                0x0000000008003c1c                HAL_ADC_Init
 .text.HAL_ADC_ConfigChannel
                0x0000000008003fd8      0x3b0 ./Drivers/STM32G0xx_HAL_Driver/Src/stm32g0xx_hal_adc.o
                0x0000000008003fd8                HAL_ADC_ConfigChannel
 .text.__NVIC_EnableIRQ
                0x0000000008004388       0x34 ./Drivers/STM32G0xx_HAL_Driver/Src/stm32g0xx_hal_cortex.o
 .text.__NVIC_SetPriority
                0x00000000080043bc       0xdc ./Drivers/STM32G0xx_HAL_Driver/Src/stm32g0xx_hal_cortex.o
 .text.SysTick_Config
                0x0000000008004498       0x48 ./Drivers/STM32G0xx_HAL_Driver/Src/stm32g0xx_hal_cortex.o
 .text.HAL_NVIC_SetPriority
                0x00000000080044e0       0x2a ./Drivers/STM32G0xx_HAL_Driver/Src/stm32g0xx_hal_cortex.o
                0x00000000080044e0                HAL_NVIC_SetPriority
 .text.HAL_NVIC_EnableIRQ
                0x000000000800450a       0x20 ./Drivers/STM32G0xx_HAL_Driver/Src/stm32g0xx_hal_cortex.o
                0x000000000800450a                HAL_NVIC_EnableIRQ
 .text.HAL_SYSTICK_Config
                0x000000000800452a       0x1a ./Drivers/STM32G0xx_HAL_Driver/Src/stm32g0xx_hal_cortex.o
                0x000000000800452a                HAL_SYSTICK_Config
 .text.HAL_DMA_Abort
                0x0000000008004544       0xc4 ./Drivers/STM32G0xx_HAL_Driver/Src/stm32g0xx_hal_dma.o
                0x0000000008004544                HAL_DMA_Abort
 .text.HAL_DMA_Abort_IT
                0x0000000008004608       0xd4 ./Drivers/STM32G0xx_HAL_Driver/Src/stm32g0xx_hal_dma.o
                0x0000000008004608                HAL_DMA_Abort_IT
 .text.HAL_GPIO_Init
                0x00000000080046dc      0x2c8 ./Drivers/STM32G0xx_HAL_Driver/Src/stm32g0xx_hal_gpio.o
                0x00000000080046dc                HAL_GPIO_Init
 .text.HAL_GPIO_ReadPin
                0x00000000080049a4       0x3a ./Drivers/STM32G0xx_HAL_Driver/Src/stm32g0xx_hal_gpio.o
                0x00000000080049a4                HAL_GPIO_ReadPin
 .text.HAL_GPIO_WritePin
                0x00000000080049de       0x3a ./Drivers/STM32G0xx_HAL_Driver/Src/stm32g0xx_hal_gpio.o
                0x00000000080049de                HAL_GPIO_WritePin
 .text.HAL_GPIO_TogglePin
                0x0000000008004a18       0x36 ./Drivers/STM32G0xx_HAL_Driver/Src/stm32g0xx_hal_gpio.o
                0x0000000008004a18                HAL_GPIO_TogglePin
 *fill*         0x0000000008004a4e        0x2 
 .text.HAL_GPIO_EXTI_IRQHandler
                0x0000000008004a50       0x54 ./Drivers/STM32G0xx_HAL_Driver/Src/stm32g0xx_hal_gpio.o
                0x0000000008004a50                HAL_GPIO_EXTI_IRQHandler
 .text.HAL_GPIO_EXTI_Falling_Callback
                0x0000000008004aa4       0x14 ./Drivers/STM32G0xx_HAL_Driver/Src/stm32g0xx_hal_gpio.o
                0x0000000008004aa4                HAL_GPIO_EXTI_Falling_Callback
 .text.HAL_PWREx_ControlVoltageScaling
                0x0000000008004ab8       0x80 ./Drivers/STM32G0xx_HAL_Driver/Src/stm32g0xx_hal_pwr_ex.o
                0x0000000008004ab8                HAL_PWREx_ControlVoltageScaling
 .text.LL_RCC_GetAPB1Prescaler
                0x0000000008004b38       0x18 ./Drivers/STM32G0xx_HAL_Driver/Src/stm32g0xx_hal_rcc.o
 .text.HAL_RCC_OscConfig
                0x0000000008004b50      0x640 ./Drivers/STM32G0xx_HAL_Driver/Src/stm32g0xx_hal_rcc.o
                0x0000000008004b50                HAL_RCC_OscConfig
 .text.HAL_RCC_ClockConfig
                0x0000000008005190      0x210 ./Drivers/STM32G0xx_HAL_Driver/Src/stm32g0xx_hal_rcc.o
                0x0000000008005190                HAL_RCC_ClockConfig
 .text.HAL_RCC_GetSysClockFreq
                0x00000000080053a0      0x104 ./Drivers/STM32G0xx_HAL_Driver/Src/stm32g0xx_hal_rcc.o
                0x00000000080053a0                HAL_RCC_GetSysClockFreq
 .text.HAL_RCC_GetHCLKFreq
                0x00000000080054a4       0x14 ./Drivers/STM32G0xx_HAL_Driver/Src/stm32g0xx_hal_rcc.o
                0x00000000080054a4                HAL_RCC_GetHCLKFreq
 .text.HAL_RCC_GetPCLK1Freq
                0x00000000080054b8       0x2c ./Drivers/STM32G0xx_HAL_Driver/Src/stm32g0xx_hal_rcc.o
                0x00000000080054b8                HAL_RCC_GetPCLK1Freq
 .text.HAL_RCCEx_PeriphCLKConfig
                0x00000000080054e4      0x370 ./Drivers/STM32G0xx_HAL_Driver/Src/stm32g0xx_hal_rcc_ex.o
                0x00000000080054e4                HAL_RCCEx_PeriphCLKConfig
 .text.HAL_SPI_Init
                0x0000000008005854      0x170 ./Drivers/STM32G0xx_HAL_Driver/Src/stm32g0xx_hal_spi.o
                0x0000000008005854                HAL_SPI_Init
 .text.HAL_SPI_Transmit
                0x00000000080059c4      0x2b0 ./Drivers/STM32G0xx_HAL_Driver/Src/stm32g0xx_hal_spi.o
                0x00000000080059c4                HAL_SPI_Transmit
 .text.HAL_SPI_TransmitReceive
                0x0000000008005c74      0x3a4 ./Drivers/STM32G0xx_HAL_Driver/Src/stm32g0xx_hal_spi.o
                0x0000000008005c74                HAL_SPI_TransmitReceive
 .text.HAL_SPI_IRQHandler
                0x0000000008006018      0x1fc ./Drivers/STM32G0xx_HAL_Driver/Src/stm32g0xx_hal_spi.o
                0x0000000008006018                HAL_SPI_IRQHandler
 .text.HAL_SPI_ErrorCallback
                0x0000000008006214       0x10 ./Drivers/STM32G0xx_HAL_Driver/Src/stm32g0xx_hal_spi.o
                0x0000000008006214                HAL_SPI_ErrorCallback
 .text.SPI_DMAAbortOnError
                0x0000000008006224       0x2c ./Drivers/STM32G0xx_HAL_Driver/Src/stm32g0xx_hal_spi.o
 .text.SPI_WaitFlagStateUntilTimeout
                0x0000000008006250      0x11c ./Drivers/STM32G0xx_HAL_Driver/Src/stm32g0xx_hal_spi.o
 .text.SPI_WaitFifoStateUntilTimeout
                0x000000000800636c      0x144 ./Drivers/STM32G0xx_HAL_Driver/Src/stm32g0xx_hal_spi.o
 .text.SPI_EndRxTxTransaction
                0x00000000080064b0       0x8c ./Drivers/STM32G0xx_HAL_Driver/Src/stm32g0xx_hal_spi.o
 .text.HAL_TIM_Base_Init
                0x000000000800653c       0xb0 ./Drivers/STM32G0xx_HAL_Driver/Src/stm32g0xx_hal_tim.o
                0x000000000800653c                HAL_TIM_Base_Init
 .text.HAL_TIM_Base_Start_IT
                0x00000000080065ec       0xb8 ./Drivers/STM32G0xx_HAL_Driver/Src/stm32g0xx_hal_tim.o
                0x00000000080065ec                HAL_TIM_Base_Start_IT
 .text.HAL_TIM_Base_Stop_IT
                0x00000000080066a4       0x5c ./Drivers/STM32G0xx_HAL_Driver/Src/stm32g0xx_hal_tim.o
                0x00000000080066a4                HAL_TIM_Base_Stop_IT
 .text.HAL_TIM_IRQHandler
                0x0000000008006700      0x264 ./Drivers/STM32G0xx_HAL_Driver/Src/stm32g0xx_hal_tim.o
                0x0000000008006700                HAL_TIM_IRQHandler
 .text.HAL_TIM_ConfigClockSource
                0x0000000008006964      0x198 ./Drivers/STM32G0xx_HAL_Driver/Src/stm32g0xx_hal_tim.o
                0x0000000008006964                HAL_TIM_ConfigClockSource
 .text.HAL_TIM_OC_DelayElapsedCallback
                0x0000000008006afc       0x10 ./Drivers/STM32G0xx_HAL_Driver/Src/stm32g0xx_hal_tim.o
                0x0000000008006afc                HAL_TIM_OC_DelayElapsedCallback
 .text.HAL_TIM_IC_CaptureCallback
                0x0000000008006b0c       0x10 ./Drivers/STM32G0xx_HAL_Driver/Src/stm32g0xx_hal_tim.o
                0x0000000008006b0c                HAL_TIM_IC_CaptureCallback
 .text.HAL_TIM_PWM_PulseFinishedCallback
                0x0000000008006b1c       0x10 ./Drivers/STM32G0xx_HAL_Driver/Src/stm32g0xx_hal_tim.o
                0x0000000008006b1c                HAL_TIM_PWM_PulseFinishedCallback
 .text.HAL_TIM_TriggerCallback
                0x0000000008006b2c       0x10 ./Drivers/STM32G0xx_HAL_Driver/Src/stm32g0xx_hal_tim.o
                0x0000000008006b2c                HAL_TIM_TriggerCallback
 .text.TIM_Base_SetConfig
                0x0000000008006b3c      0x100 ./Drivers/STM32G0xx_HAL_Driver/Src/stm32g0xx_hal_tim.o
                0x0000000008006b3c                TIM_Base_SetConfig
 .text.TIM_TI1_ConfigInputStage
                0x0000000008006c3c       0x5c ./Drivers/STM32G0xx_HAL_Driver/Src/stm32g0xx_hal_tim.o
 .text.TIM_TI2_ConfigInputStage
                0x0000000008006c98       0x64 ./Drivers/STM32G0xx_HAL_Driver/Src/stm32g0xx_hal_tim.o
 .text.TIM_ITRx_SetConfig
                0x0000000008006cfc       0x38 ./Drivers/STM32G0xx_HAL_Driver/Src/stm32g0xx_hal_tim.o
 .text.TIM_ETR_SetConfig
                0x0000000008006d34       0x40 ./Drivers/STM32G0xx_HAL_Driver/Src/stm32g0xx_hal_tim.o
                0x0000000008006d34                TIM_ETR_SetConfig
 .text.HAL_TIMEx_MasterConfigSynchronization
                0x0000000008006d74       0xdc ./Drivers/STM32G0xx_HAL_Driver/Src/stm32g0xx_hal_tim_ex.o
                0x0000000008006d74                HAL_TIMEx_MasterConfigSynchronization
 .text.HAL_TIMEx_CommutCallback
                0x0000000008006e50       0x10 ./Drivers/STM32G0xx_HAL_Driver/Src/stm32g0xx_hal_tim_ex.o
                0x0000000008006e50                HAL_TIMEx_CommutCallback
 .text.HAL_TIMEx_BreakCallback
                0x0000000008006e60       0x10 ./Drivers/STM32G0xx_HAL_Driver/Src/stm32g0xx_hal_tim_ex.o
                0x0000000008006e60                HAL_TIMEx_BreakCallback
 .text.HAL_TIMEx_Break2Callback
                0x0000000008006e70       0x10 ./Drivers/STM32G0xx_HAL_Driver/Src/stm32g0xx_hal_tim_ex.o
                0x0000000008006e70                HAL_TIMEx_Break2Callback
 .text.HAL_UART_Init
                0x0000000008006e80       0xac ./Drivers/STM32G0xx_HAL_Driver/Src/stm32g0xx_hal_uart.o
                0x0000000008006e80                HAL_UART_Init
 .text.HAL_UART_Transmit
                0x0000000008006f2c      0x156 ./Drivers/STM32G0xx_HAL_Driver/Src/stm32g0xx_hal_uart.o
                0x0000000008006f2c                HAL_UART_Transmit
 *fill*         0x0000000008007082        0x2 
 .text.HAL_UART_Receive_IT
                0x0000000008007084       0xd4 ./Drivers/STM32G0xx_HAL_Driver/Src/stm32g0xx_hal_uart.o
                0x0000000008007084                HAL_UART_Receive_IT
 .text.HAL_UART_IRQHandler
                0x0000000008007158      0x634 ./Drivers/STM32G0xx_HAL_Driver/Src/stm32g0xx_hal_uart.o
                0x0000000008007158                HAL_UART_IRQHandler
 .text.HAL_UART_TxCpltCallback
                0x000000000800778c       0x10 ./Drivers/STM32G0xx_HAL_Driver/Src/stm32g0xx_hal_uart.o
                0x000000000800778c                HAL_UART_TxCpltCallback
 .text.HAL_UART_ErrorCallback
                0x000000000800779c       0x10 ./Drivers/STM32G0xx_HAL_Driver/Src/stm32g0xx_hal_uart.o
                0x000000000800779c                HAL_UART_ErrorCallback
 .text.HAL_UARTEx_RxEventCallback
                0x00000000080077ac       0x16 ./Drivers/STM32G0xx_HAL_Driver/Src/stm32g0xx_hal_uart.o
                0x00000000080077ac                HAL_UARTEx_RxEventCallback
 *fill*         0x00000000080077c2        0x2 
 .text.UART_SetConfig
                0x00000000080077c4      0x580 ./Drivers/STM32G0xx_HAL_Driver/Src/stm32g0xx_hal_uart.o
                0x00000000080077c4                UART_SetConfig
 .text.UART_AdvFeatureConfig
                0x0000000008007d44      0x168 ./Drivers/STM32G0xx_HAL_Driver/Src/stm32g0xx_hal_uart.o
                0x0000000008007d44                UART_AdvFeatureConfig
 .text.UART_CheckIdleState
                0x0000000008007eac       0x94 ./Drivers/STM32G0xx_HAL_Driver/Src/stm32g0xx_hal_uart.o
                0x0000000008007eac                UART_CheckIdleState
 .text.UART_WaitOnFlagUntilTimeout
                0x0000000008007f40      0x190 ./Drivers/STM32G0xx_HAL_Driver/Src/stm32g0xx_hal_uart.o
                0x0000000008007f40                UART_WaitOnFlagUntilTimeout
 .text.UART_Start_Receive_IT
                0x00000000080080d0      0x218 ./Drivers/STM32G0xx_HAL_Driver/Src/stm32g0xx_hal_uart.o
                0x00000000080080d0                UART_Start_Receive_IT
 .text.UART_EndRxTransfer
                0x00000000080082e8       0xcc ./Drivers/STM32G0xx_HAL_Driver/Src/stm32g0xx_hal_uart.o
 .text.UART_DMAAbortOnError
                0x00000000080083b4       0x2e ./Drivers/STM32G0xx_HAL_Driver/Src/stm32g0xx_hal_uart.o
 .text.UART_EndTransmit_IT
                0x00000000080083e2       0x58 ./Drivers/STM32G0xx_HAL_Driver/Src/stm32g0xx_hal_uart.o
 *fill*         0x000000000800843a        0x2 
 .text.UART_RxISR_8BIT
                0x000000000800843c      0x16c ./Drivers/STM32G0xx_HAL_Driver/Src/stm32g0xx_hal_uart.o
 .text.UART_RxISR_16BIT
                0x00000000080085a8      0x16c ./Drivers/STM32G0xx_HAL_Driver/Src/stm32g0xx_hal_uart.o
 .text.UART_RxISR_8BIT_FIFOEN
                0x0000000008008714      0x2e4 ./Drivers/STM32G0xx_HAL_Driver/Src/stm32g0xx_hal_uart.o
 .text.UART_RxISR_16BIT_FIFOEN
                0x00000000080089f8      0x2e4 ./Drivers/STM32G0xx_HAL_Driver/Src/stm32g0xx_hal_uart.o
 .text.HAL_UARTEx_WakeupCallback
                0x0000000008008cdc       0x10 ./Drivers/STM32G0xx_HAL_Driver/Src/stm32g0xx_hal_uart_ex.o
                0x0000000008008cdc                HAL_UARTEx_WakeupCallback
 .text.HAL_UARTEx_RxFifoFullCallback
                0x0000000008008cec       0x10 ./Drivers/STM32G0xx_HAL_Driver/Src/stm32g0xx_hal_uart_ex.o
                0x0000000008008cec                HAL_UARTEx_RxFifoFullCallback
 .text.HAL_UARTEx_TxFifoEmptyCallback
                0x0000000008008cfc       0x10 ./Drivers/STM32G0xx_HAL_Driver/Src/stm32g0xx_hal_uart_ex.o
                0x0000000008008cfc                HAL_UARTEx_TxFifoEmptyCallback
 .text.HAL_UARTEx_DisableFifoMode
                0x0000000008008d0c       0x74 ./Drivers/STM32G0xx_HAL_Driver/Src/stm32g0xx_hal_uart_ex.o
                0x0000000008008d0c                HAL_UARTEx_DisableFifoMode
 .text.HAL_UARTEx_SetTxFifoThreshold
                0x0000000008008d80       0x7e ./Drivers/STM32G0xx_HAL_Driver/Src/stm32g0xx_hal_uart_ex.o
                0x0000000008008d80                HAL_UARTEx_SetTxFifoThreshold
 *fill*         0x0000000008008dfe        0x2 
 .text.HAL_UARTEx_SetRxFifoThreshold
                0x0000000008008e00       0x84 ./Drivers/STM32G0xx_HAL_Driver/Src/stm32g0xx_hal_uart_ex.o
                0x0000000008008e00                HAL_UARTEx_SetRxFifoThreshold
 .text.UARTEx_SetNbDataToProcess
                0x0000000008008e84       0xbc ./Drivers/STM32G0xx_HAL_Driver/Src/stm32g0xx_hal_uart_ex.o
 .text.atol     0x0000000008008f40        0xc c:/st/stm32cubeide_1.10.1/stm32cubeide/plugins/com.st.stm32cube.ide.mcu.externaltools.gnu-tools-for-stm32.10.3-2021.10.win32_1.0.0.202111181127/tools/bin/../lib/gcc/arm-none-eabi/10.3.1/../../../../arm-none-eabi/lib/thumb/v6-m/nofp\libc_nano.a(lib_a-atol.o)
                0x0000000008008f40                atol
 .text.__errno  0x0000000008008f4c        0xc c:/st/stm32cubeide_1.10.1/stm32cubeide/plugins/com.st.stm32cube.ide.mcu.externaltools.gnu-tools-for-stm32.10.3-2021.10.win32_1.0.0.202111181127/tools/bin/../lib/gcc/arm-none-eabi/10.3.1/../../../../arm-none-eabi/lib/thumb/v6-m/nofp\libc_nano.a(lib_a-errno.o)
                0x0000000008008f4c                __errno
 .text.__libc_init_array
                0x0000000008008f58       0x48 c:/st/stm32cubeide_1.10.1/stm32cubeide/plugins/com.st.stm32cube.ide.mcu.externaltools.gnu-tools-for-stm32.10.3-2021.10.win32_1.0.0.202111181127/tools/bin/../lib/gcc/arm-none-eabi/10.3.1/../../../../arm-none-eabi/lib/thumb/v6-m/nofp\libc_nano.a(lib_a-init.o)
                0x0000000008008f58                __libc_init_array
 .text.memcpy   0x0000000008008fa0       0x12 c:/st/stm32cubeide_1.10.1/stm32cubeide/plugins/com.st.stm32cube.ide.mcu.externaltools.gnu-tools-for-stm32.10.3-2021.10.win32_1.0.0.202111181127/tools/bin/../lib/gcc/arm-none-eabi/10.3.1/../../../../arm-none-eabi/lib/thumb/v6-m/nofp\libc_nano.a(lib_a-memcpy-stub.o)
                0x0000000008008fa0                memcpy
 .text.memset   0x0000000008008fb2       0x10 c:/st/stm32cubeide_1.10.1/stm32cubeide/plugins/com.st.stm32cube.ide.mcu.externaltools.gnu-tools-for-stm32.10.3-2021.10.win32_1.0.0.202111181127/tools/bin/../lib/gcc/arm-none-eabi/10.3.1/../../../../arm-none-eabi/lib/thumb/v6-m/nofp\libc_nano.a(lib_a-memset.o)
                0x0000000008008fb2                memset
 *fill*         0x0000000008008fc2        0x2 
 .text.sprintf  0x0000000008008fc4       0x40 c:/st/stm32cubeide_1.10.1/stm32cubeide/plugins/com.st.stm32cube.ide.mcu.externaltools.gnu-tools-for-stm32.10.3-2021.10.win32_1.0.0.202111181127/tools/bin/../lib/gcc/arm-none-eabi/10.3.1/../../../../arm-none-eabi/lib/thumb/v6-m/nofp\libc_nano.a(lib_a-sprintf.o)
                0x0000000008008fc4                siprintf
                0x0000000008008fc4                sprintf
 .text.strcpy   0x0000000008009004       0x10 c:/st/stm32cubeide_1.10.1/stm32cubeide/plugins/com.st.stm32cube.ide.mcu.externaltools.gnu-tools-for-stm32.10.3-2021.10.win32_1.0.0.202111181127/tools/bin/../lib/gcc/arm-none-eabi/10.3.1/../../../../arm-none-eabi/lib/thumb/v6-m/nofp\libc_nano.a(lib_a-strcpy.o)
                0x0000000008009004                strcpy
 .text.strncpy  0x0000000008009014       0x28 c:/st/stm32cubeide_1.10.1/stm32cubeide/plugins/com.st.stm32cube.ide.mcu.externaltools.gnu-tools-for-stm32.10.3-2021.10.win32_1.0.0.202111181127/tools/bin/../lib/gcc/arm-none-eabi/10.3.1/../../../../arm-none-eabi/lib/thumb/v6-m/nofp\libc_nano.a(lib_a-strncpy.o)
                0x0000000008009014                strncpy
 .text._strtol_l.constprop.0
                0x000000000800903c      0x11c c:/st/stm32cubeide_1.10.1/stm32cubeide/plugins/com.st.stm32cube.ide.mcu.externaltools.gnu-tools-for-stm32.10.3-2021.10.win32_1.0.0.202111181127/tools/bin/../lib/gcc/arm-none-eabi/10.3.1/../../../../arm-none-eabi/lib/thumb/v6-m/nofp\libc_nano.a(lib_a-strtol.o)
 .text.strtol   0x0000000008009158       0x18 c:/st/stm32cubeide_1.10.1/stm32cubeide/plugins/com.st.stm32cube.ide.mcu.externaltools.gnu-tools-for-stm32.10.3-2021.10.win32_1.0.0.202111181127/tools/bin/../lib/gcc/arm-none-eabi/10.3.1/../../../../arm-none-eabi/lib/thumb/v6-m/nofp\libc_nano.a(lib_a-strtol.o)
                0x0000000008009158                strtol
 .text.__ssputs_r
                0x0000000008009170       0xc4 c:/st/stm32cubeide_1.10.1/stm32cubeide/plugins/com.st.stm32cube.ide.mcu.externaltools.gnu-tools-for-stm32.10.3-2021.10.win32_1.0.0.202111181127/tools/bin/../lib/gcc/arm-none-eabi/10.3.1/../../../../arm-none-eabi/lib/thumb/v6-m/nofp\libc_nano.a(lib_a-nano-svfprintf.o)
                0x0000000008009170                __ssputs_r
 .text._svfprintf_r
                0x0000000008009234      0x200 c:/st/stm32cubeide_1.10.1/stm32cubeide/plugins/com.st.stm32cube.ide.mcu.externaltools.gnu-tools-for-stm32.10.3-2021.10.win32_1.0.0.202111181127/tools/bin/../lib/gcc/arm-none-eabi/10.3.1/../../../../arm-none-eabi/lib/thumb/v6-m/nofp\libc_nano.a(lib_a-nano-svfprintf.o)
                0x0000000008009234                _svfiprintf_r
                0x0000000008009234                _svfprintf_r
 .text._printf_common
                0x0000000008009434       0xde c:/st/stm32cubeide_1.10.1/stm32cubeide/plugins/com.st.stm32cube.ide.mcu.externaltools.gnu-tools-for-stm32.10.3-2021.10.win32_1.0.0.202111181127/tools/bin/../lib/gcc/arm-none-eabi/10.3.1/../../../../arm-none-eabi/lib/thumb/v6-m/nofp\libc_nano.a(lib_a-nano-vfprintf_i.o)
                0x0000000008009434                _printf_common
 *fill*         0x0000000008009512        0x2 
 .text._printf_i
                0x0000000008009514      0x224 c:/st/stm32cubeide_1.10.1/stm32cubeide/plugins/com.st.stm32cube.ide.mcu.externaltools.gnu-tools-for-stm32.10.3-2021.10.win32_1.0.0.202111181127/tools/bin/../lib/gcc/arm-none-eabi/10.3.1/../../../../arm-none-eabi/lib/thumb/v6-m/nofp\libc_nano.a(lib_a-nano-vfprintf_i.o)
                0x0000000008009514                _printf_i
 .text.memchr   0x0000000008009738       0x16 c:/st/stm32cubeide_1.10.1/stm32cubeide/plugins/com.st.stm32cube.ide.mcu.externaltools.gnu-tools-for-stm32.10.3-2021.10.win32_1.0.0.202111181127/tools/bin/../lib/gcc/arm-none-eabi/10.3.1/../../../../arm-none-eabi/lib/thumb/v6-m/nofp\libc_nano.a(lib_a-memchr-stub.o)
                0x0000000008009738                memchr
 .text.memmove  0x000000000800974e       0x26 c:/st/stm32cubeide_1.10.1/stm32cubeide/plugins/com.st.stm32cube.ide.mcu.externaltools.gnu-tools-for-stm32.10.3-2021.10.win32_1.0.0.202111181127/tools/bin/../lib/gcc/arm-none-eabi/10.3.1/../../../../arm-none-eabi/lib/thumb/v6-m/nofp\libc_nano.a(lib_a-memmove.o)
                0x000000000800974e                memmove
 .text._free_r  0x0000000008009774       0x94 c:/st/stm32cubeide_1.10.1/stm32cubeide/plugins/com.st.stm32cube.ide.mcu.externaltools.gnu-tools-for-stm32.10.3-2021.10.win32_1.0.0.202111181127/tools/bin/../lib/gcc/arm-none-eabi/10.3.1/../../../../arm-none-eabi/lib/thumb/v6-m/nofp\libc_nano.a(lib_a-nano-freer.o)
                0x0000000008009774                _free_r
 .text.sbrk_aligned
                0x0000000008009808       0x44 c:/st/stm32cubeide_1.10.1/stm32cubeide/plugins/com.st.stm32cube.ide.mcu.externaltools.gnu-tools-for-stm32.10.3-2021.10.win32_1.0.0.202111181127/tools/bin/../lib/gcc/arm-none-eabi/10.3.1/../../../../arm-none-eabi/lib/thumb/v6-m/nofp\libc_nano.a(lib_a-nano-mallocr.o)
 .text._malloc_r
                0x000000000800984c       0xec c:/st/stm32cubeide_1.10.1/stm32cubeide/plugins/com.st.stm32cube.ide.mcu.externaltools.gnu-tools-for-stm32.10.3-2021.10.win32_1.0.0.202111181127/tools/bin/../lib/gcc/arm-none-eabi/10.3.1/../../../../arm-none-eabi/lib/thumb/v6-m/nofp\libc_nano.a(lib_a-nano-mallocr.o)
                0x000000000800984c                _malloc_r
 .text._realloc_r
                0x0000000008009938       0x5e c:/st/stm32cubeide_1.10.1/stm32cubeide/plugins/com.st.stm32cube.ide.mcu.externaltools.gnu-tools-for-stm32.10.3-2021.10.win32_1.0.0.202111181127/tools/bin/../lib/gcc/arm-none-eabi/10.3.1/../../../../arm-none-eabi/lib/thumb/v6-m/nofp\libc_nano.a(lib_a-nano-reallocr.o)
                0x0000000008009938                _realloc_r
 *fill*         0x0000000008009996        0x2 
 .text._sbrk_r  0x0000000008009998       0x24 c:/st/stm32cubeide_1.10.1/stm32cubeide/plugins/com.st.stm32cube.ide.mcu.externaltools.gnu-tools-for-stm32.10.3-2021.10.win32_1.0.0.202111181127/tools/bin/../lib/gcc/arm-none-eabi/10.3.1/../../../../arm-none-eabi/lib/thumb/v6-m/nofp\libc_nano.a(lib_a-sbrkr.o)
                0x0000000008009998                _sbrk_r
 .text.__malloc_lock
                0x00000000080099bc       0x10 c:/st/stm32cubeide_1.10.1/stm32cubeide/plugins/com.st.stm32cube.ide.mcu.externaltools.gnu-tools-for-stm32.10.3-2021.10.win32_1.0.0.202111181127/tools/bin/../lib/gcc/arm-none-eabi/10.3.1/../../../../arm-none-eabi/lib/thumb/v6-m/nofp\libc_nano.a(lib_a-mlock.o)
                0x00000000080099bc                __malloc_lock
 .text.__malloc_unlock
                0x00000000080099cc       0x10 c:/st/stm32cubeide_1.10.1/stm32cubeide/plugins/com.st.stm32cube.ide.mcu.externaltools.gnu-tools-for-stm32.10.3-2021.10.win32_1.0.0.202111181127/tools/bin/../lib/gcc/arm-none-eabi/10.3.1/../../../../arm-none-eabi/lib/thumb/v6-m/nofp\libc_nano.a(lib_a-mlock.o)
                0x00000000080099cc                __malloc_unlock
 .text._malloc_usable_size_r
                0x00000000080099dc       0x10 c:/st/stm32cubeide_1.10.1/stm32cubeide/plugins/com.st.stm32cube.ide.mcu.externaltools.gnu-tools-for-stm32.10.3-2021.10.win32_1.0.0.202111181127/tools/bin/../lib/gcc/arm-none-eabi/10.3.1/../../../../arm-none-eabi/lib/thumb/v6-m/nofp\libc_nano.a(lib_a-nano-msizer.o)
                0x00000000080099dc                _malloc_usable_size_r
 .text.__retarget_lock_acquire_recursive
                0x00000000080099ec        0x2 c:/st/stm32cubeide_1.10.1/stm32cubeide/plugins/com.st.stm32cube.ide.mcu.externaltools.gnu-tools-for-stm32.10.3-2021.10.win32_1.0.0.202111181127/tools/bin/../lib/gcc/arm-none-eabi/10.3.1/../../../../arm-none-eabi/lib/thumb/v6-m/nofp\libc_nano.a(lib_a-lock.o)
                0x00000000080099ec                __retarget_lock_acquire_recursive
 .text.__retarget_lock_release_recursive
                0x00000000080099ee        0x2 c:/st/stm32cubeide_1.10.1/stm32cubeide/plugins/com.st.stm32cube.ide.mcu.externaltools.gnu-tools-for-stm32.10.3-2021.10.win32_1.0.0.202111181127/tools/bin/../lib/gcc/arm-none-eabi/10.3.1/../../../../arm-none-eabi/lib/thumb/v6-m/nofp\libc_nano.a(lib_a-lock.o)
                0x00000000080099ee                __retarget_lock_release_recursive
 *(.glue_7)
 .glue_7        0x00000000080099f0        0x0 linker stubs
 *(.glue_7t)
 .glue_7t       0x00000000080099f0        0x0 linker stubs
 *(.eh_frame)
 .eh_frame      0x00000000080099f0        0x0 c:/st/stm32cubeide_1.10.1/stm32cubeide/plugins/com.st.stm32cube.ide.mcu.externaltools.gnu-tools-for-stm32.10.3-2021.10.win32_1.0.0.202111181127/tools/bin/../lib/gcc/arm-none-eabi/10.3.1/thumb/v6-m/nofp/crtbegin.o
 *(.init)
 .init          0x00000000080099f0        0x4 c:/st/stm32cubeide_1.10.1/stm32cubeide/plugins/com.st.stm32cube.ide.mcu.externaltools.gnu-tools-for-stm32.10.3-2021.10.win32_1.0.0.202111181127/tools/bin/../lib/gcc/arm-none-eabi/10.3.1/thumb/v6-m/nofp/crti.o
                0x00000000080099f0                _init
 .init          0x00000000080099f4        0x8 c:/st/stm32cubeide_1.10.1/stm32cubeide/plugins/com.st.stm32cube.ide.mcu.externaltools.gnu-tools-for-stm32.10.3-2021.10.win32_1.0.0.202111181127/tools/bin/../lib/gcc/arm-none-eabi/10.3.1/thumb/v6-m/nofp/crtn.o
 *(.fini)
 .fini          0x00000000080099fc        0x4 c:/st/stm32cubeide_1.10.1/stm32cubeide/plugins/com.st.stm32cube.ide.mcu.externaltools.gnu-tools-for-stm32.10.3-2021.10.win32_1.0.0.202111181127/tools/bin/../lib/gcc/arm-none-eabi/10.3.1/thumb/v6-m/nofp/crti.o
                0x00000000080099fc                _fini
 .fini          0x0000000008009a00        0x8 c:/st/stm32cubeide_1.10.1/stm32cubeide/plugins/com.st.stm32cube.ide.mcu.externaltools.gnu-tools-for-stm32.10.3-2021.10.win32_1.0.0.202111181127/tools/bin/../lib/gcc/arm-none-eabi/10.3.1/thumb/v6-m/nofp/crtn.o
                0x0000000008009a08                . = ALIGN (0x4)
                0x0000000008009a08                _etext = .

.vfp11_veneer   0x0000000008009a08        0x0
 .vfp11_veneer  0x0000000008009a08        0x0 linker stubs

.v4_bx          0x0000000008009a08        0x0
 .v4_bx         0x0000000008009a08        0x0 linker stubs

.iplt           0x0000000008009a08        0x0
 .iplt          0x0000000008009a08        0x0 c:/st/stm32cubeide_1.10.1/stm32cubeide/plugins/com.st.stm32cube.ide.mcu.externaltools.gnu-tools-for-stm32.10.3-2021.10.win32_1.0.0.202111181127/tools/bin/../lib/gcc/arm-none-eabi/10.3.1/thumb/v6-m/nofp/crtbegin.o

.rodata         0x0000000008009a08      0x90c
                0x0000000008009a08                . = ALIGN (0x4)
 *(.rodata)
 .rodata        0x0000000008009a08        0x3 ./Core/Src/SX1280Driver/SX1280.o
 *fill*         0x0000000008009a0b        0x1 
 .rodata        0x0000000008009a0c       0x60 ./Core/Src/TinyGPSPlus/TinyGPS.o
 .rodata        0x0000000008009a6c       0x33 ./Core/Src/gps.o
 *fill*         0x0000000008009a9f        0x1 
 .rodata        0x0000000008009aa0       0x20 ./Core/Src/main.o
 *(.rodata*)
 .rodata.FHSSfreqs
                0x0000000008009ac0      0x140 ./Core/Src/FHSS/FHSS.o
                0x0000000008009ac0                FHSSfreqs
 .rodata.FHSS_SEQUENCE_CNT
                0x0000000008009c00        0x1 ./Core/Src/FHSS/FHSS.o
                0x0000000008009c00                FHSS_SEQUENCE_CNT
 *fill*         0x0000000008009c01        0x3 
 .rodata._ZL9crc32_tab
                0x0000000008009c04      0x400 ./Core/Src/FHSS/crc.o
 .rodata._ZN12SX1280Driver7SetModeE28SX1280_RadioOperatingModes_t
                0x000000000800a004       0x20 ./Core/Src/SX1280Driver/SX1280.o
 .rodata._ZN11TinyGPSPlus6encodeEc
                0x000000000800a024       0x8c ./Core/Src/TinyGPSPlus/TinyGPS.o
 .rodata._ZN11TinyGPSPlus16endOfTermHandlerEv
                0x000000000800a0b0       0xa8 ./Core/Src/TinyGPSPlus/TinyGPS.o
 .rodata.AHBPrescTable
                0x000000000800a158       0x40 ./Core/Src/system_stm32g0xx.o
                0x000000000800a158                AHBPrescTable
 .rodata.APBPrescTable
                0x000000000800a198       0x20 ./Core/Src/system_stm32g0xx.o
                0x000000000800a198                APBPrescTable
 .rodata.UARTPrescTable
                0x000000000800a1b8       0x18 ./Drivers/STM32G0xx_HAL_Driver/Src/stm32g0xx_hal_uart.o
                0x000000000800a1b8                UARTPrescTable
 .rodata.numerator.1
                0x000000000800a1d0        0x8 ./Drivers/STM32G0xx_HAL_Driver/Src/stm32g0xx_hal_uart_ex.o
 .rodata.denominator.0
                0x000000000800a1d8        0x8 ./Drivers/STM32G0xx_HAL_Driver/Src/stm32g0xx_hal_uart_ex.o
 .rodata._ctype_
                0x000000000800a1e0      0x101 c:/st/stm32cubeide_1.10.1/stm32cubeide/plugins/com.st.stm32cube.ide.mcu.externaltools.gnu-tools-for-stm32.10.3-2021.10.win32_1.0.0.202111181127/tools/bin/../lib/gcc/arm-none-eabi/10.3.1/../../../../arm-none-eabi/lib/thumb/v6-m/nofp\libc_nano.a(lib_a-ctype_.o)
                0x000000000800a1e0                _ctype_
 .rodata._svfprintf_r.str1.1
                0x000000000800a2e1       0x11 c:/st/stm32cubeide_1.10.1/stm32cubeide/plugins/com.st.stm32cube.ide.mcu.externaltools.gnu-tools-for-stm32.10.3-2021.10.win32_1.0.0.202111181127/tools/bin/../lib/gcc/arm-none-eabi/10.3.1/../../../../arm-none-eabi/lib/thumb/v6-m/nofp\libc_nano.a(lib_a-nano-svfprintf.o)
 .rodata._printf_i.str1.1
                0x000000000800a2f2       0x22 c:/st/stm32cubeide_1.10.1/stm32cubeide/plugins/com.st.stm32cube.ide.mcu.externaltools.gnu-tools-for-stm32.10.3-2021.10.win32_1.0.0.202111181127/tools/bin/../lib/gcc/arm-none-eabi/10.3.1/../../../../arm-none-eabi/lib/thumb/v6-m/nofp\libc_nano.a(lib_a-nano-vfprintf_i.o)
                0x000000000800a314                . = ALIGN (0x4)

.ARM.extab      0x000000000800a314        0x0
                0x000000000800a314                . = ALIGN (0x4)
 *(.ARM.extab* .gnu.linkonce.armextab.*)
                0x000000000800a314                . = ALIGN (0x4)

.ARM            0x000000000800a314        0x8
                0x000000000800a314                . = ALIGN (0x4)
                0x000000000800a314                __exidx_start = .
 *(.ARM.exidx*)
 .ARM.exidx     0x000000000800a314        0x8 c:/st/stm32cubeide_1.10.1/stm32cubeide/plugins/com.st.stm32cube.ide.mcu.externaltools.gnu-tools-for-stm32.10.3-2021.10.win32_1.0.0.202111181127/tools/bin/../lib/gcc/arm-none-eabi/10.3.1/thumb/v6-m/nofp\libgcc.a(_udivmoddi4.o)
                0x000000000800a31c                __exidx_end = .
                0x000000000800a31c                . = ALIGN (0x4)

.rel.dyn        0x000000000800a31c        0x0
 .rel.iplt      0x000000000800a31c        0x0 c:/st/stm32cubeide_1.10.1/stm32cubeide/plugins/com.st.stm32cube.ide.mcu.externaltools.gnu-tools-for-stm32.10.3-2021.10.win32_1.0.0.202111181127/tools/bin/../lib/gcc/arm-none-eabi/10.3.1/thumb/v6-m/nofp/crtbegin.o

.preinit_array  0x000000000800a31c        0x0
                0x000000000800a31c                . = ALIGN (0x4)
                0x000000000800a31c                PROVIDE (__preinit_array_start = .)
 *(.preinit_array*)
                0x000000000800a31c                PROVIDE (__preinit_array_end = .)
                0x000000000800a31c                . = ALIGN (0x4)

.init_array     0x000000000800a31c        0xc
                0x000000000800a31c                . = ALIGN (0x4)
                0x000000000800a31c                PROVIDE (__init_array_start = .)
 *(SORT_BY_NAME(.init_array.*))
 *(.init_array*)
 .init_array    0x000000000800a31c        0x4 c:/st/stm32cubeide_1.10.1/stm32cubeide/plugins/com.st.stm32cube.ide.mcu.externaltools.gnu-tools-for-stm32.10.3-2021.10.win32_1.0.0.202111181127/tools/bin/../lib/gcc/arm-none-eabi/10.3.1/thumb/v6-m/nofp/crtbegin.o
 .init_array    0x000000000800a320        0x4 ./Core/Src/SX1280Driver/SX1280.o
 .init_array    0x000000000800a324        0x4 ./Core/Src/gps.o
                0x000000000800a328                PROVIDE (__init_array_end = .)
                0x000000000800a328                . = ALIGN (0x4)

.fini_array     0x000000000800a328        0x4
                0x000000000800a328                . = ALIGN (0x4)
                [!provide]                        PROVIDE (__fini_array_start = .)
 *(SORT_BY_NAME(.fini_array.*))
 *(.fini_array*)
 .fini_array    0x000000000800a328        0x4 c:/st/stm32cubeide_1.10.1/stm32cubeide/plugins/com.st.stm32cube.ide.mcu.externaltools.gnu-tools-for-stm32.10.3-2021.10.win32_1.0.0.202111181127/tools/bin/../lib/gcc/arm-none-eabi/10.3.1/thumb/v6-m/nofp/crtbegin.o
                [!provide]                        PROVIDE (__fini_array_end = .)
                0x000000000800a32c                . = ALIGN (0x4)
                0x000000000800a32c                _sidata = LOADADDR (.data)

.data           0x0000000020000000       0x70 load address 0x000000000800a32c
                0x0000000020000000                . = ALIGN (0x4)
                0x0000000020000000                _sdata = .
 *(.data)
 *(.data*)
 .data.SystemCoreClock
                0x0000000020000000        0x4 ./Core/Src/system_stm32g0xx.o
                0x0000000020000000                SystemCoreClock
 .data.uwTickPrio
                0x0000000020000004        0x4 ./Drivers/STM32G0xx_HAL_Driver/Src/stm32g0xx_hal.o
                0x0000000020000004                uwTickPrio
 .data.uwTickFreq
                0x0000000020000008        0x1 ./Drivers/STM32G0xx_HAL_Driver/Src/stm32g0xx_hal.o
                0x0000000020000008                uwTickFreq
 *fill*         0x0000000020000009        0x3 
 .data._impure_ptr
                0x000000002000000c        0x4 c:/st/stm32cubeide_1.10.1/stm32cubeide/plugins/com.st.stm32cube.ide.mcu.externaltools.gnu-tools-for-stm32.10.3-2021.10.win32_1.0.0.202111181127/tools/bin/../lib/gcc/arm-none-eabi/10.3.1/../../../../arm-none-eabi/lib/thumb/v6-m/nofp\libc_nano.a(lib_a-impure.o)
                0x000000002000000c                _impure_ptr
 .data.impure_data
                0x0000000020000010       0x60 c:/st/stm32cubeide_1.10.1/stm32cubeide/plugins/com.st.stm32cube.ide.mcu.externaltools.gnu-tools-for-stm32.10.3-2021.10.win32_1.0.0.202111181127/tools/bin/../lib/gcc/arm-none-eabi/10.3.1/../../../../arm-none-eabi/lib/thumb/v6-m/nofp\libc_nano.a(lib_a-impure.o)
 *(.RamFunc)
 *(.RamFunc*)
                0x0000000020000070                . = ALIGN (0x4)
                0x0000000020000070                _edata = .

.igot.plt       0x0000000020000070        0x0 load address 0x000000000800a39c
 .igot.plt      0x0000000020000070        0x0 c:/st/stm32cubeide_1.10.1/stm32cubeide/plugins/com.st.stm32cube.ide.mcu.externaltools.gnu-tools-for-stm32.10.3-2021.10.win32_1.0.0.202111181127/tools/bin/../lib/gcc/arm-none-eabi/10.3.1/thumb/v6-m/nofp/crtbegin.o
                0x0000000020000070                . = ALIGN (0x4)

.bss            0x0000000020000070      0x3b4 load address 0x000000000800a39c
                0x0000000020000070                _sbss = .
                0x0000000020000070                __bss_start__ = _sbss
 *(.bss)
 .bss           0x0000000020000070       0x1c c:/st/stm32cubeide_1.10.1/stm32cubeide/plugins/com.st.stm32cube.ide.mcu.externaltools.gnu-tools-for-stm32.10.3-2021.10.win32_1.0.0.202111181127/tools/bin/../lib/gcc/arm-none-eabi/10.3.1/thumb/v6-m/nofp/crtbegin.o
 *(.bss*)
 .bss.FHSSsequence
                0x000000002000008c       0x14 ./Core/Src/FHSS/FHSS.o
                0x000000002000008c                FHSSsequence
 .bss.FHSSptr   0x00000000200000a0        0x1 ./Core/Src/FHSS/FHSS.o
                0x00000000200000a0                FHSSptr
 *fill*         0x00000000200000a1        0x3 
 .bss.sync_channel
                0x00000000200000a4        0x4 ./Core/Src/FHSS/FHSS.o
                0x00000000200000a4                sync_channel
 .bss.hal       0x00000000200000a8        0x1 ./Core/Src/SX1280Driver/SX1280.o
                0x00000000200000a8                hal
 *fill*         0x00000000200000a9        0x3 
 .bss._ZN12SX1280Driver8instanceE
                0x00000000200000ac        0x4 ./Core/Src/SX1280Driver/SX1280.o
                0x00000000200000ac                SX1280Driver::instance
 .bss._ZN9SX1280Hal8instanceE
                0x00000000200000b0        0x4 ./Core/Src/SX1280Driver/SX1280_hal.o
                0x00000000200000b0                SX1280Hal::instance
 .bss.OutBuffer
                0x00000000200000b4       0x40 ./Core/Src/SX1280Driver/SX1280_hal.o
                0x00000000200000b4                OutBuffer
 .bss._ZL13pTransmission
                0x00000000200000f4        0x4 ./Core/Src/Transmission/Transmission.o
 .bss.gps       0x00000000200000f8       0xd8 ./Core/Src/gps.o
                0x00000000200000f8                gps
 .bss.c         0x00000000200001d0        0x1 ./Core/Src/gps.o
                0x00000000200001d0                c
 *fill*         0x00000000200001d1        0x3 
 .bss._ZL12last_package
                0x00000000200001d4        0x4 ./Core/Src/gps.o
 .bss.hadc1     0x00000000200001d8       0x64 ./Core/Src/main.o
                0x00000000200001d8                hadc1
 .bss.hspi1     0x000000002000023c       0x64 ./Core/Src/main.o
                0x000000002000023c                hspi1
 .bss.htim2     0x00000000200002a0       0x4c ./Core/Src/main.o
                0x00000000200002a0                htim2
 .bss.huart1    0x00000000200002ec       0x90 ./Core/Src/main.o
                0x00000000200002ec                huart1
 .bss.huart2    0x000000002000037c       0x90 ./Core/Src/main.o
                0x000000002000037c                huart2
 .bss.__sbrk_heap_end
                0x000000002000040c        0x4 ./Core/Src/sysmem.o
 .bss.uwTick    0x0000000020000410        0x4 ./Drivers/STM32G0xx_HAL_Driver/Src/stm32g0xx_hal.o
                0x0000000020000410                uwTick
 .bss.__malloc_free_list
                0x0000000020000414        0x4 c:/st/stm32cubeide_1.10.1/stm32cubeide/plugins/com.st.stm32cube.ide.mcu.externaltools.gnu-tools-for-stm32.10.3-2021.10.win32_1.0.0.202111181127/tools/bin/../lib/gcc/arm-none-eabi/10.3.1/../../../../arm-none-eabi/lib/thumb/v6-m/nofp\libc_nano.a(lib_a-nano-mallocr.o)
                0x0000000020000414                __malloc_free_list
 .bss.__malloc_sbrk_start
                0x0000000020000418        0x4 c:/st/stm32cubeide_1.10.1/stm32cubeide/plugins/com.st.stm32cube.ide.mcu.externaltools.gnu-tools-for-stm32.10.3-2021.10.win32_1.0.0.202111181127/tools/bin/../lib/gcc/arm-none-eabi/10.3.1/../../../../arm-none-eabi/lib/thumb/v6-m/nofp\libc_nano.a(lib_a-nano-mallocr.o)
                0x0000000020000418                __malloc_sbrk_start
 .bss.errno     0x000000002000041c        0x4 c:/st/stm32cubeide_1.10.1/stm32cubeide/plugins/com.st.stm32cube.ide.mcu.externaltools.gnu-tools-for-stm32.10.3-2021.10.win32_1.0.0.202111181127/tools/bin/../lib/gcc/arm-none-eabi/10.3.1/../../../../arm-none-eabi/lib/thumb/v6-m/nofp\libc_nano.a(lib_a-reent.o)
                0x000000002000041c                errno
 .bss.__lock___malloc_recursive_mutex
                0x0000000020000420        0x1 c:/st/stm32cubeide_1.10.1/stm32cubeide/plugins/com.st.stm32cube.ide.mcu.externaltools.gnu-tools-for-stm32.10.3-2021.10.win32_1.0.0.202111181127/tools/bin/../lib/gcc/arm-none-eabi/10.3.1/../../../../arm-none-eabi/lib/thumb/v6-m/nofp\libc_nano.a(lib_a-lock.o)
                0x0000000020000420                __lock___malloc_recursive_mutex
 *(COMMON)
                0x0000000020000424                . = ALIGN (0x4)
 *fill*         0x0000000020000421        0x3 
                0x0000000020000424                _ebss = .
                0x0000000020000424                __bss_end__ = _ebss

._user_heap_stack
                0x0000000020000424      0x604 load address 0x000000000800a39c
                0x0000000020000428                . = ALIGN (0x8)
 *fill*         0x0000000020000424        0x4 
                [!provide]                        PROVIDE (end = .)
                0x0000000020000428                PROVIDE (_end = .)
                0x0000000020000628                . = (. + _Min_Heap_Size)
 *fill*         0x0000000020000428      0x200 
                0x0000000020000a28                . = (. + _Min_Stack_Size)
 *fill*         0x0000000020000628      0x400 
                0x0000000020000a28                . = ALIGN (0x8)

/DISCARD/
 libc.a(*)
 libm.a(*)
 libgcc.a(*)

.ARM.attributes
                0x0000000000000000       0x28
 *(.ARM.attributes)
 .ARM.attributes
                0x0000000000000000       0x1e c:/st/stm32cubeide_1.10.1/stm32cubeide/plugins/com.st.stm32cube.ide.mcu.externaltools.gnu-tools-for-stm32.10.3-2021.10.win32_1.0.0.202111181127/tools/bin/../lib/gcc/arm-none-eabi/10.3.1/thumb/v6-m/nofp/crti.o
 .ARM.attributes
                0x000000000000001e       0x2c c:/st/stm32cubeide_1.10.1/stm32cubeide/plugins/com.st.stm32cube.ide.mcu.externaltools.gnu-tools-for-stm32.10.3-2021.10.win32_1.0.0.202111181127/tools/bin/../lib/gcc/arm-none-eabi/10.3.1/thumb/v6-m/nofp/crtbegin.o
 .ARM.attributes
                0x000000000000004a       0x2c ./Core/Src/FHSS/FHSS.o
 .ARM.attributes
                0x0000000000000076       0x2c ./Core/Src/FHSS/crc.o
 .ARM.attributes
                0x00000000000000a2       0x2c ./Core/Src/SX1280Driver/SX1280.o
 .ARM.attributes
                0x00000000000000ce       0x2c ./Core/Src/SX1280Driver/SX1280_hal.o
 .ARM.attributes
                0x00000000000000fa       0x2c ./Core/Src/TinyGPSPlus/TinyGPS.o
 .ARM.attributes
                0x0000000000000126       0x2c ./Core/Src/Transmission/Transmission.o
 .ARM.attributes
                0x0000000000000152       0x2c ./Core/Src/gps.o
 .ARM.attributes
                0x000000000000017e       0x2c ./Core/Src/main.o
 .ARM.attributes
                0x00000000000001aa       0x2c ./Core/Src/stm32g0xx_hal_msp.o
 .ARM.attributes
                0x00000000000001d6       0x2c ./Core/Src/stm32g0xx_it.o
 .ARM.attributes
                0x0000000000000202       0x2c ./Core/Src/sysmem.o
 .ARM.attributes
                0x000000000000022e       0x2c ./Core/Src/system_stm32g0xx.o
 .ARM.attributes
                0x000000000000025a       0x22 ./Core/Startup/startup_stm32g071gbux.o
 .ARM.attributes
                0x000000000000027c       0x2c ./Drivers/STM32G0xx_HAL_Driver/Src/stm32g0xx_hal.o
 .ARM.attributes
                0x00000000000002a8       0x2c ./Drivers/STM32G0xx_HAL_Driver/Src/stm32g0xx_hal_adc.o
 .ARM.attributes
                0x00000000000002d4       0x2c ./Drivers/STM32G0xx_HAL_Driver/Src/stm32g0xx_hal_cortex.o
 .ARM.attributes
                0x0000000000000300       0x2c ./Drivers/STM32G0xx_HAL_Driver/Src/stm32g0xx_hal_dma.o
 .ARM.attributes
                0x000000000000032c       0x2c ./Drivers/STM32G0xx_HAL_Driver/Src/stm32g0xx_hal_gpio.o
 .ARM.attributes
                0x0000000000000358       0x2c ./Drivers/STM32G0xx_HAL_Driver/Src/stm32g0xx_hal_pwr_ex.o
 .ARM.attributes
                0x0000000000000384       0x2c ./Drivers/STM32G0xx_HAL_Driver/Src/stm32g0xx_hal_rcc.o
 .ARM.attributes
                0x00000000000003b0       0x2c ./Drivers/STM32G0xx_HAL_Driver/Src/stm32g0xx_hal_rcc_ex.o
 .ARM.attributes
                0x00000000000003dc       0x2c ./Drivers/STM32G0xx_HAL_Driver/Src/stm32g0xx_hal_spi.o
 .ARM.attributes
                0x0000000000000408       0x2c ./Drivers/STM32G0xx_HAL_Driver/Src/stm32g0xx_hal_tim.o
 .ARM.attributes
                0x0000000000000434       0x2c ./Drivers/STM32G0xx_HAL_Driver/Src/stm32g0xx_hal_tim_ex.o
 .ARM.attributes
                0x0000000000000460       0x2c ./Drivers/STM32G0xx_HAL_Driver/Src/stm32g0xx_hal_uart.o
 .ARM.attributes
                0x000000000000048c       0x2c ./Drivers/STM32G0xx_HAL_Driver/Src/stm32g0xx_hal_uart_ex.o
 .ARM.attributes
                0x00000000000004b8       0x2c c:/st/stm32cubeide_1.10.1/stm32cubeide/plugins/com.st.stm32cube.ide.mcu.externaltools.gnu-tools-for-stm32.10.3-2021.10.win32_1.0.0.202111181127/tools/bin/../lib/gcc/arm-none-eabi/10.3.1/../../../../arm-none-eabi/lib/thumb/v6-m/nofp\libc_nano.a(lib_a-atol.o)
 .ARM.attributes
                0x00000000000004e4       0x2c c:/st/stm32cubeide_1.10.1/stm32cubeide/plugins/com.st.stm32cube.ide.mcu.externaltools.gnu-tools-for-stm32.10.3-2021.10.win32_1.0.0.202111181127/tools/bin/../lib/gcc/arm-none-eabi/10.3.1/../../../../arm-none-eabi/lib/thumb/v6-m/nofp\libc_nano.a(lib_a-errno.o)
 .ARM.attributes
                0x0000000000000510       0x2c c:/st/stm32cubeide_1.10.1/stm32cubeide/plugins/com.st.stm32cube.ide.mcu.externaltools.gnu-tools-for-stm32.10.3-2021.10.win32_1.0.0.202111181127/tools/bin/../lib/gcc/arm-none-eabi/10.3.1/../../../../arm-none-eabi/lib/thumb/v6-m/nofp\libc_nano.a(lib_a-impure.o)
 .ARM.attributes
                0x000000000000053c       0x2c c:/st/stm32cubeide_1.10.1/stm32cubeide/plugins/com.st.stm32cube.ide.mcu.externaltools.gnu-tools-for-stm32.10.3-2021.10.win32_1.0.0.202111181127/tools/bin/../lib/gcc/arm-none-eabi/10.3.1/../../../../arm-none-eabi/lib/thumb/v6-m/nofp\libc_nano.a(lib_a-init.o)
 .ARM.attributes
                0x0000000000000568       0x2c c:/st/stm32cubeide_1.10.1/stm32cubeide/plugins/com.st.stm32cube.ide.mcu.externaltools.gnu-tools-for-stm32.10.3-2021.10.win32_1.0.0.202111181127/tools/bin/../lib/gcc/arm-none-eabi/10.3.1/../../../../arm-none-eabi/lib/thumb/v6-m/nofp\libc_nano.a(lib_a-memcpy-stub.o)
 .ARM.attributes
                0x0000000000000594       0x2c c:/st/stm32cubeide_1.10.1/stm32cubeide/plugins/com.st.stm32cube.ide.mcu.externaltools.gnu-tools-for-stm32.10.3-2021.10.win32_1.0.0.202111181127/tools/bin/../lib/gcc/arm-none-eabi/10.3.1/../../../../arm-none-eabi/lib/thumb/v6-m/nofp\libc_nano.a(lib_a-memset.o)
 .ARM.attributes
                0x00000000000005c0       0x2c c:/st/stm32cubeide_1.10.1/stm32cubeide/plugins/com.st.stm32cube.ide.mcu.externaltools.gnu-tools-for-stm32.10.3-2021.10.win32_1.0.0.202111181127/tools/bin/../lib/gcc/arm-none-eabi/10.3.1/../../../../arm-none-eabi/lib/thumb/v6-m/nofp\libc_nano.a(lib_a-sprintf.o)
 .ARM.attributes
                0x00000000000005ec       0x1c c:/st/stm32cubeide_1.10.1/stm32cubeide/plugins/com.st.stm32cube.ide.mcu.externaltools.gnu-tools-for-stm32.10.3-2021.10.win32_1.0.0.202111181127/tools/bin/../lib/gcc/arm-none-eabi/10.3.1/../../../../arm-none-eabi/lib/thumb/v6-m/nofp\libc_nano.a(lib_a-strcmp.o)
 .ARM.attributes
                0x0000000000000608       0x2c c:/st/stm32cubeide_1.10.1/stm32cubeide/plugins/com.st.stm32cube.ide.mcu.externaltools.gnu-tools-for-stm32.10.3-2021.10.win32_1.0.0.202111181127/tools/bin/../lib/gcc/arm-none-eabi/10.3.1/../../../../arm-none-eabi/lib/thumb/v6-m/nofp\libc_nano.a(lib_a-strcpy.o)
 .ARM.attributes
                0x0000000000000634       0x2c c:/st/stm32cubeide_1.10.1/stm32cubeide/plugins/com.st.stm32cube.ide.mcu.externaltools.gnu-tools-for-stm32.10.3-2021.10.win32_1.0.0.202111181127/tools/bin/../lib/gcc/arm-none-eabi/10.3.1/../../../../arm-none-eabi/lib/thumb/v6-m/nofp\libc_nano.a(lib_a-strncpy.o)
 .ARM.attributes
                0x0000000000000660       0x2c c:/st/stm32cubeide_1.10.1/stm32cubeide/plugins/com.st.stm32cube.ide.mcu.externaltools.gnu-tools-for-stm32.10.3-2021.10.win32_1.0.0.202111181127/tools/bin/../lib/gcc/arm-none-eabi/10.3.1/../../../../arm-none-eabi/lib/thumb/v6-m/nofp\libc_nano.a(lib_a-strtol.o)
 .ARM.attributes
                0x000000000000068c       0x2c c:/st/stm32cubeide_1.10.1/stm32cubeide/plugins/com.st.stm32cube.ide.mcu.externaltools.gnu-tools-for-stm32.10.3-2021.10.win32_1.0.0.202111181127/tools/bin/../lib/gcc/arm-none-eabi/10.3.1/../../../../arm-none-eabi/lib/thumb/v6-m/nofp\libc_nano.a(lib_a-ctype_.o)
 .ARM.attributes
                0x00000000000006b8       0x2c c:/st/stm32cubeide_1.10.1/stm32cubeide/plugins/com.st.stm32cube.ide.mcu.externaltools.gnu-tools-for-stm32.10.3-2021.10.win32_1.0.0.202111181127/tools/bin/../lib/gcc/arm-none-eabi/10.3.1/../../../../arm-none-eabi/lib/thumb/v6-m/nofp\libc_nano.a(lib_a-nano-svfprintf.o)
 .ARM.attributes
                0x00000000000006e4       0x2c c:/st/stm32cubeide_1.10.1/stm32cubeide/plugins/com.st.stm32cube.ide.mcu.externaltools.gnu-tools-for-stm32.10.3-2021.10.win32_1.0.0.202111181127/tools/bin/../lib/gcc/arm-none-eabi/10.3.1/../../../../arm-none-eabi/lib/thumb/v6-m/nofp\libc_nano.a(lib_a-nano-vfprintf_i.o)
 .ARM.attributes
                0x0000000000000710       0x2c c:/st/stm32cubeide_1.10.1/stm32cubeide/plugins/com.st.stm32cube.ide.mcu.externaltools.gnu-tools-for-stm32.10.3-2021.10.win32_1.0.0.202111181127/tools/bin/../lib/gcc/arm-none-eabi/10.3.1/../../../../arm-none-eabi/lib/thumb/v6-m/nofp\libc_nano.a(lib_a-memchr-stub.o)
 .ARM.attributes
                0x000000000000073c       0x2c c:/st/stm32cubeide_1.10.1/stm32cubeide/plugins/com.st.stm32cube.ide.mcu.externaltools.gnu-tools-for-stm32.10.3-2021.10.win32_1.0.0.202111181127/tools/bin/../lib/gcc/arm-none-eabi/10.3.1/../../../../arm-none-eabi/lib/thumb/v6-m/nofp\libc_nano.a(lib_a-memmove.o)
 .ARM.attributes
                0x0000000000000768       0x2c c:/st/stm32cubeide_1.10.1/stm32cubeide/plugins/com.st.stm32cube.ide.mcu.externaltools.gnu-tools-for-stm32.10.3-2021.10.win32_1.0.0.202111181127/tools/bin/../lib/gcc/arm-none-eabi/10.3.1/../../../../arm-none-eabi/lib/thumb/v6-m/nofp\libc_nano.a(lib_a-nano-freer.o)
 .ARM.attributes
                0x0000000000000794       0x2c c:/st/stm32cubeide_1.10.1/stm32cubeide/plugins/com.st.stm32cube.ide.mcu.externaltools.gnu-tools-for-stm32.10.3-2021.10.win32_1.0.0.202111181127/tools/bin/../lib/gcc/arm-none-eabi/10.3.1/../../../../arm-none-eabi/lib/thumb/v6-m/nofp\libc_nano.a(lib_a-nano-mallocr.o)
 .ARM.attributes
                0x00000000000007c0       0x2c c:/st/stm32cubeide_1.10.1/stm32cubeide/plugins/com.st.stm32cube.ide.mcu.externaltools.gnu-tools-for-stm32.10.3-2021.10.win32_1.0.0.202111181127/tools/bin/../lib/gcc/arm-none-eabi/10.3.1/../../../../arm-none-eabi/lib/thumb/v6-m/nofp\libc_nano.a(lib_a-nano-reallocr.o)
 .ARM.attributes
                0x00000000000007ec       0x2c c:/st/stm32cubeide_1.10.1/stm32cubeide/plugins/com.st.stm32cube.ide.mcu.externaltools.gnu-tools-for-stm32.10.3-2021.10.win32_1.0.0.202111181127/tools/bin/../lib/gcc/arm-none-eabi/10.3.1/../../../../arm-none-eabi/lib/thumb/v6-m/nofp\libc_nano.a(lib_a-sbrkr.o)
 .ARM.attributes
                0x0000000000000818       0x2c c:/st/stm32cubeide_1.10.1/stm32cubeide/plugins/com.st.stm32cube.ide.mcu.externaltools.gnu-tools-for-stm32.10.3-2021.10.win32_1.0.0.202111181127/tools/bin/../lib/gcc/arm-none-eabi/10.3.1/../../../../arm-none-eabi/lib/thumb/v6-m/nofp\libc_nano.a(lib_a-mlock.o)
 .ARM.attributes
                0x0000000000000844       0x2c c:/st/stm32cubeide_1.10.1/stm32cubeide/plugins/com.st.stm32cube.ide.mcu.externaltools.gnu-tools-for-stm32.10.3-2021.10.win32_1.0.0.202111181127/tools/bin/../lib/gcc/arm-none-eabi/10.3.1/../../../../arm-none-eabi/lib/thumb/v6-m/nofp\libc_nano.a(lib_a-nano-msizer.o)
 .ARM.attributes
                0x0000000000000870       0x2c c:/st/stm32cubeide_1.10.1/stm32cubeide/plugins/com.st.stm32cube.ide.mcu.externaltools.gnu-tools-for-stm32.10.3-2021.10.win32_1.0.0.202111181127/tools/bin/../lib/gcc/arm-none-eabi/10.3.1/../../../../arm-none-eabi/lib/thumb/v6-m/nofp\libc_nano.a(lib_a-reent.o)
 .ARM.attributes
                0x000000000000089c       0x2c c:/st/stm32cubeide_1.10.1/stm32cubeide/plugins/com.st.stm32cube.ide.mcu.externaltools.gnu-tools-for-stm32.10.3-2021.10.win32_1.0.0.202111181127/tools/bin/../lib/gcc/arm-none-eabi/10.3.1/../../../../arm-none-eabi/lib/thumb/v6-m/nofp\libc_nano.a(lib_a-lock.o)
 .ARM.attributes
                0x00000000000008c8       0x1e c:/st/stm32cubeide_1.10.1/stm32cubeide/plugins/com.st.stm32cube.ide.mcu.externaltools.gnu-tools-for-stm32.10.3-2021.10.win32_1.0.0.202111181127/tools/bin/../lib/gcc/arm-none-eabi/10.3.1/thumb/v6-m/nofp\libgcc.a(_thumb1_case_shi.o)
 .ARM.attributes
                0x00000000000008e6       0x1e c:/st/stm32cubeide_1.10.1/stm32cubeide/plugins/com.st.stm32cube.ide.mcu.externaltools.gnu-tools-for-stm32.10.3-2021.10.win32_1.0.0.202111181127/tools/bin/../lib/gcc/arm-none-eabi/10.3.1/thumb/v6-m/nofp\libgcc.a(_udivsi3.o)
 .ARM.attributes
                0x0000000000000904       0x1e c:/st/stm32cubeide_1.10.1/stm32cubeide/plugins/com.st.stm32cube.ide.mcu.externaltools.gnu-tools-for-stm32.10.3-2021.10.win32_1.0.0.202111181127/tools/bin/../lib/gcc/arm-none-eabi/10.3.1/thumb/v6-m/nofp\libgcc.a(_divsi3.o)
 .ARM.attributes
                0x0000000000000922       0x1e c:/st/stm32cubeide_1.10.1/stm32cubeide/plugins/com.st.stm32cube.ide.mcu.externaltools.gnu-tools-for-stm32.10.3-2021.10.win32_1.0.0.202111181127/tools/bin/../lib/gcc/arm-none-eabi/10.3.1/thumb/v6-m/nofp\libgcc.a(_dvmd_tls.o)
 .ARM.attributes