Archive member included to satisfy reference by file (symbol)

c:/st/stm32cubeide_1.5.0/stm32cubeide/plugins/com.st.stm32cube.ide.mcu.externaltools.gnu-tools-for-stm32.9-2020-q2-update.win32_2.0.0.202105311346/tools/bin/../lib/gcc/arm-none-eabi/9.3.1/../../../../arm-none-eabi/lib/thumb/v6-m/nofp\libm.a(lib_a-s_cos.o)
                              ./Core/Src/TinyGPSPlus/TinyGPS.o (cos)
c:/st/stm32cubeide_1.5.0/stm32cubeide/plugins/com.st.stm32cube.ide.mcu.externaltools.gnu-tools-for-stm32.9-2020-q2-update.win32_2.0.0.202105311346/tools/bin/../lib/gcc/arm-none-eabi/9.3.1/../../../../arm-none-eabi/lib/thumb/v6-m/nofp\libm.a(lib_a-s_sin.o)
                              ./Core/Src/TinyGPSPlus/TinyGPS.o (sin)
c:/st/stm32cubeide_1.5.0/stm32cubeide/plugins/com.st.stm32cube.ide.mcu.externaltools.gnu-tools-for-stm32.9-2020-q2-update.win32_2.0.0.202105311346/tools/bin/../lib/gcc/arm-none-eabi/9.3.1/../../../../arm-none-eabi/lib/thumb/v6-m/nofp\libm.a(lib_a-w_atan2.o)
                              ./Core/Src/TinyGPSPlus/TinyGPS.o (atan2)
c:/st/stm32cubeide_1.5.0/stm32cubeide/plugins/com.st.stm32cube.ide.mcu.externaltools.gnu-tools-for-stm32.9-2020-q2-update.win32_2.0.0.202105311346/tools/bin/../lib/gcc/arm-none-eabi/9.3.1/../../../../arm-none-eabi/lib/thumb/v6-m/nofp\libm.a(lib_a-w_sqrt.o)
                              ./Core/Src/TinyGPSPlus/TinyGPS.o (sqrt)
c:/st/stm32cubeide_1.5.0/stm32cubeide/plugins/com.st.stm32cube.ide.mcu.externaltools.gnu-tools-for-stm32.9-2020-q2-update.win32_2.0.0.202105311346/tools/bin/../lib/gcc/arm-none-eabi/9.3.1/../../../../arm-none-eabi/lib/thumb/v6-m/nofp\libm.a(lib_a-e_atan2.o)
                              c:/st/stm32cubeide_1.5.0/stm32cubeide/plugins/com.st.stm32cube.ide.mcu.externaltools.gnu-tools-for-stm32.9-2020-q2-update.win32_2.0.0.202105311346/tools/bin/../lib/gcc/arm-none-eabi/9.3.1/../../../../arm-none-eabi/lib/thumb/v6-m/nofp\libm.a(lib_a-w_atan2.o) (__ieee754_atan2)
c:/st/stm32cubeide_1.5.0/stm32cubeide/plugins/com.st.stm32cube.ide.mcu.externaltools.gnu-tools-for-stm32.9-2020-q2-update.win32_2.0.0.202105311346/tools/bin/../lib/gcc/arm-none-eabi/9.3.1/../../../../arm-none-eabi/lib/thumb/v6-m/nofp\libm.a(lib_a-e_rem_pio2.o)
                              c:/st/stm32cubeide_1.5.0/stm32cubeide/plugins/com.st.stm32cube.ide.mcu.externaltools.gnu-tools-for-stm32.9-2020-q2-update.win32_2.0.0.202105311346/tools/bin/../lib/gcc/arm-none-eabi/9.3.1/../../../../arm-none-eabi/lib/thumb/v6-m/nofp\libm.a(lib_a-s_cos.o) (__ieee754_rem_pio2)
c:/st/stm32cubeide_1.5.0/stm32cubeide/plugins/com.st.stm32cube.ide.mcu.externaltools.gnu-tools-for-stm32.9-2020-q2-update.win32_2.0.0.202105311346/tools/bin/../lib/gcc/arm-none-eabi/9.3.1/../../../../arm-none-eabi/lib/thumb/v6-m/nofp\libm.a(lib_a-e_sqrt.o)
                              c:/st/stm32cubeide_1.5.0/stm32cubeide/plugins/com.st.stm32cube.ide.mcu.externaltools.gnu-tools-for-stm32.9-2020-q2-update.win32_2.0.0.202105311346/tools/bin/../lib/gcc/arm-none-eabi/9.3.1/../../../../arm-none-eabi/lib/thumb/v6-m/nofp\libm.a(lib_a-w_sqrt.o) (__ieee754_sqrt)
c:/st/stm32cubeide_1.5.0/stm32cubeide/plugins/com.st.stm32cube.ide.mcu.externaltools.gnu-tools-for-stm32.9-2020-q2-update.win32_2.0.0.202105311346/tools/bin/../lib/gcc/arm-none-eabi/9.3.1/../../../../arm-none-eabi/lib/thumb/v6-m/nofp\libm.a(lib_a-k_cos.o)
                              c:/st/stm32cubeide_1.5.0/stm32cubeide/plugins/com.st.stm32cube.ide.mcu.externaltools.gnu-tools-for-stm32.9-2020-q2-update.win32_2.0.0.202105311346/tools/bin/../lib/gcc/arm-none-eabi/9.3.1/../../../../arm-none-eabi/lib/thumb/v6-m/nofp\libm.a(lib_a-s_cos.o) (__kernel_cos)
c:/st/stm32cubeide_1.5.0/stm32cubeide/plugins/com.st.stm32cube.ide.mcu.externaltools.gnu-tools-for-stm32.9-2020-q2-update.win32_2.0.0.202105311346/tools/bin/../lib/gcc/arm-none-eabi/9.3.1/../../../../arm-none-eabi/lib/thumb/v6-m/nofp\libm.a(lib_a-k_rem_pio2.o)
                              c:/st/stm32cubeide_1.5.0/stm32cubeide/plugins/com.st.stm32cube.ide.mcu.externaltools.gnu-tools-for-stm32.9-2020-q2-update.win32_2.0.0.202105311346/tools/bin/../lib/gcc/arm-none-eabi/9.3.1/../../../../arm-none-eabi/lib/thumb/v6-m/nofp\libm.a(lib_a-e_rem_pio2.o) (__kernel_rem_pio2)
c:/st/stm32cubeide_1.5.0/stm32cubeide/plugins/com.st.stm32cube.ide.mcu.externaltools.gnu-tools-for-stm32.9-2020-q2-update.win32_2.0.0.202105311346/tools/bin/../lib/gcc/arm-none-eabi/9.3.1/../../../../arm-none-eabi/lib/thumb/v6-m/nofp\libm.a(lib_a-k_sin.o)
                              c:/st/stm32cubeide_1.5.0/stm32cubeide/plugins/com.st.stm32cube.ide.mcu.externaltools.gnu-tools-for-stm32.9-2020-q2-update.win32_2.0.0.202105311346/tools/bin/../lib/gcc/arm-none-eabi/9.3.1/../../../../arm-none-eabi/lib/thumb/v6-m/nofp\libm.a(lib_a-s_cos.o) (__kernel_sin)
[...]
Memory Configuration

Name             Origin             Length             Attributes
RAM              0x0000000020000000 0x0000000000009000 xrw
FLASH            0x0000000008000000 0x0000000000020000 xr
*default*        0x0000000000000000 0xffffffffffffffff

Linker script and memory map

LOAD c:/st/stm32cubeide_1.5.0/stm32cubeide/plugins/com.st.stm32cube.ide.mcu.externaltools.gnu-tools-for-stm32.9-2020-q2-update.win32_2.0.0.202105311346/tools/bin/../lib/gcc/arm-none-eabi/9.3.1/thumb/v6-m/nofp/crti.o
LOAD c:/st/stm32cubeide_1.5.0/stm32cubeide/plugins/com.st.stm32cube.ide.mcu.externaltools.gnu-tools-for-stm32.9-2020-q2-update.win32_2.0.0.202105311346/tools/bin/../lib/gcc/arm-none-eabi/9.3.1/thumb/v6-m/nofp/crtbegin.o
LOAD c:/st/stm32cubeide_1.5.0/stm32cubeide/plugins/com.st.stm32cube.ide.mcu.externaltools.gnu-tools-for-stm32.9-2020-q2-update.win32_2.0.0.202105311346/tools/bin/../lib/gcc/arm-none-eabi/9.3.1/../../../../arm-none-eabi/lib/thumb/v6-m/nofp/crt0.o
LOAD ./Core/Src/FHSS/FHSS.o
LOAD ./Core/Src/FHSS/crc.o
LOAD ./Core/Src/FHSS/random.o
LOAD ./Core/Src/SX1280Driver/SX1280.o
LOAD ./Core/Src/SX1280Driver/SX1280_hal.o
LOAD ./Core/Src/TinyGPSPlus/TinyGPS.o
LOAD ./Core/Src/common.o
LOAD ./Core/Src/gps.o
LOAD ./Core/Src/main.o
LOAD ./Core/Src/stm32g0xx_hal_msp.o
LOAD ./Core/Src/stm32g0xx_it.o
LOAD ./Core/Src/syscalls.o
LOAD ./Core/Src/sysmem.o
LOAD ./Core/Src/system_stm32g0xx.o
LOAD ./Core/Src/transmission.o
LOAD ./Core/Startup/startup_stm32g071gbux.o
LOAD ./Drivers/STM32G0xx_HAL_Driver/Src/stm32g0xx_hal.o
LOAD ./Drivers/STM32G0xx_HAL_Driver/Src/stm32g0xx_hal_adc.o
LOAD ./Drivers/STM32G0xx_HAL_Driver/Src/stm32g0xx_hal_adc_ex.o
LOAD ./Drivers/STM32G0xx_HAL_Driver/Src/stm32g0xx_hal_cortex.o
LOAD ./Drivers/STM32G0xx_HAL_Driver/Src/stm32g0xx_hal_dma.o
LOAD ./Drivers/STM32G0xx_HAL_Driver/Src/stm32g0xx_hal_dma_ex.o
LOAD ./Drivers/STM32G0xx_HAL_Driver/Src/stm32g0xx_hal_exti.o
LOAD ./Drivers/STM32G0xx_HAL_Driver/Src/stm32g0xx_hal_flash.o
LOAD ./Drivers/STM32G0xx_HAL_Driver/Src/stm32g0xx_hal_flash_ex.o
LOAD ./Drivers/STM32G0xx_HAL_Driver/Src/stm32g0xx_hal_gpio.o
LOAD ./Drivers/STM32G0xx_HAL_Driver/Src/stm32g0xx_hal_pwr.o
LOAD ./Drivers/STM32G0xx_HAL_Driver/Src/stm32g0xx_hal_pwr_ex.o
LOAD ./Drivers/STM32G0xx_HAL_Driver/Src/stm32g0xx_hal_rcc.o
LOAD ./Drivers/STM32G0xx_HAL_Driver/Src/stm32g0xx_hal_rcc_ex.o
LOAD ./Drivers/STM32G0xx_HAL_Driver/Src/stm32g0xx_hal_spi.o
LOAD ./Drivers/STM32G0xx_HAL_Driver/Src/stm32g0xx_hal_spi_ex.o
LOAD ./Drivers/STM32G0xx_HAL_Driver/Src/stm32g0xx_hal_tim.o
LOAD ./Drivers/STM32G0xx_HAL_Driver/Src/stm32g0xx_hal_tim_ex.o
LOAD ./Drivers/STM32G0xx_HAL_Driver/Src/stm32g0xx_hal_uart.o
LOAD ./Drivers/STM32G0xx_HAL_Driver/Src/stm32g0xx_hal_uart_ex.o
LOAD ./Drivers/STM32G0xx_HAL_Driver/Src/stm32g0xx_ll_adc.o
LOAD ./Drivers/STM32G0xx_HAL_Driver/Src/stm32g0xx_ll_dma.o
LOAD ./Drivers/STM32G0xx_HAL_Driver/Src/stm32g0xx_ll_rcc.o
START GROUP
LOAD c:/st/stm32cubeide_1.5.0/stm32cubeide/plugins/com.st.stm32cube.ide.mcu.externaltools.gnu-tools-for-stm32.9-2020-q2-update.win32_2.0.0.202105311346/tools/bin/../lib/gcc/arm-none-eabi/9.3.1/../../../../arm-none-eabi/lib/thumb/v6-m/nofp\libstdc++_nano.a
LOAD c:/st/stm32cubeide_1.5.0/stm32cubeide/plugins/com.st.stm32cube.ide.mcu.externaltools.gnu-tools-for-stm32.9-2020-q2-update.win32_2.0.0.202105311346/tools/bin/../lib/gcc/arm-none-eabi/9.3.1/../../../../arm-none-eabi/lib/thumb/v6-m/nofp\libsupc++_nano.a
END GROUP
LOAD c:/st/stm32cubeide_1.5.0/stm32cubeide/plugins/com.st.stm32cube.ide.mcu.externaltools.gnu-tools-for-stm32.9-2020-q2-update.win32_2.0.0.202105311346/tools/bin/../lib/gcc/arm-none-eabi/9.3.1/../../../../arm-none-eabi/lib/thumb/v6-m/nofp\libstdc++_nano.a
LOAD c:/st/stm32cubeide_1.5.0/stm32cubeide/plugins/com.st.stm32cube.ide.mcu.externaltools.gnu-tools-for-stm32.9-2020-q2-update.win32_2.0.0.202105311346/tools/bin/../lib/gcc/arm-none-eabi/9.3.1/../../../../arm-none-eabi/lib/thumb/v6-m/nofp\libm.a
LOAD c:/st/stm32cubeide_1.5.0/stm32cubeide/plugins/com.st.stm32cube.ide.mcu.externaltools.gnu-tools-for-stm32.9-2020-q2-update.win32_2.0.0.202105311346/tools/bin/../lib/gcc/arm-none-eabi/9.3.1/../../../../arm-none-eabi/lib/thumb/v6-m/nofp\libc_nano.a
START GROUP
LOAD c:/st/stm32cubeide_1.5.0/stm32cubeide/plugins/com.st.stm32cube.ide.mcu.externaltools.gnu-tools-for-stm32.9-2020-q2-update.win32_2.0.0.202105311346/tools/bin/../lib/gcc/arm-none-eabi/9.3.1/thumb/v6-m/nofp\libgcc.a
LOAD c:/st/stm32cubeide_1.5.0/stm32cubeide/plugins/com.st.stm32cube.ide.mcu.externaltools.gnu-tools-for-stm32.9-2020-q2-update.win32_2.0.0.202105311346/tools/bin/../lib/gcc/arm-none-eabi/9.3.1/../../../../arm-none-eabi/lib/thumb/v6-m/nofp\libc_nano.a
END GROUP
START GROUP
LOAD c:/st/stm32cubeide_1.5.0/stm32cubeide/plugins/com.st.stm32cube.ide.mcu.externaltools.gnu-tools-for-stm32.9-2020-q2-update.win32_2.0.0.202105311346/tools/bin/../lib/gcc/arm-none-eabi/9.3.1/thumb/v6-m/nofp\libgcc.a
LOAD c:/st/stm32cubeide_1.5.0/stm32cubeide/plugins/com.st.stm32cube.ide.mcu.externaltools.gnu-tools-for-stm32.9-2020-q2-update.win32_2.0.0.202105311346/tools/bin/../lib/gcc/arm-none-eabi/9.3.1/../../../../arm-none-eabi/lib/thumb/v6-m/nofp\libc_nano.a
LOAD c:/st/stm32cubeide_1.5.0/stm32cubeide/plugins/com.st.stm32cube.ide.mcu.externaltools.gnu-tools-for-stm32.9-2020-q2-update.win32_2.0.0.202105311346/tools/bin/../lib/gcc/arm-none-eabi/9.3.1/../../../../arm-none-eabi/lib/thumb/v6-m/nofp\libnosys.a
END GROUP
START GROUP
LOAD c:/st/stm32cubeide_1.5.0/stm32cubeide/plugins/com.st.stm32cube.ide.mcu.externaltools.gnu-tools-for-stm32.9-2020-q2-update.win32_2.0.0.202105311346/tools/bin/../lib/gcc/arm-none-eabi/9.3.1/thumb/v6-m/nofp\libgcc.a
LOAD c:/st/stm32cubeide_1.5.0/stm32cubeide/plugins/com.st.stm32cube.ide.mcu.externaltools.gnu-tools-for-stm32.9-2020-q2-update.win32_2.0.0.202105311346/tools/bin/../lib/gcc/arm-none-eabi/9.3.1/../../../../arm-none-eabi/lib/thumb/v6-m/nofp\libc_nano.a
LOAD c:/st/stm32cubeide_1.5.0/stm32cubeide/plugins/com.st.stm32cube.ide.mcu.externaltools.gnu-tools-for-stm32.9-2020-q2-update.win32_2.0.0.202105311346/tools/bin/../lib/gcc/arm-none-eabi/9.3.1/../../../../arm-none-eabi/lib/thumb/v6-m/nofp\libnosys.a
END GROUP
LOAD c:/st/stm32cubeide_1.5.0/stm32cubeide/plugins/com.st.stm32cube.ide.mcu.externaltools.gnu-tools-for-stm32.9-2020-q2-update.win32_2.0.0.202105311346/tools/bin/../lib/gcc/arm-none-eabi/9.3.1/thumb/v6-m/nofp/crtend.o
LOAD c:/st/stm32cubeide_1.5.0/stm32cubeide/plugins/com.st.stm32cube.ide.mcu.externaltools.gnu-tools-for-stm32.9-2020-q2-update.win32_2.0.0.202105311346/tools/bin/../lib/gcc/arm-none-eabi/9.3.1/thumb/v6-m/nofp/crtn.o
                0x0000000020009000                _estack = (ORIGIN (RAM) + LENGTH (RAM))
                0x0000000000000200                _Min_Heap_Size = 0x200
                0x0000000000000400                _Min_Stack_Size = 0x400

.isr_vector     0x0000000008000000       0xbc
                0x0000000008000000                . = ALIGN (0x4)
 *(.isr_vector)
 .isr_vector    0x0000000008000000       0xbc ./Core/Startup/startup_stm32g071gbux.o
                0x0000000008000000                g_pfnVectors
                0x00000000080000bc                . = ALIGN (0x4)

.text           0x00000000080000bc     0x9a44
                0x00000000080000bc                . = ALIGN (0x4)
 *(.text)
 .text          0x00000000080000bc       0x48 c:/st/stm32cubeide_1.5.0/stm32cubeide/plugins/com.st.stm32cube.ide.mcu.externaltools.gnu-tools-for-stm32.9-2020-q2-update.win32_2.0.0.202105311346/tools/bin/../lib/gcc/arm-none-eabi/9.3.1/thumb/v6-m/nofp/crtbegin.o
 .text          0x0000000008000104       0x14 c:/st/stm32cubeide_1.5.0/stm32cubeide/plugins/com.st.stm32cube.ide.mcu.externaltools.gnu-tools-for-stm32.9-2020-q2-update.win32_2.0.0.202105311346/tools/bin/../lib/gcc/arm-none-eabi/9.3.1/../../../../arm-none-eabi/lib/thumb/v6-m/nofp\libc_nano.a(lib_a-strcmp.o)
                0x0000000008000104                strcmp
 .text          0x0000000008000118       0x14 c:/st/stm32cubeide_1.5.0/stm32cubeide/plugins/com.st.stm32cube.ide.mcu.externaltools.gnu-tools-for-stm32.9-2020-q2-update.win32_2.0.0.202105311346/tools/bin/../lib/gcc/arm-none-eabi/9.3.1/thumb/v6-m/nofp\libgcc.a(_thumb1_case_shi.o)
                0x0000000008000118                __gnu_thumb1_case_shi
 .text          0x000000000800012c      0x114 c:/st/stm32cubeide_1.5.0/stm32cubeide/plugins/com.st.stm32cube.ide.mcu.externaltools.gnu-tools-for-stm32.9-2020-q2-update.win32_2.0.0.202105311346/tools/bin/../lib/gcc/arm-none-eabi/9.3.1/thumb/v6-m/nofp\libgcc.a(_udivsi3.o)
                0x000000000800012c                __aeabi_uidiv
                0x000000000800012c                __udivsi3
                0x0000000008000238                __aeabi_uidivmod
 .text          0x0000000008000240      0x1d4 c:/st/stm32cubeide_1.5.0/stm32cubeide/plugins/com.st.stm32cube.ide.mcu.externaltools.gnu-tools-for-stm32.9-2020-q2-update.win32_2.0.0.202105311346/tools/bin/../lib/gcc/arm-none-eabi/9.3.1/thumb/v6-m/nofp\libgcc.a(_divsi3.o)
                0x0000000008000240                __divsi3
                0x0000000008000240                __aeabi_idiv
                0x000000000800040c                __aeabi_idivmod
 .text          0x0000000008000414        0x4 c:/st/stm32cubeide_1.5.0/stm32cubeide/plugins/com.st.stm32cube.ide.mcu.externaltools.gnu-tools-for-stm32.9-2020-q2-update.win32_2.0.0.202105311346/tools/bin/../lib/gcc/arm-none-eabi/9.3.1/thumb/v6-m/nofp\libgcc.a(_dvmd_tls.o)
                0x0000000008000414                __aeabi_idiv0
                0x0000000008000414                __aeabi_ldiv0
 .text          0x0000000008000418       0x40 c:/st/stm32cubeide_1.5.0/stm32cubeide/plugins/com.st.stm32cube.ide.mcu.externaltools.gnu-tools-for-stm32.9-2020-q2-update.win32_2.0.0.202105311346/tools/bin/../lib/gcc/arm-none-eabi/9.3.1/thumb/v6-m/nofp\libgcc.a(_aeabi_uldivmod.o)
                0x0000000008000418                __aeabi_uldivmod
 .text          0x0000000008000458      0x198 c:/st/stm32cubeide_1.5.0/stm32cubeide/plugins/com.st.stm32cube.ide.mcu.externaltools.gnu-tools-for-stm32.9-2020-q2-update.win32_2.0.0.202105311346/tools/bin/../lib/gcc/arm-none-eabi/9.3.1/thumb/v6-m/nofp\libgcc.a(_udivmoddi4.o)
                0x0000000008000458                __udivmoddi4
 .text          0x00000000080005f0       0x3c c:/st/stm32cubeide_1.5.0/stm32cubeide/plugins/com.st.stm32cube.ide.mcu.externaltools.gnu-tools-for-stm32.9-2020-q2-update.win32_2.0.0.202105311346/tools/bin/../lib/gcc/arm-none-eabi/9.3.1/thumb/v6-m/nofp\libgcc.a(_clzsi2.o)
                0x00000000080005f0                __clzsi2
 .text          0x000000000800062c       0x18 c:/st/stm32cubeide_1.5.0/stm32cubeide/plugins/com.st.stm32cube.ide.mcu.externaltools.gnu-tools-for-stm32.9-2020-q2-update.win32_2.0.0.202105311346/tools/bin/../lib/gcc/arm-none-eabi/9.3.1/thumb/v6-m/nofp\libgcc.a(_clzdi2.o)
                0x000000000800062c                __clzdi2
 *(.text*)
 .text._Z8containsih
                0x0000000008000644       0x44 ./Core/Src/FHSS/FHSS.o
                0x0000000008000644                contains(int, unsigned char)
 .text._Z25FHSSrandomiseFHSSsequencem
                0x0000000008000688       0x98 ./Core/Src/FHSS/FHSS.o
                0x0000000008000688                FHSSrandomiseFHSSsequence(unsigned long)
 .text._Z5crc32PKhj
                0x0000000008000720       0x58 ./Core/Src/FHSS/crc.o
                0x0000000008000720                crc32(unsigned char const*, unsigned int)
 .text._Z3rngv  0x0000000008000778       0x48 ./Core/Src/FHSS/random.o
                0x0000000008000778                rng()
 .text._Z7rngSeedm
                0x00000000080007c0       0x1c ./Core/Src/FHSS/random.o
                0x00000000080007c0                rngSeed(unsigned long)
 .text._Z4rngNh
                0x00000000080007dc       0x2c ./Core/Src/FHSS/random.o
                0x00000000080007dc                rngN(unsigned char)
 .text._ZNK9SX1280Hal9BusyDelayEm
                0x0000000008000808       0x12 ./Core/Src/SX1280Driver/SX1280.o
                0x0000000008000808                SX1280Hal::BusyDelay(unsigned long) const
 *fill*         0x000000000800081a        0x2 
 .text._ZN12SX1280DriverC2Ev
                0x000000000800081c       0x2c ./Core/Src/SX1280Driver/SX1280.o
                0x000000000800081c                SX1280Driver::SX1280Driver()
                0x000000000800081c                SX1280Driver::SX1280Driver()
 .text._ZN12SX1280Driver5BeginEv
                0x0000000008000848      0x120 ./Core/Src/SX1280Driver/SX1280.o
                0x0000000008000848                SX1280Driver::Begin()
 .text._ZN12SX1280Driver6ConfigEhhhmhbhmmth
                0x0000000008000968      0x134 ./Core/Src/SX1280Driver/SX1280.o
                0x0000000008000968                SX1280Driver::Config(unsigned char, unsigned char, unsigned char, unsigned long, unsigned char, bool, unsigned char, unsigned long, unsigned long, unsigned short, unsigned char)
 .text._ZN12SX1280Driver14SetRxTimeoutUsEm
                0x0000000008000a9c       0x44 ./Core/Src/SX1280Driver/SX1280.o
                0x0000000008000a9c                SX1280Driver::SetRxTimeoutUs(unsigned long)
 .text._ZN12SX1280Driver14SetOutputPowerEa
                0x0000000008000ae0       0x64 ./Core/Src/SX1280Driver/SX1280.o
                0x0000000008000ae0                SX1280Driver::SetOutputPower(signed char)
 .text._ZN12SX1280Driver7SetModeE28SX1280_RadioOperatingModes_t
                0x0000000008000b44      0x100 ./Core/Src/SX1280Driver/SX1280.o
                0x0000000008000b44                SX1280Driver::SetMode(SX1280_RadioOperatingModes_t)
 .text._ZN12SX1280Driver19ConfigModParamsLoRaEhhh
                0x0000000008000c44       0x98 ./Core/Src/SX1280Driver/SX1280.o
                0x0000000008000c44                SX1280Driver::ConfigModParamsLoRa(unsigned char, unsigned char, unsigned char)
 .text._ZN12SX1280Driver19SetPacketParamsLoRaEh36SX1280_RadioLoRaPacketLengthsModes_th26SX1280_RadioLoRaCrcModes_th
                0x0000000008000cdc       0x80 ./Core/Src/SX1280Driver/SX1280.o
                0x0000000008000cdc                SX1280Driver::SetPacketParamsLoRa(unsigned char, SX1280_RadioLoRaPacketLengthsModes_t, unsigned char, SX1280_RadioLoRaCrcModes_t, unsigned char)
 .text._ZN12SX1280Driver19ConfigModParamsFLRCEhhh
                0x0000000008000d5c       0x54 ./Core/Src/SX1280Driver/SX1280.o
                0x0000000008000d5c                SX1280Driver::ConfigModParamsFLRC(unsigned char, unsigned char, unsigned char)
 .text._ZN12SX1280Driver19SetPacketParamsFLRCEhhhhmt
                0x0000000008000db0      0x128 ./Core/Src/SX1280Driver/SX1280.o
                0x0000000008000db0                SX1280Driver::SetPacketParamsFLRC(unsigned char, unsigned char, unsigned char, unsigned char, unsigned long, unsigned short)
 .text._ZN12SX1280Driver15SetFrequencyRegEm
                0x0000000008000ed8       0x60 ./Core/Src/SX1280Driver/SX1280.o
                0x0000000008000ed8                SX1280Driver::SetFrequencyReg(unsigned long)
 .text._ZN12SX1280Driver11SetFIFOaddrEhh
                0x0000000008000f38       0x44 ./Core/Src/SX1280Driver/SX1280.o
                0x0000000008000f38                SX1280Driver::SetFIFOaddr(unsigned char, unsigned char)
 .text._ZN12SX1280Driver15SetDioIrqParamsEtttt
                0x0000000008000f7c       0xa4 ./Core/Src/SX1280Driver/SX1280.o
                0x0000000008000f7c                SX1280Driver::SetDioIrqParams(unsigned short, unsigned short, unsigned short, unsigned short)
 .text._ZN12SX1280Driver12GetIrqStatusEv
                0x0000000008001020       0x38 ./Core/Src/SX1280Driver/SX1280.o
                0x0000000008001020                SX1280Driver::GetIrqStatus()
 .text._ZN12SX1280Driver14ClearIrqStatusEt
                0x0000000008001058       0x40 ./Core/Src/SX1280Driver/SX1280.o
                0x0000000008001058                SX1280Driver::ClearIrqStatus(unsigned short)
 .text._ZN12SX1280Driver7TXnbISREv
                0x0000000008001098       0x26 ./Core/Src/SX1280Driver/SX1280.o
                0x0000000008001098                SX1280Driver::TXnbISR()
 *fill*         0x00000000080010be        0x2 
 .text._ZN12SX1280Driver4TXnbEv
                0x00000000080010c0       0x8c ./Core/Src/SX1280Driver/SX1280.o
                0x00000000080010c0                SX1280Driver::TXnb()
 .text._ZN12SX1280Driver7RXnbISREv
                0x000000000800114c       0x68 ./Core/Src/SX1280Driver/SX1280.o
                0x000000000800114c                SX1280Driver::RXnbISR()
 .text._ZN12SX1280Driver4RXnbEv
                0x00000000080011b4       0x28 ./Core/Src/SX1280Driver/SX1280.o
                0x00000000080011b4                SX1280Driver::RXnb()
 .text._ZN12SX1280Driver15GetRxBufferAddrEv
                0x00000000080011dc       0x30 ./Core/Src/SX1280Driver/SX1280.o
                0x00000000080011dc                SX1280Driver::GetRxBufferAddr()
 .text._ZN12SX1280Driver18GetLastPacketStatsEv
                0x000000000800120c       0x7c ./Core/Src/SX1280Driver/SX1280.o
                0x000000000800120c                SX1280Driver::GetLastPacketStats()
 .text._ZN12SX1280Driver11IsrCallbackEv
                0x0000000008001288       0x68 ./Core/Src/SX1280Driver/SX1280.o
                0x0000000008001288                SX1280Driver::IsrCallback()
 .text._Z41__static_initialization_and_destruction_0ii
                0x00000000080012f0       0x30 ./Core/Src/SX1280Driver/SX1280.o
 .text._GLOBAL__sub_I_hal
                0x0000000008001320       0x18 ./Core/Src/SX1280Driver/SX1280.o
 .text._ZN9SX1280HalC2Ev
                0x0000000008001338       0x1c ./Core/Src/SX1280Driver/SX1280_hal.o
                0x0000000008001338                SX1280Hal::SX1280Hal()
                0x0000000008001338                SX1280Hal::SX1280Hal()
 .text._ZN9SX1280Hal4initEv
                0x0000000008001354       0x10 ./Core/Src/SX1280Driver/SX1280_hal.o
                0x0000000008001354                SX1280Hal::init()
 .text._ZN9SX1280Hal5resetEv
                0x0000000008001364       0x10 ./Core/Src/SX1280Driver/SX1280_hal.o
                0x0000000008001364                SX1280Hal::reset()
 .text._ZN9SX1280Hal12WriteCommandE15RadioCommands_uh
                0x0000000008001374       0x74 ./Core/Src/SX1280Driver/SX1280_hal.o
                0x0000000008001374                SX1280Hal::WriteCommand(RadioCommands_u, unsigned char)
 .text._ZN9SX1280Hal12WriteCommandE15RadioCommands_uPhh
                0x00000000080013e8       0x8c ./Core/Src/SX1280Driver/SX1280_hal.o
                0x00000000080013e8                SX1280Hal::WriteCommand(RadioCommands_u, unsigned char*, unsigned char)
 .text._ZN9SX1280Hal11ReadCommandE15RadioCommands_uPhh
                0x0000000008001474       0xd4 ./Core/Src/SX1280Driver/SX1280_hal.o
                0x0000000008001474                SX1280Hal::ReadCommand(RadioCommands_u, unsigned char*, unsigned char)
 .text._ZN9SX1280Hal13WriteRegisterEtPhh
                0x0000000008001548       0xa4 ./Core/Src/SX1280Driver/SX1280_hal.o
                0x0000000008001548                SX1280Hal::WriteRegister(unsigned short, unsigned char*, unsigned char)
 .text._ZN9SX1280Hal13WriteRegisterEth
                0x00000000080015ec       0x2e ./Core/Src/SX1280Driver/SX1280_hal.o
                0x00000000080015ec                SX1280Hal::WriteRegister(unsigned short, unsigned char)
 *fill*         0x000000000800161a        0x2 
 .text._ZN9SX1280Hal12ReadRegisterEtPhh
                0x000000000800161c       0xa0 ./Core/Src/SX1280Driver/SX1280_hal.o
                0x000000000800161c                SX1280Hal::ReadRegister(unsigned short, unsigned char*, unsigned char)
 .text._ZN9SX1280Hal12ReadRegisterEt
                0x00000000080016bc       0x2a ./Core/Src/SX1280Driver/SX1280_hal.o
                0x00000000080016bc                SX1280Hal::ReadRegister(unsigned short)
 *fill*         0x00000000080016e6        0x2 
 .text._ZN9SX1280Hal11WriteBufferEhPVhh
                0x00000000080016e8       0xa4 ./Core/Src/SX1280Driver/SX1280_hal.o
                0x00000000080016e8                SX1280Hal::WriteBuffer(unsigned char, unsigned char volatile*, unsigned char)
 .text._ZN9SX1280Hal10ReadBufferEhPVhh
                0x000000000800178c       0xa8 ./Core/Src/SX1280Driver/SX1280_hal.o
                0x000000000800178c                SX1280Hal::ReadBuffer(unsigned char, unsigned char volatile*, unsigned char)
 .text._ZN9SX1280Hal10WaitOnBusyEv
                0x0000000008001834       0x54 ./Core/Src/SX1280Driver/SX1280_hal.o
                0x0000000008001834                SX1280Hal::WaitOnBusy()
 .text._ZN9SX1280Hal8TXenableEv
                0x0000000008001888       0x40 ./Core/Src/SX1280Driver/SX1280_hal.o
                0x0000000008001888                SX1280Hal::TXenable()
 .text._ZN9SX1280Hal8RXenableEv
                0x00000000080018c8       0x40 ./Core/Src/SX1280Driver/SX1280_hal.o
                0x00000000080018c8                SX1280Hal::RXenable()
 .text._ZN9SX1280Hal11TXRXdisableEv
                0x0000000008001908       0x40 ./Core/Src/SX1280Driver/SX1280_hal.o
                0x0000000008001908                SX1280Hal::TXRXdisable()
 .text.HAL_GPIO_EXTI_Rising_Callback
                0x0000000008001948       0x20 ./Core/Src/SX1280Driver/SX1280_hal.o
                0x0000000008001948                HAL_GPIO_EXTI_Rising_Callback
 .text._ZN10RawDegreesC2Ev
                0x0000000008001968       0x24 ./Core/Src/TinyGPSPlus/TinyGPS.o
                0x0000000008001968                RawDegrees::RawDegrees()
                0x0000000008001968                RawDegrees::RawDegrees()
 .text._ZN15TinyGPSLocationC2Ev
                0x000000000800198c       0x46 ./Core/Src/TinyGPSPlus/TinyGPS.o
                0x000000000800198c                TinyGPSLocation::TinyGPSLocation()
                0x000000000800198c                TinyGPSLocation::TinyGPSLocation()
 .text._ZN11TinyGPSDateC2Ev
                0x00000000080019d2       0x24 ./Core/Src/TinyGPSPlus/TinyGPS.o
                0x00000000080019d2                TinyGPSDate::TinyGPSDate()
                0x00000000080019d2                TinyGPSDate::TinyGPSDate()
 .text._ZN11TinyGPSTimeC2Ev
                0x00000000080019f6       0x24 ./Core/Src/TinyGPSPlus/TinyGPS.o
                0x00000000080019f6                TinyGPSTime::TinyGPSTime()
                0x00000000080019f6                TinyGPSTime::TinyGPSTime()
 .text._ZN14TinyGPSDecimalC2Ev
                0x0000000008001a1a       0x24 ./Core/Src/TinyGPSPlus/TinyGPS.o
                0x0000000008001a1a                TinyGPSDecimal::TinyGPSDecimal()
                0x0000000008001a1a                TinyGPSDecimal::TinyGPSDecimal()
 .text._ZN14TinyGPSIntegerC2Ev
                0x0000000008001a3e       0x24 ./Core/Src/TinyGPSPlus/TinyGPS.o
                0x0000000008001a3e                TinyGPSInteger::TinyGPSInteger()
                0x0000000008001a3e                TinyGPSInteger::TinyGPSInteger()
 .text._ZN12TinyGPSSpeedC2Ev
                0x0000000008001a62       0x1a ./Core/Src/TinyGPSPlus/TinyGPS.o
                0x0000000008001a62                TinyGPSSpeed::TinyGPSSpeed()
                0x0000000008001a62                TinyGPSSpeed::TinyGPSSpeed()
 .text._ZN13TinyGPSCourseC2Ev
                0x0000000008001a7c       0x1a ./Core/Src/TinyGPSPlus/TinyGPS.o
                0x0000000008001a7c                TinyGPSCourse::TinyGPSCourse()
                0x0000000008001a7c                TinyGPSCourse::TinyGPSCourse()
 .text._ZN15TinyGPSAltitudeC2Ev
                0x0000000008001a96       0x1a ./Core/Src/TinyGPSPlus/TinyGPS.o
                0x0000000008001a96                TinyGPSAltitude::TinyGPSAltitude()
                0x0000000008001a96                TinyGPSAltitude::TinyGPSAltitude()
 .text._ZN11TinyGPSHDOPC2Ev
                0x0000000008001ab0       0x1a ./Core/Src/TinyGPSPlus/TinyGPS.o
                0x0000000008001ab0                TinyGPSHDOP::TinyGPSHDOP()
                0x0000000008001ab0                TinyGPSHDOP::TinyGPSHDOP()
 .text._ZN11TinyGPSPlusC2Ev
                0x0000000008001aca       0xc8 ./Core/Src/TinyGPSPlus/TinyGPS.o
                0x0000000008001aca                TinyGPSPlus::TinyGPSPlus()
                0x0000000008001aca                TinyGPSPlus::TinyGPSPlus()
 *fill*         0x0000000008001b92        0x2 
 .text._ZN11TinyGPSPlus6encodeEc
                0x0000000008001b94      0x140 ./Core/Src/TinyGPSPlus/TinyGPS.o
                0x0000000008001b94                TinyGPSPlus::encode(char)
 .text._ZN11TinyGPSPlus7fromHexEc
                0x0000000008001cd4       0x4c ./Core/Src/TinyGPSPlus/TinyGPS.o
                0x0000000008001cd4                TinyGPSPlus::fromHex(char)
 .text._ZN11TinyGPSPlus12parseDecimalEPKc
                0x0000000008001d20       0xce ./Core/Src/TinyGPSPlus/TinyGPS.o
                0x0000000008001d20                TinyGPSPlus::parseDecimal(char const*)
 *fill*         0x0000000008001dee        0x2 
 .text._ZN11TinyGPSPlus12parseDegreesEPKcR10RawDegrees
                0x0000000008001df0       0xe0 ./Core/Src/TinyGPSPlus/TinyGPS.o
                0x0000000008001df0                TinyGPSPlus::parseDegrees(char const*, RawDegrees&)
 .text._ZN11TinyGPSPlus16endOfTermHandlerEv
                0x0000000008001ed0      0x3e4 ./Core/Src/TinyGPSPlus/TinyGPS.o
                0x0000000008001ed0                TinyGPSPlus::endOfTermHandler()
 .text._ZN15TinyGPSLocation6commitEv
                0x00000000080022b4       0x4a ./Core/Src/TinyGPSPlus/TinyGPS.o
                0x00000000080022b4                TinyGPSLocation::commit()
 .text._ZN15TinyGPSLocation11setLatitudeEPKc
                0x00000000080022fe       0x22 ./Core/Src/TinyGPSPlus/TinyGPS.o
                0x00000000080022fe                TinyGPSLocation::setLatitude(char const*)
 .text._ZN15TinyGPSLocation12setLongitudeEPKc
                0x0000000008002320       0x22 ./Core/Src/TinyGPSPlus/TinyGPS.o
                0x0000000008002320                TinyGPSLocation::setLongitude(char const*)
 .text._ZN11TinyGPSDate6commitEv
                0x0000000008002342       0x30 ./Core/Src/TinyGPSPlus/TinyGPS.o
                0x0000000008002342                TinyGPSDate::commit()
 .text._ZN11TinyGPSTime6commitEv
                0x0000000008002372       0x30 ./Core/Src/TinyGPSPlus/TinyGPS.o
                0x0000000008002372                TinyGPSTime::commit()
 .text._ZN11TinyGPSTime7setTimeEPKc
                0x00000000080023a2       0x22 ./Core/Src/TinyGPSPlus/TinyGPS.o
                0x00000000080023a2                TinyGPSTime::setTime(char const*)
 .text._ZN11TinyGPSDate7setDateEPKc
                0x00000000080023c4       0x22 ./Core/Src/TinyGPSPlus/TinyGPS.o
                0x00000000080023c4                TinyGPSDate::setDate(char const*)
 .text._ZN14TinyGPSDecimal6commitEv
                0x00000000080023e6       0x30 ./Core/Src/TinyGPSPlus/TinyGPS.o
                0x00000000080023e6                TinyGPSDecimal::commit()
 .text._ZN14TinyGPSDecimal3setEPKc
                0x0000000008002416       0x20 ./Core/Src/TinyGPSPlus/TinyGPS.o
                0x0000000008002416                TinyGPSDecimal::set(char const*)
 .text._ZN14TinyGPSInteger6commitEv
                0x0000000008002436       0x30 ./Core/Src/TinyGPSPlus/TinyGPS.o
                0x0000000008002436                TinyGPSInteger::commit()
 .text._ZN14TinyGPSInteger3setEPKc
                0x0000000008002466       0x22 ./Core/Src/TinyGPSPlus/TinyGPS.o
                0x0000000008002466                TinyGPSInteger::set(char const*)
 .text._ZN13TinyGPSCustom6commitEv
                0x0000000008002488       0x3c ./Core/Src/TinyGPSPlus/TinyGPS.o
                0x0000000008002488                TinyGPSCustom::commit()
 .text._ZN13TinyGPSCustom3setEPKc
                0x00000000080024c4       0x1e ./Core/Src/TinyGPSPlus/TinyGPS.o
                0x00000000080024c4                TinyGPSCustom::set(char const*)
 *fill*         0x00000000080024e2        0x2 
 .text._Z22get_elrs_airRateConfigh
                0x00000000080024e4       0x30 ./Core/Src/common.o
                0x00000000080024e4                get_elrs_airRateConfig(unsigned char)
 .text._Z41__static_initialization_and_destruction_0ii
                0x0000000008002514       0x30 ./Core/Src/common.o
 .text._GLOBAL__sub_I_Radio
                0x0000000008002544       0x18 ./Core/Src/common.o
 .text._ZNK15TinyGPSLocation7isValidEv
                0x000000000800255c       0x14 ./Core/Src/gps.o
                0x000000000800255c                TinyGPSLocation::isValid() const
 .text._Z8gpsSetupv
                0x0000000008002570       0xac ./Core/Src/gps.o
                0x0000000008002570                gpsSetup()
 .text._Z6gpsRunv
                0x000000000800261c       0x5c ./Core/Src/gps.o
                0x000000000800261c                gpsRun()
 .text.HAL_UART_RxCpltCallback
                0x0000000008002678       0x44 ./Core/Src/gps.o
                0x0000000008002678                HAL_UART_RxCpltCallback
 .text._Z41__static_initialization_and_destruction_0ii
                0x00000000080026bc       0x30 ./Core/Src/gps.o
 .text._GLOBAL__sub_I_gps
                0x00000000080026ec       0x18 ./Core/Src/gps.o
 .text.main     0x0000000008002704       0x44 ./Core/Src/main.o
                0x0000000008002704                main
 .text._Z18SystemClock_Configv
                0x0000000008002748       0xcc ./Core/Src/main.o
                0x0000000008002748                SystemClock_Config()
 .text._ZL12MX_ADC1_Initv
                0x0000000008002814       0xe4 ./Core/Src/main.o
 .text._ZL12MX_SPI1_Initv
                0x00000000080028f8       0x84 ./Core/Src/main.o
 .text._ZL12MX_TIM2_Initv
                0x000000000800297c       0xc0 ./Core/Src/main.o
 .text._ZL19MX_USART1_UART_Initv
                0x0000000008002a3c       0xbc ./Core/Src/main.o
 .text._ZL19MX_USART2_UART_Initv
                0x0000000008002af8       0xbc ./Core/Src/main.o
 .text._ZL12MX_GPIO_Initv
                0x0000000008002bb4      0x168 ./Core/Src/main.o
 .text.Error_Handler
                0x0000000008002d1c        0xa ./Core/Src/main.o
                0x0000000008002d1c                Error_Handler
 *fill*         0x0000000008002d26        0x2 
 .text.HAL_MspInit
                0x0000000008002d28       0x50 ./Core/Src/stm32g0xx_hal_msp.o
                0x0000000008002d28                HAL_MspInit
 .text.HAL_ADC_MspInit
                0x0000000008002d78       0xb8 ./Core/Src/stm32g0xx_hal_msp.o
                0x0000000008002d78                HAL_ADC_MspInit
 .text.HAL_SPI_MspInit
                0x0000000008002e30       0xa4 ./Core/Src/stm32g0xx_hal_msp.o
                0x0000000008002e30                HAL_SPI_MspInit
 .text.HAL_TIM_Base_MspInit
                0x0000000008002ed4       0x48 ./Core/Src/stm32g0xx_hal_msp.o
                0x0000000008002ed4                HAL_TIM_Base_MspInit
 .text.HAL_UART_MspInit
                0x0000000008002f1c      0x164 ./Core/Src/stm32g0xx_hal_msp.o
                0x0000000008002f1c                HAL_UART_MspInit
 .text.NMI_Handler
                0x0000000008003080        0x6 ./Core/Src/stm32g0xx_it.o
                0x0000000008003080                NMI_Handler
 .text.HardFault_Handler
                0x0000000008003086        0x6 ./Core/Src/stm32g0xx_it.o
                0x0000000008003086                HardFault_Handler
 .text.SVC_Handler
                0x000000000800308c        0xa ./Core/Src/stm32g0xx_it.o
                0x000000000800308c                SVC_Handler
 .text.PendSV_Handler
                0x0000000008003096        0xa ./Core/Src/stm32g0xx_it.o
                0x0000000008003096                PendSV_Handler
 .text.SysTick_Handler
                0x00000000080030a0        0xe ./Core/Src/stm32g0xx_it.o
                0x00000000080030a0                SysTick_Handler
 .text.EXTI4_15_IRQHandler
                0x00000000080030ae       0x16 ./Core/Src/stm32g0xx_it.o
                0x00000000080030ae                EXTI4_15_IRQHandler
 .text.TIM2_IRQHandler
                0x00000000080030c4       0x18 ./Core/Src/stm32g0xx_it.o
                0x00000000080030c4                TIM2_IRQHandler
 .text.SPI1_IRQHandler
                0x00000000080030dc       0x18 ./Core/Src/stm32g0xx_it.o
                0x00000000080030dc                SPI1_IRQHandler
 .text.USART1_IRQHandler
                0x00000000080030f4       0x18 ./Core/Src/stm32g0xx_it.o
                0x00000000080030f4                USART1_IRQHandler
 .text._sbrk    0x000000000800310c       0x6c ./Core/Src/sysmem.o
                0x000000000800310c                _sbrk
 .text.SystemInit
                0x0000000008003178       0x18 ./Core/Src/system_stm32g0xx.o
                0x0000000008003178                SystemInit
 .text._ZL14GetInitialFreqv
                0x0000000008003190       0x1c ./Core/Src/transmission.o
 .text._ZL16FHSSsetCurrIndexh
                0x00000000080031ac       0x34 ./Core/Src/transmission.o
 .text._ZL15FHSSgetNextFreqv
                0x00000000080031e0       0x54 ./Core/Src/transmission.o
 .text._Z13SetRFLinkRate6mode_e
                0x0000000008003234       0xf0 ./Core/Src/transmission.o
                0x0000000008003234                SetRFLinkRate(mode_e)
 .text._Z15ProcessRFPacketv
                0x0000000008003324       0xcc ./Core/Src/transmission.o
                0x0000000008003324                ProcessRFPacket()
 .text._Z9RXdoneISRv
                0x00000000080033f0       0x7c ./Core/Src/transmission.o
                0x00000000080033f0                RXdoneISR()
 .text._Z9TXdoneISRv
                0x000000000800346c       0x28 ./Core/Src/transmission.o
                0x000000000800346c                TXdoneISR()
 .text._Z17transmissionSetup6mode_e
                0x0000000008003494      0x128 ./Core/Src/transmission.o
                0x0000000008003494                transmissionSetup(mode_e)
 .text._Z10rx_timeoutv
                0x00000000080035bc       0xb4 ./Core/Src/transmission.o
                0x00000000080035bc                rx_timeout()
 .text._Z11tx_transmitv
                0x0000000008003670       0xb4 ./Core/Src/transmission.o
                0x0000000008003670                tx_transmit()
 .text.HAL_TIM_PeriodElapsedCallback
                0x0000000008003724       0x28 ./Core/Src/transmission.o
                0x0000000008003724                HAL_TIM_PeriodElapsedCallback
 .text._ZN6LQCALCILh30EEC2Ev
                0x000000000800374c       0x20 ./Core/Src/transmission.o
                0x000000000800374c                LQCALC<(unsigned char)30>::LQCALC()
                0x000000000800374c                LQCALC<(unsigned char)30>::LQCALC()
 .text._ZN6LQCALCILh30EE3incEv
                0x000000000800376c       0xb0 ./Core/Src/transmission.o
                0x000000000800376c                LQCALC<(unsigned char)30>::inc()
 .text._ZN6LQCALCILh30EE3addEv
                0x000000000800381c       0x4e ./Core/Src/transmission.o
                0x000000000800381c                LQCALC<(unsigned char)30>::add()
 .text._ZNK6LQCALCILh30EE5getLQEv
                0x000000000800386a       0x2a ./Core/Src/transmission.o
                0x000000000800386a                LQCALC<(unsigned char)30>::getLQ() const
 .text._ZN6LQCALCILh30EE5resetEv
                0x0000000008003894       0x4e ./Core/Src/transmission.o
                0x0000000008003894                LQCALC<(unsigned char)30>::reset()
 .text._ZNK6LQCALCILh30EE12currentIsSetEv
                0x00000000080038e2       0x2a ./Core/Src/transmission.o
                0x00000000080038e2                LQCALC<(unsigned char)30>::currentIsSet() const
 .text._Z41__static_initialization_and_destruction_0ii
                0x000000000800390c       0x30 ./Core/Src/transmission.o
 .text._GLOBAL__sub_I_busyTransmitting
                0x000000000800393c       0x18 ./Core/Src/transmission.o
 .text.Reset_Handler
                0x0000000008003954       0x50 ./Core/Startup/startup_stm32g071gbux.o
                0x0000000008003954                Reset_Handler
 .text.Default_Handler
                0x00000000080039a4        0x2 ./Core/Startup/startup_stm32g071gbux.o
                0x00000000080039a4                USART3_4_LPUART1_IRQHandler
                0x00000000080039a4                TIM1_CC_IRQHandler
                0x00000000080039a4                ADC1_COMP_IRQHandler
                0x00000000080039a4                PVD_IRQHandler
                0x00000000080039a4                I2C1_IRQHandler
                0x00000000080039a4                TIM7_LPTIM2_IRQHandler
                0x00000000080039a4                RTC_TAMP_IRQHandler
                0x00000000080039a4                EXTI2_3_IRQHandler
                0x00000000080039a4                I2C2_IRQHandler
                0x00000000080039a4                TIM17_IRQHandler
                0x00000000080039a4                TIM16_IRQHandler
                0x00000000080039a4                TIM3_IRQHandler
                0x00000000080039a4                RCC_IRQHandler
                0x00000000080039a4                DMA1_Channel1_IRQHandler
                0x00000000080039a4                Default_Handler
                0x00000000080039a4                CEC_IRQHandler
                0x00000000080039a4                TIM14_IRQHandler
                0x00000000080039a4                TIM15_IRQHandler
                0x00000000080039a4                EXTI0_1_IRQHandler
                0x00000000080039a4                SPI2_IRQHandler
                0x00000000080039a4                TIM6_DAC_LPTIM1_IRQHandler
                0x00000000080039a4                WWDG_IRQHandler
                0x00000000080039a4                DMA1_Ch4_7_DMAMUX1_OVR_IRQHandler
                0x00000000080039a4                DMA1_Channel2_3_IRQHandler
                0x00000000080039a4                UCPD1_2_IRQHandler
                0x00000000080039a4                USART2_IRQHandler
                0x00000000080039a4                FLASH_IRQHandler
                0x00000000080039a4                TIM1_BRK_UP_TRG_COM_IRQHandler
 *fill*         0x00000000080039a6        0x2 
 .text.HAL_Init
                0x00000000080039a8       0x40 ./Drivers/STM32G0xx_HAL_Driver/Src/stm32g0xx_hal.o
                0x00000000080039a8                HAL_Init
 .text.HAL_InitTick
                0x00000000080039e8       0x94 ./Drivers/STM32G0xx_HAL_Driver/Src/stm32g0xx_hal.o
                0x00000000080039e8                HAL_InitTick
 .text.HAL_IncTick
                0x0000000008003a7c       0x24 ./Drivers/STM32G0xx_HAL_Driver/Src/stm32g0xx_hal.o
                0x0000000008003a7c                HAL_IncTick
 .text.HAL_GetTick
                0x0000000008003aa0       0x14 ./Drivers/STM32G0xx_HAL_Driver/Src/stm32g0xx_hal.o
                0x0000000008003aa0                HAL_GetTick
 .text.HAL_Delay
                0x0000000008003ab4       0x48 ./Drivers/STM32G0xx_HAL_Driver/Src/stm32g0xx_hal.o
                0x0000000008003ab4                HAL_Delay
 .text.HAL_SYSCFG_StrobeDBattpinsConfig
                0x0000000008003afc       0x2c ./Drivers/STM32G0xx_HAL_Driver/Src/stm32g0xx_hal.o
                0x0000000008003afc                HAL_SYSCFG_StrobeDBattpinsConfig
 .text.LL_ADC_SetCommonPathInternalCh
                0x0000000008003b28       0x28 ./Drivers/STM32G0xx_HAL_Driver/Src/stm32g0xx_hal_adc.o
 .text.LL_ADC_GetCommonPathInternalCh
                0x0000000008003b50       0x1a ./Drivers/STM32G0xx_HAL_Driver/Src/stm32g0xx_hal_adc.o
 .text.LL_ADC_SetSamplingTimeCommonChannels
                0x0000000008003b6a       0x3a ./Drivers/STM32G0xx_HAL_Driver/Src/stm32g0xx_hal_adc.o
 .text.LL_ADC_REG_SetSequencerRanks
                0x0000000008003ba4       0x40 ./Drivers/STM32G0xx_HAL_Driver/Src/stm32g0xx_hal_adc.o
 .text.LL_ADC_REG_SetSequencerChAdd
                0x0000000008003be4       0x22 ./Drivers/STM32G0xx_HAL_Driver/Src/stm32g0xx_hal_adc.o
 .text.LL_ADC_REG_SetSequencerChRem
                0x0000000008003c06       0x24 ./Drivers/STM32G0xx_HAL_Driver/Src/stm32g0xx_hal_adc.o
 *fill*         0x0000000008003c2a        0x2 
 .text.LL_ADC_SetChannelSamplingTime
                0x0000000008003c2c       0x38 ./Drivers/STM32G0xx_HAL_Driver/Src/stm32g0xx_hal_adc.o
 .text.LL_ADC_EnableInternalRegulator
                0x0000000008003c64       0x28 ./Drivers/STM32G0xx_HAL_Driver/Src/stm32g0xx_hal_adc.o
 .text.LL_ADC_IsInternalRegulatorEnabled
                0x0000000008003c8c       0x28 ./Drivers/STM32G0xx_HAL_Driver/Src/stm32g0xx_hal_adc.o
 .text.LL_ADC_IsEnabled
                0x0000000008003cb4       0x22 ./Drivers/STM32G0xx_HAL_Driver/Src/stm32g0xx_hal_adc.o
 .text.LL_ADC_REG_IsConversionOngoing
                0x0000000008003cd6       0x22 ./Drivers/STM32G0xx_HAL_Driver/Src/stm32g0xx_hal_adc.o
 .text.HAL_ADC_Init
                0x0000000008003cf8      0x3bc ./Drivers/STM32G0xx_HAL_Driver/Src/stm32g0xx_hal_adc.o
                0x0000000008003cf8                HAL_ADC_Init
 .text.HAL_ADC_ConfigChannel
                0x00000000080040b4      0x3b0 ./Drivers/STM32G0xx_HAL_Driver/Src/stm32g0xx_hal_adc.o
                0x00000000080040b4                HAL_ADC_ConfigChannel
 .text.__NVIC_EnableIRQ
                0x0000000008004464       0x34 ./Drivers/STM32G0xx_HAL_Driver/Src/stm32g0xx_hal_cortex.o
 .text.__NVIC_SetPriority
                0x0000000008004498       0xdc ./Drivers/STM32G0xx_HAL_Driver/Src/stm32g0xx_hal_cortex.o
 .text.SysTick_Config
                0x0000000008004574       0x48 ./Drivers/STM32G0xx_HAL_Driver/Src/stm32g0xx_hal_cortex.o
 .text.HAL_NVIC_SetPriority
                0x00000000080045bc       0x2a ./Drivers/STM32G0xx_HAL_Driver/Src/stm32g0xx_hal_cortex.o
                0x00000000080045bc                HAL_NVIC_SetPriority
 .text.HAL_NVIC_EnableIRQ
                0x00000000080045e6       0x20 ./Drivers/STM32G0xx_HAL_Driver/Src/stm32g0xx_hal_cortex.o
                0x00000000080045e6                HAL_NVIC_EnableIRQ
 .text.HAL_SYSTICK_Config
                0x0000000008004606       0x1a ./Drivers/STM32G0xx_HAL_Driver/Src/stm32g0xx_hal_cortex.o
                0x0000000008004606                HAL_SYSTICK_Config
 .text.HAL_DMA_Abort
                0x0000000008004620       0xc4 ./Drivers/STM32G0xx_HAL_Driver/Src/stm32g0xx_hal_dma.o
                0x0000000008004620                HAL_DMA_Abort
 .text.HAL_DMA_Abort_IT
                0x00000000080046e4       0xd4 ./Drivers/STM32G0xx_HAL_Driver/Src/stm32g0xx_hal_dma.o
                0x00000000080046e4                HAL_DMA_Abort_IT
 .text.HAL_GPIO_Init
                0x00000000080047b8      0x2c8 ./Drivers/STM32G0xx_HAL_Driver/Src/stm32g0xx_hal_gpio.o
                0x00000000080047b8                HAL_GPIO_Init
 .text.HAL_GPIO_ReadPin
                0x0000000008004a80       0x3a ./Drivers/STM32G0xx_HAL_Driver/Src/stm32g0xx_hal_gpio.o
                0x0000000008004a80                HAL_GPIO_ReadPin
 .text.HAL_GPIO_WritePin
                0x0000000008004aba       0x3a ./Drivers/STM32G0xx_HAL_Driver/Src/stm32g0xx_hal_gpio.o
                0x0000000008004aba                HAL_GPIO_WritePin
 .text.HAL_GPIO_TogglePin
                0x0000000008004af4       0x36 ./Drivers/STM32G0xx_HAL_Driver/Src/stm32g0xx_hal_gpio.o
                0x0000000008004af4                HAL_GPIO_TogglePin
 *fill*         0x0000000008004b2a        0x2 
 .text.HAL_GPIO_EXTI_IRQHandler
                0x0000000008004b2c       0x54 ./Drivers/STM32G0xx_HAL_Driver/Src/stm32g0xx_hal_gpio.o
                0x0000000008004b2c                HAL_GPIO_EXTI_IRQHandler
 .text.HAL_GPIO_EXTI_Falling_Callback
                0x0000000008004b80       0x14 ./Drivers/STM32G0xx_HAL_Driver/Src/stm32g0xx_hal_gpio.o
                0x0000000008004b80                HAL_GPIO_EXTI_Falling_Callback
 .text.HAL_PWREx_ControlVoltageScaling
                0x0000000008004b94       0x80 ./Drivers/STM32G0xx_HAL_Driver/Src/stm32g0xx_hal_pwr_ex.o
                0x0000000008004b94                HAL_PWREx_ControlVoltageScaling
 .text.LL_RCC_GetAPB1Prescaler
                0x0000000008004c14       0x18 ./Drivers/STM32G0xx_HAL_Driver/Src/stm32g0xx_hal_rcc.o
 .text.HAL_RCC_OscConfig
                0x0000000008004c2c      0x640 ./Drivers/STM32G0xx_HAL_Driver/Src/stm32g0xx_hal_rcc.o
                0x0000000008004c2c                HAL_RCC_OscConfig
 .text.HAL_RCC_ClockConfig
                0x000000000800526c      0x210 ./Drivers/STM32G0xx_HAL_Driver/Src/stm32g0xx_hal_rcc.o
                0x000000000800526c                HAL_RCC_ClockConfig
 .text.HAL_RCC_GetSysClockFreq
                0x000000000800547c      0x104 ./Drivers/STM32G0xx_HAL_Driver/Src/stm32g0xx_hal_rcc.o
                0x000000000800547c                HAL_RCC_GetSysClockFreq
 .text.HAL_RCC_GetHCLKFreq
                0x0000000008005580       0x14 ./Drivers/STM32G0xx_HAL_Driver/Src/stm32g0xx_hal_rcc.o
                0x0000000008005580                HAL_RCC_GetHCLKFreq
 .text.HAL_RCC_GetPCLK1Freq
                0x0000000008005594       0x2c ./Drivers/STM32G0xx_HAL_Driver/Src/stm32g0xx_hal_rcc.o
                0x0000000008005594                HAL_RCC_GetPCLK1Freq
 .text.HAL_RCCEx_PeriphCLKConfig
                0x00000000080055c0      0x370 ./Drivers/STM32G0xx_HAL_Driver/Src/stm32g0xx_hal_rcc_ex.o
                0x00000000080055c0                HAL_RCCEx_PeriphCLKConfig
 .text.HAL_SPI_Init
                0x0000000008005930      0x170 ./Drivers/STM32G0xx_HAL_Driver/Src/stm32g0xx_hal_spi.o
                0x0000000008005930                HAL_SPI_Init
 .text.HAL_SPI_Transmit
                0x0000000008005aa0      0x2b0 ./Drivers/STM32G0xx_HAL_Driver/Src/stm32g0xx_hal_spi.o
                0x0000000008005aa0                HAL_SPI_Transmit
 .text.HAL_SPI_TransmitReceive
                0x0000000008005d50      0x3a4 ./Drivers/STM32G0xx_HAL_Driver/Src/stm32g0xx_hal_spi.o
                0x0000000008005d50                HAL_SPI_TransmitReceive
 .text.HAL_SPI_IRQHandler
                0x00000000080060f4      0x1fc ./Drivers/STM32G0xx_HAL_Driver/Src/stm32g0xx_hal_spi.o
                0x00000000080060f4                HAL_SPI_IRQHandler
 .text.HAL_SPI_ErrorCallback
                0x00000000080062f0       0x10 ./Drivers/STM32G0xx_HAL_Driver/Src/stm32g0xx_hal_spi.o
                0x00000000080062f0                HAL_SPI_ErrorCallback
 .text.SPI_DMAAbortOnError
                0x0000000008006300       0x2c ./Drivers/STM32G0xx_HAL_Driver/Src/stm32g0xx_hal_spi.o
 .text.SPI_WaitFlagStateUntilTimeout
                0x000000000800632c      0x11c ./Drivers/STM32G0xx_HAL_Driver/Src/stm32g0xx_hal_spi.o
 .text.SPI_WaitFifoStateUntilTimeout
                0x0000000008006448      0x144 ./Drivers/STM32G0xx_HAL_Driver/Src/stm32g0xx_hal_spi.o
 .text.SPI_EndRxTxTransaction
                0x000000000800658c       0x8c ./Drivers/STM32G0xx_HAL_Driver/Src/stm32g0xx_hal_spi.o
 .text.HAL_TIM_Base_Init
                0x0000000008006618       0xb0 ./Drivers/STM32G0xx_HAL_Driver/Src/stm32g0xx_hal_tim.o
                0x0000000008006618                HAL_TIM_Base_Init
 .text.HAL_TIM_Base_Start_IT
                0x00000000080066c8       0xb8 ./Drivers/STM32G0xx_HAL_Driver/Src/stm32g0xx_hal_tim.o
                0x00000000080066c8                HAL_TIM_Base_Start_IT
 .text.HAL_TIM_Base_Stop_IT
                0x0000000008006780       0x5c ./Drivers/STM32G0xx_HAL_Driver/Src/stm32g0xx_hal_tim.o
                0x0000000008006780                HAL_TIM_Base_Stop_IT
 .text.HAL_TIM_IRQHandler
                0x00000000080067dc      0x264 ./Drivers/STM32G0xx_HAL_Driver/Src/stm32g0xx_hal_tim.o
                0x00000000080067dc                HAL_TIM_IRQHandler
 .text.HAL_TIM_ConfigClockSource
                0x0000000008006a40      0x198 ./Drivers/STM32G0xx_HAL_Driver/Src/stm32g0xx_hal_tim.o
                0x0000000008006a40                HAL_TIM_ConfigClockSource
 .text.HAL_TIM_OC_DelayElapsedCallback
                0x0000000008006bd8       0x10 ./Drivers/STM32G0xx_HAL_Driver/Src/stm32g0xx_hal_tim.o
                0x0000000008006bd8                HAL_TIM_OC_DelayElapsedCallback
 .text.HAL_TIM_IC_CaptureCallback
                0x0000000008006be8       0x10 ./Drivers/STM32G0xx_HAL_Driver/Src/stm32g0xx_hal_tim.o
                0x0000000008006be8                HAL_TIM_IC_CaptureCallback
 .text.HAL_TIM_PWM_PulseFinishedCallback
                0x0000000008006bf8       0x10 ./Drivers/STM32G0xx_HAL_Driver/Src/stm32g0xx_hal_tim.o
                0x0000000008006bf8                HAL_TIM_PWM_PulseFinishedCallback
 .text.HAL_TIM_TriggerCallback
                0x0000000008006c08       0x10 ./Drivers/STM32G0xx_HAL_Driver/Src/stm32g0xx_hal_tim.o
                0x0000000008006c08                HAL_TIM_TriggerCallback
 .text.TIM_Base_SetConfig
                0x0000000008006c18      0x100 ./Drivers/STM32G0xx_HAL_Driver/Src/stm32g0xx_hal_tim.o
                0x0000000008006c18                TIM_Base_SetConfig
 .text.TIM_TI1_ConfigInputStage
                0x0000000008006d18       0x5c ./Drivers/STM32G0xx_HAL_Driver/Src/stm32g0xx_hal_tim.o
 .text.TIM_TI2_ConfigInputStage
                0x0000000008006d74       0x64 ./Drivers/STM32G0xx_HAL_Driver/Src/stm32g0xx_hal_tim.o
 .text.TIM_ITRx_SetConfig
                0x0000000008006dd8       0x38 ./Drivers/STM32G0xx_HAL_Driver/Src/stm32g0xx_hal_tim.o
 .text.TIM_ETR_SetConfig
                0x0000000008006e10       0x40 ./Drivers/STM32G0xx_HAL_Driver/Src/stm32g0xx_hal_tim.o
                0x0000000008006e10                TIM_ETR_SetConfig
 .text.HAL_TIMEx_MasterConfigSynchronization
                0x0000000008006e50       0xdc ./Drivers/STM32G0xx_HAL_Driver/Src/stm32g0xx_hal_tim_ex.o
                0x0000000008006e50                HAL_TIMEx_MasterConfigSynchronization
 .text.HAL_TIMEx_CommutCallback
                0x0000000008006f2c       0x10 ./Drivers/STM32G0xx_HAL_Driver/Src/stm32g0xx_hal_tim_ex.o
                0x0000000008006f2c                HAL_TIMEx_CommutCallback
 .text.HAL_TIMEx_BreakCallback
                0x0000000008006f3c       0x10 ./Drivers/STM32G0xx_HAL_Driver/Src/stm32g0xx_hal_tim_ex.o
                0x0000000008006f3c                HAL_TIMEx_BreakCallback
 .text.HAL_TIMEx_Break2Callback
                0x0000000008006f4c       0x10 ./Drivers/STM32G0xx_HAL_Driver/Src/stm32g0xx_hal_tim_ex.o
                0x0000000008006f4c                HAL_TIMEx_Break2Callback
 .text.HAL_UART_Init
                0x0000000008006f5c       0xac ./Drivers/STM32G0xx_HAL_Driver/Src/stm32g0xx_hal_uart.o
                0x0000000008006f5c                HAL_UART_Init
 .text.HAL_UART_Transmit
                0x0000000008007008      0x156 ./Drivers/STM32G0xx_HAL_Driver/Src/stm32g0xx_hal_uart.o
                0x0000000008007008                HAL_UART_Transmit
 *fill*         0x000000000800715e        0x2 
 .text.HAL_UART_Receive_IT
                0x0000000008007160       0xd4 ./Drivers/STM32G0xx_HAL_Driver/Src/stm32g0xx_hal_uart.o
                0x0000000008007160                HAL_UART_Receive_IT
 .text.HAL_UART_IRQHandler
                0x0000000008007234      0x634 ./Drivers/STM32G0xx_HAL_Driver/Src/stm32g0xx_hal_uart.o
                0x0000000008007234                HAL_UART_IRQHandler
 .text.HAL_UART_TxCpltCallback
                0x0000000008007868       0x10 ./Drivers/STM32G0xx_HAL_Driver/Src/stm32g0xx_hal_uart.o
                0x0000000008007868                HAL_UART_TxCpltCallback
 .text.HAL_UART_ErrorCallback
                0x0000000008007878       0x10 ./Drivers/STM32G0xx_HAL_Driver/Src/stm32g0xx_hal_uart.o
                0x0000000008007878                HAL_UART_ErrorCallback
 .text.HAL_UARTEx_RxEventCallback
                0x0000000008007888       0x16 ./Drivers/STM32G0xx_HAL_Driver/Src/stm32g0xx_hal_uart.o
                0x0000000008007888                HAL_UARTEx_RxEventCallback
 *fill*         0x000000000800789e        0x2 
 .text.UART_SetConfig
                0x00000000080078a0      0x5bc ./Drivers/STM32G0xx_HAL_Driver/Src/stm32g0xx_hal_uart.o
                0x00000000080078a0                UART_SetConfig
 .text.UART_AdvFeatureConfig
                0x0000000008007e5c      0x168 ./Drivers/STM32G0xx_HAL_Driver/Src/stm32g0xx_hal_uart.o
                0x0000000008007e5c                UART_AdvFeatureConfig
 .text.UART_CheckIdleState
                0x0000000008007fc4       0x94 ./Drivers/STM32G0xx_HAL_Driver/Src/stm32g0xx_hal_uart.o
                0x0000000008007fc4                UART_CheckIdleState
 .text.UART_WaitOnFlagUntilTimeout
                0x0000000008008058      0x190 ./Drivers/STM32G0xx_HAL_Driver/Src/stm32g0xx_hal_uart.o
                0x0000000008008058                UART_WaitOnFlagUntilTimeout
 .text.UART_Start_Receive_IT
                0x00000000080081e8      0x218 ./Drivers/STM32G0xx_HAL_Driver/Src/stm32g0xx_hal_uart.o
                0x00000000080081e8                UART_Start_Receive_IT
 .text.UART_EndRxTransfer
                0x0000000008008400       0xcc ./Drivers/STM32G0xx_HAL_Driver/Src/stm32g0xx_hal_uart.o
 .text.UART_DMAAbortOnError
                0x00000000080084cc       0x2e ./Drivers/STM32G0xx_HAL_Driver/Src/stm32g0xx_hal_uart.o
 .text.UART_EndTransmit_IT
                0x00000000080084fa       0x58 ./Drivers/STM32G0xx_HAL_Driver/Src/stm32g0xx_hal_uart.o
 *fill*         0x0000000008008552        0x2 
 .text.UART_RxISR_8BIT
                0x0000000008008554      0x16c ./Drivers/STM32G0xx_HAL_Driver/Src/stm32g0xx_hal_uart.o
 .text.UART_RxISR_16BIT
                0x00000000080086c0      0x16c ./Drivers/STM32G0xx_HAL_Driver/Src/stm32g0xx_hal_uart.o
 .text.UART_RxISR_8BIT_FIFOEN
                0x000000000800882c      0x2e4 ./Drivers/STM32G0xx_HAL_Driver/Src/stm32g0xx_hal_uart.o
 .text.UART_RxISR_16BIT_FIFOEN
                0x0000000008008b10      0x2e4 ./Drivers/STM32G0xx_HAL_Driver/Src/stm32g0xx_hal_uart.o
 .text.HAL_UARTEx_WakeupCallback
                0x0000000008008df4       0x10 ./Drivers/STM32G0xx_HAL_Driver/Src/stm32g0xx_hal_uart_ex.o
                0x0000000008008df4                HAL_UARTEx_WakeupCallback
 .text.HAL_UARTEx_RxFifoFullCallback
                0x0000000008008e04       0x10 ./Drivers/STM32G0xx_HAL_Driver/Src/stm32g0xx_hal_uart_ex.o
                0x0000000008008e04                HAL_UARTEx_RxFifoFullCallback
 .text.HAL_UARTEx_TxFifoEmptyCallback
                0x0000000008008e14       0x10 ./Drivers/STM32G0xx_HAL_Driver/Src/stm32g0xx_hal_uart_ex.o
                0x0000000008008e14                HAL_UARTEx_TxFifoEmptyCallback
 .text.HAL_UARTEx_DisableFifoMode
                0x0000000008008e24       0x74 ./Drivers/STM32G0xx_HAL_Driver/Src/stm32g0xx_hal_uart_ex.o
                0x0000000008008e24                HAL_UARTEx_DisableFifoMode
 .text.HAL_UARTEx_SetTxFifoThreshold
                0x0000000008008e98       0x7e ./Drivers/STM32G0xx_HAL_Driver/Src/stm32g0xx_hal_uart_ex.o
                0x0000000008008e98                HAL_UARTEx_SetTxFifoThreshold
 *fill*         0x0000000008008f16        0x2 
 .text.HAL_UARTEx_SetRxFifoThreshold
                0x0000000008008f18       0x84 ./Drivers/STM32G0xx_HAL_Driver/Src/stm32g0xx_hal_uart_ex.o
                0x0000000008008f18                HAL_UARTEx_SetRxFifoThreshold
 .text.UARTEx_SetNbDataToProcess
                0x0000000008008f9c       0xbc ./Drivers/STM32G0xx_HAL_Driver/Src/stm32g0xx_hal_uart_ex.o
 .text.atol     0x0000000008009058        0xc c:/st/stm32cubeide_1.5.0/stm32cubeide/plugins/com.st.stm32cube.ide.mcu.externaltools.gnu-tools-for-stm32.9-2020-q2-update.win32_2.0.0.202105311346/tools/bin/../lib/gcc/arm-none-eabi/9.3.1/../../../../arm-none-eabi/lib/thumb/v6-m/nofp\libc_nano.a(lib_a-atol.o)
                0x0000000008009058                atol
 .text.__errno  0x0000000008009064        0xc c:/st/stm32cubeide_1.5.0/stm32cubeide/plugins/com.st.stm32cube.ide.mcu.externaltools.gnu-tools-for-stm32.9-2020-q2-update.win32_2.0.0.202105311346/tools/bin/../lib/gcc/arm-none-eabi/9.3.1/../../../../arm-none-eabi/lib/thumb/v6-m/nofp\libc_nano.a(lib_a-errno.o)
                0x0000000008009064                __errno
 .text.__libc_init_array
                0x0000000008009070       0x48 c:/st/stm32cubeide_1.5.0/stm32cubeide/plugins/com.st.stm32cube.ide.mcu.externaltools.gnu-tools-for-stm32.9-2020-q2-update.win32_2.0.0.202105311346/tools/bin/../lib/gcc/arm-none-eabi/9.3.1/../../../../arm-none-eabi/lib/thumb/v6-m/nofp\libc_nano.a(lib_a-init.o)
                0x0000000008009070                __libc_init_array
 .text.memcpy   0x00000000080090b8       0x12 c:/st/stm32cubeide_1.5.0/stm32cubeide/plugins/com.st.stm32cube.ide.mcu.externaltools.gnu-tools-for-stm32.9-2020-q2-update.win32_2.0.0.202105311346/tools/bin/../lib/gcc/arm-none-eabi/9.3.1/../../../../arm-none-eabi/lib/thumb/v6-m/nofp\libc_nano.a(lib_a-memcpy-stub.o)
                0x00000000080090b8                memcpy
 .text.memset   0x00000000080090ca       0x10 c:/st/stm32cubeide_1.5.0/stm32cubeide/plugins/com.st.stm32cube.ide.mcu.externaltools.gnu-tools-for-stm32.9-2020-q2-update.win32_2.0.0.202105311346/tools/bin/../lib/gcc/arm-none-eabi/9.3.1/../../../../arm-none-eabi/lib/thumb/v6-m/nofp\libc_nano.a(lib_a-memset.o)
                0x00000000080090ca                memset
 *fill*         0x00000000080090da        0x2 
 .text.snprintf
                0x00000000080090dc       0x68 c:/st/stm32cubeide_1.5.0/stm32cubeide/plugins/com.st.stm32cube.ide.mcu.externaltools.gnu-tools-for-stm32.9-2020-q2-update.win32_2.0.0.202105311346/tools/bin/../lib/gcc/arm-none-eabi/9.3.1/../../../../arm-none-eabi/lib/thumb/v6-m/nofp\libc_nano.a(lib_a-snprintf.o)
                0x00000000080090dc                sniprintf
                0x00000000080090dc                snprintf
 .text.sprintf  0x0000000008009144       0x40 c:/st/stm32cubeide_1.5.0/stm32cubeide/plugins/com.st.stm32cube.ide.mcu.externaltools.gnu-tools-for-stm32.9-2020-q2-update.win32_2.0.0.202105311346/tools/bin/../lib/gcc/arm-none-eabi/9.3.1/../../../../arm-none-eabi/lib/thumb/v6-m/nofp\libc_nano.a(lib_a-sprintf.o)
                0x0000000008009144                siprintf
                0x0000000008009144                sprintf
 .text.strcpy   0x0000000008009184       0x10 c:/st/stm32cubeide_1.5.0/stm32cubeide/plugins/com.st.stm32cube.ide.mcu.externaltools.gnu-tools-for-stm32.9-2020-q2-update.win32_2.0.0.202105311346/tools/bin/../lib/gcc/arm-none-eabi/9.3.1/../../../../arm-none-eabi/lib/thumb/v6-m/nofp\libc_nano.a(lib_a-strcpy.o)
                0x0000000008009184                strcpy
 .text.strncpy  0x0000000008009194       0x28 c:/st/stm32cubeide_1.5.0/stm32cubeide/plugins/com.st.stm32cube.ide.mcu.externaltools.gnu-tools-for-stm32.9-2020-q2-update.win32_2.0.0.202105311346/tools/bin/../lib/gcc/arm-none-eabi/9.3.1/../../../../arm-none-eabi/lib/thumb/v6-m/nofp\libc_nano.a(lib_a-strncpy.o)
                0x0000000008009194                strncpy
 .text._strtol_l.isra.0
                0x00000000080091bc      0x11c c:/st/stm32cubeide_1.5.0/stm32cubeide/plugins/com.st.stm32cube.ide.mcu.externaltools.gnu-tools-for-stm32.9-2020-q2-update.win32_2.0.0.202105311346/tools/bin/../lib/gcc/arm-none-eabi/9.3.1/../../../../arm-none-eabi/lib/thumb/v6-m/nofp\libc_nano.a(lib_a-strtol.o)
 .text.strtol   0x00000000080092d8       0x18 c:/st/stm32cubeide_1.5.0/stm32cubeide/plugins/com.st.stm32cube.ide.mcu.externaltools.gnu-tools-for-stm32.9-2020-q2-update.win32_2.0.0.202105311346/tools/bin/../lib/gcc/arm-none-eabi/9.3.1/../../../../arm-none-eabi/lib/thumb/v6-m/nofp\libc_nano.a(lib_a-strtol.o)
                0x00000000080092d8                strtol
 .text.__ssputs_r
                0x00000000080092f0       0xc4 c:/st/stm32cubeide_1.5.0/stm32cubeide/plugins/com.st.stm32cube.ide.mcu.externaltools.gnu-tools-for-stm32.9-2020-q2-update.win32_2.0.0.202105311346/tools/bin/../lib/gcc/arm-none-eabi/9.3.1/../../../../arm-none-eabi/lib/thumb/v6-m/nofp\libc_nano.a(lib_a-nano-svfprintf.o)
                0x00000000080092f0                __ssputs_r
 .text._svfprintf_r
                0x00000000080093b4      0x200 c:/st/stm32cubeide_1.5.0/stm32cubeide/plugins/com.st.stm32cube.ide.mcu.externaltools.gnu-tools-for-stm32.9-2020-q2-update.win32_2.0.0.202105311346/tools/bin/../lib/gcc/arm-none-eabi/9.3.1/../../../../arm-none-eabi/lib/thumb/v6-m/nofp\libc_nano.a(lib_a-nano-svfprintf.o)
                0x00000000080093b4                _svfiprintf_r
                0x00000000080093b4                _svfprintf_r
 .text._printf_common
                0x00000000080095b4       0xde c:/st/stm32cubeide_1.5.0/stm32cubeide/plugins/com.st.stm32cube.ide.mcu.externaltools.gnu-tools-for-stm32.9-2020-q2-update.win32_2.0.0.202105311346/tools/bin/../lib/gcc/arm-none-eabi/9.3.1/../../../../arm-none-eabi/lib/thumb/v6-m/nofp\libc_nano.a(lib_a-nano-vfprintf_i.o)
                0x00000000080095b4                _printf_common
 *fill*         0x0000000008009692        0x2 
 .text._printf_i
                0x0000000008009694      0x224 c:/st/stm32cubeide_1.5.0/stm32cubeide/plugins/com.st.stm32cube.ide.mcu.externaltools.gnu-tools-for-stm32.9-2020-q2-update.win32_2.0.0.202105311346/tools/bin/../lib/gcc/arm-none-eabi/9.3.1/../../../../arm-none-eabi/lib/thumb/v6-m/nofp\libc_nano.a(lib_a-nano-vfprintf_i.o)
                0x0000000008009694                _printf_i
 .text.memchr   0x00000000080098b8       0x16 c:/st/stm32cubeide_1.5.0/stm32cubeide/plugins/com.st.stm32cube.ide.mcu.externaltools.gnu-tools-for-stm32.9-2020-q2-update.win32_2.0.0.202105311346/tools/bin/../lib/gcc/arm-none-eabi/9.3.1/../../../../arm-none-eabi/lib/thumb/v6-m/nofp\libc_nano.a(lib_a-memchr-stub.o)
                0x00000000080098b8                memchr
 .text.memmove  0x00000000080098ce       0x26 c:/st/stm32cubeide_1.5.0/stm32cubeide/plugins/com.st.stm32cube.ide.mcu.externaltools.gnu-tools-for-stm32.9-2020-q2-update.win32_2.0.0.202105311346/tools/bin/../lib/gcc/arm-none-eabi/9.3.1/../../../../arm-none-eabi/lib/thumb/v6-m/nofp\libc_nano.a(lib_a-memmove.o)
                0x00000000080098ce                memmove
 .text._free_r  0x00000000080098f4       0x94 c:/st/stm32cubeide_1.5.0/stm32cubeide/plugins/com.st.stm32cube.ide.mcu.externaltools.gnu-tools-for-stm32.9-2020-q2-update.win32_2.0.0.202105311346/tools/bin/../lib/gcc/arm-none-eabi/9.3.1/../../../../arm-none-eabi/lib/thumb/v6-m/nofp\libc_nano.a(lib_a-nano-freer.o)
                0x00000000080098f4                _free_r
 .text._malloc_r
                0x0000000008009988       0xbc c:/st/stm32cubeide_1.5.0/stm32cubeide/plugins/com.st.stm32cube.ide.mcu.externaltools.gnu-tools-for-stm32.9-2020-q2-update.win32_2.0.0.202105311346/tools/bin/../lib/gcc/arm-none-eabi/9.3.1/../../../../arm-none-eabi/lib/thumb/v6-m/nofp\libc_nano.a(lib_a-nano-mallocr.o)
                0x0000000008009988                _malloc_r
 .text._realloc_r
                0x0000000008009a44       0x4c c:/st/stm32cubeide_1.5.0/stm32cubeide/plugins/com.st.stm32cube.ide.mcu.externaltools.gnu-tools-for-stm32.9-2020-q2-update.win32_2.0.0.202105311346/tools/bin/../lib/gcc/arm-none-eabi/9.3.1/../../../../arm-none-eabi/lib/thumb/v6-m/nofp\libc_nano.a(lib_a-nano-reallocr.o)
                0x0000000008009a44                _realloc_r
 .text._sbrk_r  0x0000000008009a90       0x24 c:/st/stm32cubeide_1.5.0/stm32cubeide/plugins/com.st.stm32cube.ide.mcu.externaltools.gnu-tools-for-stm32.9-2020-q2-update.win32_2.0.0.202105311346/tools/bin/../lib/gcc/arm-none-eabi/9.3.1/../../../../arm-none-eabi/lib/thumb/v6-m/nofp\libc_nano.a(lib_a-sbrkr.o)
                0x0000000008009a90                _sbrk_r
 .text.__malloc_lock
                0x0000000008009ab4       0x10 c:/st/stm32cubeide_1.5.0/stm32cubeide/plugins/com.st.stm32cube.ide.mcu.externaltools.gnu-tools-for-stm32.9-2020-q2-update.win32_2.0.0.202105311346/tools/bin/../lib/gcc/arm-none-eabi/9.3.1/../../../../arm-none-eabi/lib/thumb/v6-m/nofp\libc_nano.a(lib_a-mlock.o)
                0x0000000008009ab4                __malloc_lock
 .text.__malloc_unlock
                0x0000000008009ac4       0x10 c:/st/stm32cubeide_1.5.0/stm32cubeide/plugins/com.st.stm32cube.ide.mcu.externaltools.gnu-tools-for-stm32.9-2020-q2-update.win32_2.0.0.202105311346/tools/bin/../lib/gcc/arm-none-eabi/9.3.1/../../../../arm-none-eabi/lib/thumb/v6-m/nofp\libc_nano.a(lib_a-mlock.o)
                0x0000000008009ac4                __malloc_unlock
 .text._malloc_usable_size_r
                0x0000000008009ad4       0x10 c:/st/stm32cubeide_1.5.0/stm32cubeide/plugins/com.st.stm32cube.ide.mcu.externaltools.gnu-tools-for-stm32.9-2020-q2-update.win32_2.0.0.202105311346/tools/bin/../lib/gcc/arm-none-eabi/9.3.1/../../../../arm-none-eabi/lib/thumb/v6-m/nofp\libc_nano.a(lib_a-nano-msizer.o)
                0x0000000008009ad4                _malloc_usable_size_r
 .text.__retarget_lock_acquire_recursive
                0x0000000008009ae4        0x2 c:/st/stm32cubeide_1.5.0/stm32cubeide/plugins/com.st.stm32cube.ide.mcu.externaltools.gnu-tools-for-stm32.9-2020-q2-update.win32_2.0.0.202105311346/tools/bin/../lib/gcc/arm-none-eabi/9.3.1/../../../../arm-none-eabi/lib/thumb/v6-m/nofp\libc_nano.a(lib_a-lock.o)
                0x0000000008009ae4                __retarget_lock_acquire_recursive
 .text.__retarget_lock_release_recursive
                0x0000000008009ae6        0x2 c:/st/stm32cubeide_1.5.0/stm32cubeide/plugins/com.st.stm32cube.ide.mcu.externaltools.gnu-tools-for-stm32.9-2020-q2-update.win32_2.0.0.202105311346/tools/bin/../lib/gcc/arm-none-eabi/9.3.1/../../../../arm-none-eabi/lib/thumb/v6-m/nofp\libc_nano.a(lib_a-lock.o)
                0x0000000008009ae6                __retarget_lock_release_recursive
 *(.glue_7)
 .glue_7        0x0000000008009ae8        0x0 linker stubs
 *(.glue_7t)
 .glue_7t       0x0000000008009ae8        0x0 linker stubs
 *(.eh_frame)
 .eh_frame      0x0000000008009ae8        0x0 c:/st/stm32cubeide_1.5.0/stm32cubeide/plugins/com.st.stm32cube.ide.mcu.externaltools.gnu-tools-for-stm32.9-2020-q2-update.win32_2.0.0.202105311346/tools/bin/../lib/gcc/arm-none-eabi/9.3.1/thumb/v6-m/nofp/crtbegin.o
 *(.init)
 .init          0x0000000008009ae8        0x4 c:/st/stm32cubeide_1.5.0/stm32cubeide/plugins/com.st.stm32cube.ide.mcu.externaltools.gnu-tools-for-stm32.9-2020-q2-update.win32_2.0.0.202105311346/tools/bin/../lib/gcc/arm-none-eabi/9.3.1/thumb/v6-m/nofp/crti.o
                0x0000000008009ae8                _init
 .init          0x0000000008009aec        0x8 c:/st/stm32cubeide_1.5.0/stm32cubeide/plugins/com.st.stm32cube.ide.mcu.externaltools.gnu-tools-for-stm32.9-2020-q2-update.win32_2.0.0.202105311346/tools/bin/../lib/gcc/arm-none-eabi/9.3.1/thumb/v6-m/nofp/crtn.o
 *(.fini)
 .fini          0x0000000008009af4        0x4 c:/st/stm32cubeide_1.5.0/stm32cubeide/plugins/com.st.stm32cube.ide.mcu.externaltools.gnu-tools-for-stm32.9-2020-q2-update.win32_2.0.0.202105311346/tools/bin/../lib/gcc/arm-none-eabi/9.3.1/thumb/v6-m/nofp/crti.o
                0x0000000008009af4                _fini
 .fini          0x0000000008009af8        0x8 c:/st/stm32cubeide_1.5.0/stm32cubeide/plugins/com.st.stm32cube.ide.mcu.externaltools.gnu-tools-for-stm32.9-2020-q2-update.win32_2.0.0.202105311346/tools/bin/../lib/gcc/arm-none-eabi/9.3.1/thumb/v6-m/nofp/crtn.o
                0x0000000008009b00                . = ALIGN (0x4)
                0x0000000008009b00                _etext = .

.vfp11_veneer   0x0000000008009b00        0x0
 .vfp11_veneer  0x0000000008009b00        0x0 linker stubs

.v4_bx          0x0000000008009b00        0x0
 .v4_bx         0x0000000008009b00        0x0 linker stubs

.iplt           0x0000000008009b00        0x0
 .iplt          0x0000000008009b00        0x0 c:/st/stm32cubeide_1.5.0/stm32cubeide/plugins/com.st.stm32cube.ide.mcu.externaltools.gnu-tools-for-stm32.9-2020-q2-update.win32_2.0.0.202105311346/tools/bin/../lib/gcc/arm-none-eabi/9.3.1/thumb/v6-m/nofp/crtbegin.o

.rodata         0x0000000008009b00      0x918
                0x0000000008009b00                . = ALIGN (0x4)
 *(.rodata)
 .rodata        0x0000000008009b00        0x3 ./Core/Src/SX1280Driver/SX1280.o
 *fill*         0x0000000008009b03        0x1 
 .rodata        0x0000000008009b04       0x60 ./Core/Src/TinyGPSPlus/TinyGPS.o
 .rodata        0x0000000008009b64       0x33 ./Core/Src/gps.o
 *fill*         0x0000000008009b97        0x1 
 .rodata        0x0000000008009b98       0x2b ./Core/Src/transmission.o
 *(.rodata*)
 *fill*         0x0000000008009bc3        0x1 
 .rodata.FHSSfreqs
                0x0000000008009bc4      0x140 ./Core/Src/FHSS/FHSS.o
                0x0000000008009bc4                FHSSfreqs
 .rodata.FHSS_SEQUENCE_CNT
                0x0000000008009d04        0x1 ./Core/Src/FHSS/FHSS.o
                0x0000000008009d04                FHSS_SEQUENCE_CNT
 *fill*         0x0000000008009d05        0x3 
 .rodata._ZL9crc32_tab
                0x0000000008009d08      0x400 ./Core/Src/FHSS/crc.o
 .rodata._ZN12SX1280Driver7SetModeE28SX1280_RadioOperatingModes_t
                0x000000000800a108       0x20 ./Core/Src/SX1280Driver/SX1280.o
 .rodata._ZN11TinyGPSPlus6encodeEc
                0x000000000800a128       0x8c ./Core/Src/TinyGPSPlus/TinyGPS.o
 .rodata._ZN11TinyGPSPlus16endOfTermHandlerEv
                0x000000000800a1b4       0xa8 ./Core/Src/TinyGPSPlus/TinyGPS.o
 .rodata.AHBPrescTable
                0x000000000800a25c       0x40 ./Core/Src/system_stm32g0xx.o
                0x000000000800a25c                AHBPrescTable
 .rodata.APBPrescTable
                0x000000000800a29c       0x20 ./Core/Src/system_stm32g0xx.o
                0x000000000800a29c                APBPrescTable
 .rodata.UARTPrescTable
                0x000000000800a2bc       0x18 ./Drivers/STM32G0xx_HAL_Driver/Src/stm32g0xx_hal_uart.o
                0x000000000800a2bc                UARTPrescTable
 .rodata.numerator.8078
                0x000000000800a2d4        0x8 ./Drivers/STM32G0xx_HAL_Driver/Src/stm32g0xx_hal_uart_ex.o
 .rodata.denominator.8079
                0x000000000800a2dc        0x8 ./Drivers/STM32G0xx_HAL_Driver/Src/stm32g0xx_hal_uart_ex.o
 .rodata._ctype_
                0x000000000800a2e4      0x101 c:/st/stm32cubeide_1.5.0/stm32cubeide/plugins/com.st.stm32cube.ide.mcu.externaltools.gnu-tools-for-stm32.9-2020-q2-update.win32_2.0.0.202105311346/tools/bin/../lib/gcc/arm-none-eabi/9.3.1/../../../../arm-none-eabi/lib/thumb/v6-m/nofp\libc_nano.a(lib_a-ctype_.o)
                0x000000000800a2e4                _ctype_
 .rodata._svfprintf_r.str1.1
                0x000000000800a3e5       0x11 c:/st/stm32cubeide_1.5.0/stm32cubeide/plugins/com.st.stm32cube.ide.mcu.externaltools.gnu-tools-for-stm32.9-2020-q2-update.win32_2.0.0.202105311346/tools/bin/../lib/gcc/arm-none-eabi/9.3.1/../../../../arm-none-eabi/lib/thumb/v6-m/nofp\libc_nano.a(lib_a-nano-svfprintf.o)
 .rodata._printf_i.str1.1
                0x000000000800a3f6       0x22 c:/st/stm32cubeide_1.5.0/stm32cubeide/plugins/com.st.stm32cube.ide.mcu.externaltools.gnu-tools-for-stm32.9-2020-q2-update.win32_2.0.0.202105311346/tools/bin/../lib/gcc/arm-none-eabi/9.3.1/../../../../arm-none-eabi/lib/thumb/v6-m/nofp\libc_nano.a(lib_a-nano-vfprintf_i.o)
                0x000000000800a418                . = ALIGN (0x4)

.ARM.extab      0x000000000800a418        0x0
                0x000000000800a418                . = ALIGN (0x4)
 *(.ARM.extab* .gnu.linkonce.armextab.*)
                0x000000000800a418                . = ALIGN (0x4)

.ARM            0x000000000800a418        0x8
                0x000000000800a418                . = ALIGN (0x4)
                0x000000000800a418                __exidx_start = .
 *(.ARM.exidx*)
 .ARM.exidx     0x000000000800a418        0x8 c:/st/stm32cubeide_1.5.0/stm32cubeide/plugins/com.st.stm32cube.ide.mcu.externaltools.gnu-tools-for-stm32.9-2020-q2-update.win32_2.0.0.202105311346/tools/bin/../lib/gcc/arm-none-eabi/9.3.1/thumb/v6-m/nofp\libgcc.a(_udivmoddi4.o)
                0x000000000800a420                __exidx_end = .
                0x000000000800a420                . = ALIGN (0x4)

.rel.dyn        0x000000000800a420        0x0
 .rel.iplt      0x000000000800a420        0x0 c:/st/stm32cubeide_1.5.0/stm32cubeide/plugins/com.st.stm32cube.ide.mcu.externaltools.gnu-tools-for-stm32.9-2020-q2-update.win32_2.0.0.202105311346/tools/bin/../lib/gcc/arm-none-eabi/9.3.1/thumb/v6-m/nofp/crtbegin.o

.preinit_array  0x000000000800a420        0x0
                0x000000000800a420                . = ALIGN (0x4)
                0x000000000800a420                PROVIDE (__preinit_array_start = .)
 *(.preinit_array*)
                0x000000000800a420                PROVIDE (__preinit_array_end = .)
                0x000000000800a420                . = ALIGN (0x4)

.init_array     0x000000000800a420       0x14
                0x000000000800a420                . = ALIGN (0x4)
                0x000000000800a420                PROVIDE (__init_array_start = .)
 *(SORT_BY_NAME(.init_array.*))
 *(.init_array*)
 .init_array    0x000000000800a420        0x4 c:/st/stm32cubeide_1.5.0/stm32cubeide/plugins/com.st.stm32cube.ide.mcu.externaltools.gnu-tools-for-stm32.9-2020-q2-update.win32_2.0.0.202105311346/tools/bin/../lib/gcc/arm-none-eabi/9.3.1/thumb/v6-m/nofp/crtbegin.o
 .init_array    0x000000000800a424        0x4 ./Core/Src/SX1280Driver/SX1280.o
 .init_array    0x000000000800a428        0x4 ./Core/Src/common.o
 .init_array    0x000000000800a42c        0x4 ./Core/Src/gps.o
 .init_array    0x000000000800a430        0x4 ./Core/Src/transmission.o
                0x000000000800a434                PROVIDE (__init_array_end = .)
                0x000000000800a434                . = ALIGN (0x4)

.fini_array     0x000000000800a434        0x4
                0x000000000800a434                . = ALIGN (0x4)
                [!provide]                        PROVIDE (__fini_array_start = .)
 *(SORT_BY_NAME(.fini_array.*))
 *(.fini_array*)
 .fini_array    0x000000000800a434        0x4 c:/st/stm32cubeide_1.5.0/stm32cubeide/plugins/com.st.stm32cube.ide.mcu.externaltools.gnu-tools-for-stm32.9-2020-q2-update.win32_2.0.0.202105311346/tools/bin/../lib/gcc/arm-none-eabi/9.3.1/thumb/v6-m/nofp/crtbegin.o
                [!provide]                        PROVIDE (__fini_array_end = .)
                0x000000000800a438                . = ALIGN (0x4)
                0x000000000800a438                _sidata = LOADADDR (.data)

.data           0x0000000020000000       0xb4 load address 0x000000000800a438
                0x0000000020000000                . = ALIGN (0x4)
                0x0000000020000000                _sdata = .
 *(.data)
 *(.data*)
 .data.ExpressLRS_AirRateConfig
                0x0000000020000000       0x40 ./Core/Src/common.o
                0x0000000020000000                ExpressLRS_AirRateConfig
 .data.connectionState
                0x0000000020000040        0x1 ./Core/Src/common.o
                0x0000000020000040                connectionState
 *fill*         0x0000000020000041        0x3 
 .data.SystemCoreClock
                0x0000000020000044        0x4 ./Core/Src/system_stm32g0xx.o
                0x0000000020000044                SystemCoreClock
 .data.uwTickPrio
                0x0000000020000048        0x4 ./Drivers/STM32G0xx_HAL_Driver/Src/stm32g0xx_hal.o
                0x0000000020000048                uwTickPrio
 .data.uwTickFreq
                0x000000002000004c        0x1 ./Drivers/STM32G0xx_HAL_Driver/Src/stm32g0xx_hal.o
                0x000000002000004c                uwTickFreq
 *fill*         0x000000002000004d        0x3 
 .data._impure_ptr
                0x0000000020000050        0x4 c:/st/stm32cubeide_1.5.0/stm32cubeide/plugins/com.st.stm32cube.ide.mcu.externaltools.gnu-tools-for-stm32.9-2020-q2-update.win32_2.0.0.202105311346/tools/bin/../lib/gcc/arm-none-eabi/9.3.1/../../../../arm-none-eabi/lib/thumb/v6-m/nofp\libc_nano.a(lib_a-impure.o)
                0x0000000020000050                _impure_ptr
 .data.impure_data
                0x0000000020000054       0x60 c:/st/stm32cubeide_1.5.0/stm32cubeide/plugins/com.st.stm32cube.ide.mcu.externaltools.gnu-tools-for-stm32.9-2020-q2-update.win32_2.0.0.202105311346/tools/bin/../lib/gcc/arm-none-eabi/9.3.1/../../../../arm-none-eabi/lib/thumb/v6-m/nofp\libc_nano.a(lib_a-impure.o)
 *(.RamFunc)
 *(.RamFunc*)
                0x00000000200000b4                . = ALIGN (0x4)
                0x00000000200000b4                _edata = .

.igot.plt       0x00000000200000b4        0x0 load address 0x000000000800a4ec
 .igot.plt      0x00000000200000b4        0x0 c:/st/stm32cubeide_1.5.0/stm32cubeide/plugins/com.st.stm32cube.ide.mcu.externaltools.gnu-tools-for-stm32.9-2020-q2-update.win32_2.0.0.202105311346/tools/bin/../lib/gcc/arm-none-eabi/9.3.1/thumb/v6-m/nofp/crtbegin.o
                0x00000000200000b4                . = ALIGN (0x4)

.bss            0x00000000200000b4      0x43c load address 0x000000000800a4ec
                0x00000000200000b4                _sbss = .
                0x00000000200000b4                __bss_start__ = _sbss
 *(.bss)
 .bss           0x00000000200000b4       0x1c c:/st/stm32cubeide_1.5.0/stm32cubeide/plugins/com.st.stm32cube.ide.mcu.externaltools.gnu-tools-for-stm32.9-2020-q2-update.win32_2.0.0.202105311346/tools/bin/../lib/gcc/arm-none-eabi/9.3.1/thumb/v6-m/nofp/crtbegin.o
 *(.bss*)
 .bss.FHSSsequence
                0x00000000200000d0       0x14 ./Core/Src/FHSS/FHSS.o
                0x00000000200000d0                FHSSsequence
 .bss.FHSSptr   0x00000000200000e4        0x1 ./Core/Src/FHSS/FHSS.o
                0x00000000200000e4                FHSSptr
 *fill*         0x00000000200000e5        0x3 
 .bss.sync_channel
                0x00000000200000e8        0x4 ./Core/Src/FHSS/FHSS.o
                0x00000000200000e8                sync_channel
 .bss._ZL4seed  0x00000000200000ec        0x4 ./Core/Src/FHSS/random.o
 .bss.hal       0x00000000200000f0        0x1 ./Core/Src/SX1280Driver/SX1280.o
                0x00000000200000f0                hal
 *fill*         0x00000000200000f1        0x3 
 .bss._ZN12SX1280Driver8instanceE
                0x00000000200000f4        0x4 ./Core/Src/SX1280Driver/SX1280.o
                0x00000000200000f4                SX1280Driver::instance
 .bss._ZN9SX1280Hal8instanceE
                0x00000000200000f8        0x4 ./Core/Src/SX1280Driver/SX1280_hal.o
                0x00000000200000f8                SX1280Hal::instance
 .bss.OutBuffer
                0x00000000200000fc       0x40 ./Core/Src/SX1280Driver/SX1280_hal.o
                0x00000000200000fc                OutBuffer
 .bss.Radio     0x000000002000013c       0x38 ./Core/Src/common.o
                0x000000002000013c                Radio
 .bss.ExpressLRS_currAirRate_Modparams
                0x0000000020000174        0x4 ./Core/Src/common.o
                0x0000000020000174                ExpressLRS_currAirRate_Modparams
 .bss.gps       0x0000000020000178       0xd8 ./Core/Src/gps.o
                0x0000000020000178                gps
 .bss.c         0x0000000020000250        0x1 ./Core/Src/gps.o
                0x0000000020000250                c
 *fill*         0x0000000020000251        0x3 
 .bss._ZL12last_package
                0x0000000020000254        0x4 ./Core/Src/gps.o
 .bss.hadc1     0x0000000020000258       0x64 ./Core/Src/main.o
                0x0000000020000258                hadc1
 .bss.hspi1     0x00000000200002bc       0x64 ./Core/Src/main.o
                0x00000000200002bc                hspi1
 .bss.htim2     0x0000000020000320       0x4c ./Core/Src/main.o
                0x0000000020000320                htim2
 .bss.huart1    0x000000002000036c       0x90 ./Core/Src/main.o
                0x000000002000036c                huart1
 .bss.huart2    0x00000000200003fc       0x90 ./Core/Src/main.o
                0x00000000200003fc                huart2
 .bss.__sbrk_heap_end
                0x000000002000048c        0x4 ./Core/Src/sysmem.o
 .bss.busyTransmitting
                0x0000000020000490        0x1 ./Core/Src/transmission.o
                0x0000000020000490                busyTransmitting
 *fill*         0x0000000020000491        0x3 
 .bss.LQCalc    0x0000000020000494        0xc ./Core/Src/transmission.o
                0x0000000020000494                LQCalc
 .bss._ZL17transmission_mode
                0x00000000200004a0        0x1 ./Core/Src/transmission.o
 *fill*         0x00000000200004a1        0x3 
 .bss.timeout   0x00000000200004a4        0x4 ./Core/Src/transmission.o
                0x00000000200004a4                timeout
 .bss.link_crc  0x00000000200004a8        0x4 ./Core/Src/transmission.o
                0x00000000200004a8                link_crc
 .bss.link_xor  0x00000000200004ac        0x1 ./Core/Src/transmission.o
                0x00000000200004ac                link_xor
 *fill*         0x00000000200004ad        0x3 
 .bss.t         0x00000000200004b0        0x4 ./Core/Src/transmission.o
                0x00000000200004b0                t
 .bss.data      0x00000000200004b4       0x1e ./Core/Src/transmission.o
                0x00000000200004b4                data
 *fill*         0x00000000200004d2        0x2 
 .bss.__malloc_free_list
                0x00000000200004d4        0x4 c:/st/stm32cubeide_1.5.0/stm32cubeide/plugins/com.st.stm32cube.ide.mcu.externaltools.gnu-tools-for-stm32.9-2020-q2-update.win32_2.0.0.202105311346/tools/bin/../lib/gcc/arm-none-eabi/9.3.1/../../../../arm-none-eabi/lib/thumb/v6-m/nofp\libc_nano.a(lib_a-nano-mallocr.o)
                0x00000000200004d4                __malloc_free_list
 .bss.__malloc_sbrk_start
                0x00000000200004d8        0x4 c:/st/stm32cubeide_1.5.0/stm32cubeide/plugins/com.st.stm32cube.ide.mcu.externaltools.gnu-tools-for-stm32.9-2020-q2-update.win32_2.0.0.202105311346/tools/bin/../lib/gcc/arm-none-eabi/9.3.1/../../../../arm-none-eabi/lib/thumb/v6-m/nofp\libc_nano.a(lib_a-nano-mallocr.o)
                0x00000000200004d8                __malloc_sbrk_start
 *(COMMON)
 COMMON         0x00000000200004dc        0x4 ./Drivers/STM32G0xx_HAL_Driver/Src/stm32g0xx_hal.o
                0x00000000200004dc                uwTick
 COMMON         0x00000000200004e0        0x4 c:/st/stm32cubeide_1.5.0/stm32cubeide/plugins/com.st.stm32cube.ide.mcu.externaltools.gnu-tools-for-stm32.9-2020-q2-update.win32_2.0.0.202105311346/tools/bin/../lib/gcc/arm-none-eabi/9.3.1/../../../../arm-none-eabi/lib/thumb/v6-m/nofp\libc_nano.a(lib_a-reent.o)
                0x00000000200004e0                errno
 COMMON         0x00000000200004e4        0x9 c:/st/stm32cubeide_1.5.0/stm32cubeide/plugins/com.st.stm32cube.ide.mcu.externaltools.gnu-tools-for-stm32.9-2020-q2-update.win32_2.0.0.202105311346/tools/bin/../lib/gcc/arm-none-eabi/9.3.1/../../../../arm-none-eabi/lib/thumb/v6-m/nofp\libc_nano.a(lib_a-lock.o)
                0x00000000200004e4                __lock___atexit_recursive_mutex
                0x00000000200004e5                __lock___arc4random_mutex
                0x00000000200004e6                __lock___env_recursive_mutex
                0x00000000200004e7                __lock___sinit_recursive_mutex
                0x00000000200004e8                __lock___malloc_recursive_mutex
                0x00000000200004e9                __lock___at_quick_exit_mutex
                0x00000000200004ea                __lock___dd_hash_mutex
                0x00000000200004eb                __lock___tz_mutex
                0x00000000200004ec                __lock___sfp_recursive_mutex
                0x00000000200004f0                . = ALIGN (0x4)
 *fill*         0x00000000200004ed        0x3 
                0x00000000200004f0                _ebss = .
                0x00000000200004f0                __bss_end__ = _ebss

._user_heap_stack
                0x00000000200004f0      0x600 load address 0x000000000800a4ec
                0x00000000200004f0                . = ALIGN (0x8)
                [!provide]                        PROVIDE (end = .)
                0x00000000200004f0                PROVIDE (_end = .)
                0x00000000200006f0                . = (. + _Min_Heap_Size)
 *fill*         0x00000000200004f0      0x200 
                0x0000000020000af0                . = (. + _Min_Stack_Size)
 *fill*         0x00000000200006f0      0x400 
                0x0000000020000af0                . = ALIGN (0x8)

/DISCARD/
 libc.a(*)
 libm.a(*)
 libgcc.a(*)

.ARM.attributes
                0x0000000000000000       0x28
 *(.ARM.attributes)
 .ARM.attributes
                0x0000000000000000       0x1e c:/st/stm32cubeide_1.5.0/stm32cubeide/plugins/com.st.stm32cube.ide.mcu.externaltools.gnu-tools-for-stm32.9-2020-q2-update.win32_2.0.0.202105311346/tools/bin/../lib/gcc/arm-none-eabi/9.3.1/thumb/v6-m/nofp/crti.o
 .ARM.attributes
                0x000000000000001e       0x2c c:/st/stm32cubeide_1.5.0/stm32cubeide/plugins/com.st.stm32cube.ide.mcu.externaltools.gnu-tools-for-stm32.9-2020-q2-update.win32_2.0.0.202105311346/tools/bin/../lib/gcc/arm-none-eabi/9.3.1/thumb/v6-m/nofp/crtbegin.o
 .ARM.attributes
                0x000000000000004a       0x2c ./Core/Src/FHSS/FHSS.o
 .ARM.attributes
                0x0000000000000076       0x2c ./Core/Src/FHSS/crc.o
 .ARM.attributes
                0x00000000000000a2       0x2c ./Core/Src/FHSS/random.o
 .ARM.attributes
                0x00000000000000ce       0x2c ./Core/Src/SX1280Driver/SX1280.o
 .ARM.attributes
                0x00000000000000fa       0x2c ./Core/Src/SX1280Driver/SX1280_hal.o
 .ARM.attributes
                0x0000000000000126       0x2c ./Core/Src/TinyGPSPlus/TinyGPS.o
 .ARM.attributes
                0x0000000000000152       0x2c ./Core/Src/common.o
 .ARM.attributes
                0x000000000000017e       0x2c ./Core/Src/gps.o
 .ARM.attributes
                0x00000000000001aa       0x2c ./Core/Src/main.o
 .ARM.attributes
                0x00000000000001d6       0x2c ./Core/Src/stm32g0xx_hal_msp.o
 .ARM.attributes
                0x0000000000000202       0x2c ./Core/Src/stm32g0xx_it.o
 .ARM.attributes
                0x000000000000022e       0x2c ./Core/Src/sysmem.o
 .ARM.attributes
                0x000000000000025a       0x2c ./Core/Src/system_stm32g0xx.o
 .ARM.attributes
                0x0000000000000286       0x2c ./Core/Src/transmission.o
 .ARM.attributes
                0x00000000000002b2       0x22 ./Core/Startup/startup_stm32g071gbux.o
 .ARM.attributes
                0x00000000000002d4       0x2c ./Drivers/STM32G0xx_HAL_Driver/Src/stm32g0xx_hal.o
 .ARM.attributes
                0x0000000000000300       0x2c ./Drivers/STM32G0xx_HAL_Driver/Src/stm32g0xx_hal_adc.o
 .ARM.attributes
                0x000000000000032c       0x2c ./Drivers/STM32G0xx_HAL_Driver/Src/stm32g0xx_hal_cortex.o
 .ARM.attributes
                0x0000000000000358       0x2c ./Drivers/STM32G0xx_HAL_Driver/Src/stm32g0xx_hal_dma.o
 .ARM.attributes
                0x0000000000000384       0x2c ./Drivers/STM32G0xx_HAL_Driver/Src/stm32g0xx_hal_gpio.o
 .ARM.attributes
                0x00000000000003b0       0x2c ./Drivers/STM32G0xx_HAL_Driver/Src/stm32g0xx_hal_pwr_ex.o
 .ARM.attributes
                0x00000000000003dc       0x2c ./Drivers/STM32G0xx_HAL_Driver/Src/stm32g0xx_hal_rcc.o
 .ARM.attributes
                0x0000000000000408       0x2c ./Drivers/STM32G0xx_HAL_Driver/Src/stm32g0xx_hal_rcc_ex.o
 .ARM.attributes
                0x0000000000000434       0x2c ./Drivers/STM32G0xx_HAL_Driver/Src/stm32g0xx_hal_spi.o
 .ARM.attributes
                0x0000000000000460       0x2c ./Drivers/STM32G0xx_HAL_Driver/Src/stm32g0xx_hal_tim.o
 .ARM.attributes
                0x000000000000048c       0x2c ./Drivers/STM32G0xx_HAL_Driver/Src/stm32g0xx_hal_tim_ex.o
 .ARM.attributes
                0x00000000000004b8       0x2c ./Drivers/STM32G0xx_HAL_Driver/Src/stm32g0xx_hal_uart.o
 .ARM.attributes
                0x00000000000004e4       0x2c ./Drivers/STM32G0xx_HAL_Driver/Src/stm32g0xx_hal_uart_ex.o
 .ARM.attributes
                0x0000000000000510       0x2c c:/st/stm32cubeide_1.5.0/stm32cubeide/plugins/com.st.stm32cube.ide.mcu.externaltools.gnu-tools-for-stm32.9-2020-q2-update.win32_2.0.0.202105311346/tools/bin/../lib/gcc/arm-none-eabi/9.3.1/../../../../arm-none-eabi/lib/thumb/v6-m/nofp\libc_nano.a(lib_a-atol.o)
 .ARM.attributes
                0x000000000000053c       0x2c c:/st/stm32cubeide_1.5.0/stm32cubeide/plugins/com.st.stm32cube.ide.mcu.externaltools.gnu-tools-for-stm32.9-2020-q2-update.win32_2.0.0.202105311346/tools/bin/../lib/gcc/arm-none-eabi/9.3.1/../../../../arm-none-eabi/lib/thumb/v6-m/nofp\libc_nano.a(lib_a-errno.o)
 .ARM.attributes
                0x0000000000000568       0x2c c:/st/stm32cubeide_1.5.0/stm32cubeide/plugins/com.st.stm32cube.ide.mcu.externaltools.gnu-tools-for-stm32.9-2020-q2-update.win32_2.0.0.202105311346/tools/bin/../lib/gcc/arm-none-eabi/9.3.1/../../../../arm-none-eabi/lib/thumb/v6-m/nofp\libc_nano.a(lib_a-impure.o)
 .ARM.attributes
                0x0000000000000594       0x2c c:/st/stm32cubeide_1.5.0/stm32cubeide/plugins/com.st.stm32cube.ide.mcu.externaltools.gnu-tools-for-stm32.9-2020-q2-update.win32_2.0.0.202105311346/tools/bin/../lib/gcc/arm-none-eabi/9.3.1/../../../../arm-none-eabi/lib/thumb/v6-m/nofp\libc_nano.a(lib_a-init.o)
 .ARM.attributes
                0x00000000000005c0       0x2c c:/st/stm32cubeide_1.5.0/stm32cubeide/plugins/com.st.stm32cube.ide.mcu.externaltools.gnu-tools-for-stm32.9-2020-q2-update.win32_2.0.0.202105311346/tools/bin/../lib/gcc/arm-none-eabi/9.3.1/../../../../arm-none-eabi/lib/thumb/v6-m/nofp\libc_nano.a(lib_a-memcpy-stub.o)
 .ARM.attributes
                0x00000000000005ec       0x2c c:/st/stm32cubeide_1.5.0/stm32cubeide/plugins/com.st.stm32cube.ide.mcu.externaltools.gnu-tools-for-stm32.9-2020-q2-update.win32_2.0.0.202105311346/tools/bin/../lib/gcc/arm-none-eabi/9.3.1/../../../../arm-none-eabi/lib/thumb/v6-m/nofp\libc_nano.a(lib_a-memset.o)
 .ARM.attributes
                0x0000000000000618       0x2c c:/st/stm32cubeide_1.5.0/stm32cubeide/plugins/com.st.stm32cube.ide.mcu.externaltools.gnu-tools-for-stm32.9-2020-q2-update.win32_2.0.0.202105311346/tools/bin/../lib/gcc/arm-none-eabi/9.3.1/../../../../arm-none-eabi/lib/thumb/v6-m/nofp\libc_nano.a(lib_a-snprintf.o)
 .ARM.attributes
                0x0000000000000644       0x2c c:/st/stm32cubeide_1.5.0/stm32cubeide/plugins/com.st.stm32cube.ide.mcu.externaltools.gnu-tools-for-stm32.9-2020-q2-update.win32_2.0.0.202105311346/tools/bin/../lib/gcc/arm-none-eabi/9.3.1/../../../../arm-none-eabi/lib/thumb/v6-m/nofp\libc_nano.a(lib_a-sprintf.o)
 .ARM.attributes
                0x0000000000000670       0x1c c:/st/stm32cubeide_1.5.0/stm32cubeide/plugins/com.st.stm32cube.ide.mcu.externaltools.gnu-tools-for-stm32.9-2020-q2-update.win32_2.0.0.202105311346/tools/bin/../lib/gcc/arm-none-eabi/9.3.1/../../../../arm-none-eabi/lib/thumb/v6-m/nofp\libc_nano.a(lib_a-strcmp.o)
 .ARM.attributes
                0x000000000000068c       0x2c c:/st/stm32cubeide_1.5.0/stm32cubeide/plugins/com.st.stm32cube.ide.mcu.externaltools.gnu-tools-for-stm32.9-2020-q2-update.win32_2.0.0.202105311346/tools/bin/../lib/gcc/arm-none-eabi/9.3.1/../../../../arm-none-eabi/lib/thumb/v6-m/nofp\libc_nano.a(lib_a-strcpy.o)
 .ARM.attributes
                0x00000000000006b8       0x2c c:/st/stm32cubeide_1.5.0/stm32cubeide/plugins/com.st.stm32cube.ide.mcu.externaltools.gnu-tools-for-stm32.9-2020-q2-update.win32_2.0.0.202105311346/tools/bin/../lib/gcc/arm-none-eabi/9.3.1/../../../../arm-none-eabi/lib/thumb/v6-m/nofp\libc_nano.a(lib_a-strncpy.o)
 .ARM.attributes
                0x00000000000006e4       0x2c c:/st/stm32cubeide_1.5.0/stm32cubeide/plugins/com.st.stm32cube.ide.mcu.externaltools.gnu-tools-for-stm32.9-2020-q2-update.win32_2.0.0.202105311346/tools/bin/../lib/gcc/arm-none-eabi/9.3.1/../../../../arm-none-eabi/lib/thumb/v6-m/nofp\libc_nano.a(lib_a-strtol.o)
 .ARM.attributes
                0x0000000000000710       0x2c c:/st/stm32cubeide_1.5.0/stm32cubeide/plugins/com.st.stm32cube.ide.mcu.externaltools.gnu-tools-for-stm32.9-2020-q2-update.win32_2.0.0.202105311346/tools/bin/../lib/gcc/arm-none-eabi/9.3.1/../../../../arm-none-eabi/lib/thumb/v6-m/nofp\libc_nano.a(lib_a-ctype_.o)
 .ARM.attributes
                0x000000000000073c       0x2c c:/st/stm32cubeide_1.5.0/stm32cubeide/plugins/com.st.stm32cube.ide.mcu.externaltools.gnu-tools-for-stm32.9-2020-q2-update.win32_2.0.0.202105311346/tools/bin/../lib/gcc/arm-none-eabi/9.3.1/../../../../arm-none-eabi/lib/thumb/v6-m/nofp\libc_nano.a(lib_a-nano-svfprintf.o)
 .ARM.attributes
                0x0000000000000768       0x2c c:/st/stm32cubeide_1.5.0/stm32cubeide/plugins/com.st.stm32cube.ide.mcu.externaltools.gnu-tools-for-stm32.9-2020-q2-update.win32_2.0.0.202105311346/tools/bin/../lib/gcc/arm-none-eabi/9.3.1/../../../../arm-none-eabi/lib/thumb/v6-m/nofp\libc_nano.a(lib_a-nano-vfprintf_i.o)
 .ARM.attributes
                0x0000000000000794       0x2c c:/st/stm32cubeide_1.5.0/stm32cubeide/plugins/com.st.stm32cube.ide.mcu.externaltools.gnu-tools-for-stm32.9-2020-q2-update.win32_2.0.0.202105311346/tools/bin/../lib/gcc/arm-none-eabi/9.3.1/../../../../arm-none-eabi/lib/thumb/v6-m/nofp\libc_nano.a(lib_a-memchr-stub.o)
 .ARM.attributes
                0x00000000000007c0       0x2c c:/st/stm32cubeide_1.5.0/stm32cubeide/plugins/com.st.stm32cube.ide.mcu.externaltools.gnu-tools-for-stm32.9-2020-q2-update.win32_2.0.0.202105311346/tools/bin/../lib/gcc/arm-none-eabi/9.3.1/../../../../arm-none-eabi/lib/thumb/v6-m/nofp\libc_nano.a(lib_a-memmove.o)
 .ARM.attributes
                0x00000000000007ec       0x2c c:/st/stm32cubeide_1.5.0/stm32cubeide/plugins/com.st.stm32cube.ide.mcu.externaltools.gnu-tools-for-stm32.9-2020-q2-update.win32_2.0.0.202105311346/tools/bin/../lib/gcc/arm-none-eabi/9.3.1/../../../../arm-none-eabi/lib/thumb/v6-m/nofp\libc_nano.a(lib_a-nano-freer.o)
 .ARM.attributes
                0x0000000000000818       0x2c c:/st/stm32cubeide_1.5.0/stm32cubeide/plugins/com.st.stm32cube.ide.mcu.externaltools.gnu-tools-for-stm32.9-2020-q2-update.win32_2.0.0.202105311346/tools/bin/../lib/gcc/arm-none-eabi/9.3.1/../../../../arm-none-eabi/lib/thumb/v6-m/nofp\libc_nano.a(lib_a-nano-mallocr.o)
 .ARM.attributes
                0x0000000000000844       0x2c c:/st/stm32cubeide_1.5.0/stm32cubeide/plugins/com.st.stm32cube.ide.mcu.externaltools.gnu-tools-for-stm32.9-2020-q2-update.win32_2.0.0.202105311346/tools/bin/../lib/gcc/arm-none-eabi/9.3.1/../../../../arm-none-eabi/lib/thumb/v6-m/nofp\libc_nano.a(lib_a-nano-reallocr.o)
 .ARM.attributes